
*** Running vivado
    with args -log c_shift_ram_3.vds -m64 -product Vivado -mode batch -messageDb vivado.pb -notrace -source c_shift_ram_3.tcl


****** Vivado v2025.2 (64-bit)
  **** SW Build 6299465 on Fri Nov 14 12:34:56 MST 2025
  **** IP Build 6300035 on Fri Nov 14 10:48:45 MST 2025
  **** SharedData Build 6298862 on Thu Nov 13 04:50:51 MST 2025
  **** Start of session at: Mon May  4 17:47:35 2026
    ** Copyright 1986-2022 Xilinx, Inc. All Rights Reserved.
    ** Copyright 2022-2025 Advanced Micro Devices, Inc. All Rights Reserved.

source c_shift_ram_3.tcl -notrace
create_project: Time (s): cpu = 00:00:19 ; elapsed = 00:00:05 . Memory (MB): peak = 1635.484 ; gain = 196.148 ; free physical = 11004 ; free virtual = 68133
Command: synth_design -top c_shift_ram_3 -part xc7a35tcsg324-1 -incremental_mode off -mode out_of_context
Starting synth_design
Attempting to get a license for feature 'Synthesis' and/or device 'xc7a35t'
INFO: [Common 17-349] Got license for feature 'Synthesis' and/or device 'xc7a35t'
INFO: [Device 21-403] Loading part xc7a35tcsg324-1
INFO: [Synth 8-7079] Multithreading enabled for synth_design using a maximum of 7 processes.
INFO: [Synth 8-7078] Launching helper process for spawning children vivado processes
INFO: [Synth 8-7075] Helper process launched with PID 133666
---------------------------------------------------------------------------------
Starting RTL Elaboration : Time (s): cpu = 00:00:06 ; elapsed = 00:00:07 . Memory (MB): peak = 2194.164 ; gain = 483.188 ; free physical = 5835 ; free virtual = 62966
---------------------------------------------------------------------------------
INFO: [Synth 8-638] synthesizing module 'c_shift_ram_3' [/data/claude_sandbox/CRYSTALS-Kyber/Crystals-kyber/Crystals-kyber.gen/sources_1/ip/c_shift_ram_3/synth/c_shift_ram_3.vhd:67]
	Parameter C_XDEVICEFAMILY bound to: artix7 - type: string 
	Parameter C_VERBOSITY bound to: 0 - type: integer 
	Parameter C_WIDTH bound to: 6 - type: integer 
	Parameter C_DEPTH bound to: 10 - type: integer 
	Parameter C_ADDR_WIDTH bound to: 4 - type: integer 
	Parameter C_SHIFT_TYPE bound to: 0 - type: integer 
	Parameter C_OPT_GOAL bound to: 0 - type: integer 
	Parameter C_AINIT_VAL bound to: 000000 - type: string 
	Parameter C_SINIT_VAL bound to: 000000 - type: string 
	Parameter C_DEFAULT_DATA bound to: 000000 - type: string 
	Parameter C_HAS_A bound to: 0 - type: integer 
	Parameter C_HAS_CE bound to: 0 - type: integer 
	Parameter C_REG_LAST_BIT bound to: 1 - type: integer 
	Parameter C_SYNC_PRIORITY bound to: 1 - type: integer 
	Parameter C_SYNC_ENABLE bound to: 0 - type: integer 
	Parameter C_HAS_SCLR bound to: 0 - type: integer 
	Parameter C_HAS_SSET bound to: 0 - type: integer 
	Parameter C_HAS_SINIT bound to: 0 - type: integer 
	Parameter C_MEM_INIT_FILE bound to: no_coe_file_loaded - type: string 
	Parameter C_ELABORATION_DIR bound to: ./ - type: string 
	Parameter C_READ_MIF bound to: 0 - type: integer 
	Parameter C_PARSER_TYPE bound to: 0 - type: integer 
INFO: [Synth 8-3491] module 'c_shift_ram_v12_0_20' declared at '/data/claude_sandbox/CRYSTALS-Kyber/Crystals-kyber/Crystals-kyber.gen/sources_1/ip/c_shift_ram_3/hdl/c_shift_ram_v12_0_vh_rfs.vhd:2634' bound to instance 'U0' of component 'c_shift_ram_v12_0_20' [/data/claude_sandbox/CRYSTALS-Kyber/Crystals-kyber/Crystals-kyber.gen/sources_1/ip/c_shift_ram_3/synth/c_shift_ram_3.vhd:126]
INFO: [Synth 8-256] done synthesizing module 'c_shift_ram_3' (0#1) [/data/claude_sandbox/CRYSTALS-Kyber/Crystals-kyber/Crystals-kyber.gen/sources_1/ip/c_shift_ram_3/synth/c_shift_ram_3.vhd:67]
INFO: [Synth 8-7129] Port a[3] in module c_shift_ram_v12_0_20_legacy is either unconnected or has no load
INFO: [Synth 8-7129] Port a[2] in module c_shift_ram_v12_0_20_legacy is either unconnected or has no load
INFO: [Synth 8-7129] Port a[1] in module c_shift_ram_v12_0_20_legacy is either unconnected or has no load
INFO: [Synth 8-7129] Port a[0] in module c_shift_ram_v12_0_20_legacy is either unconnected or has no load
INFO: [Synth 8-7129] Port ce in module c_shift_ram_v12_0_20_legacy is either unconnected or has no load
INFO: [Synth 8-7129] Port aclr in module c_shift_ram_v12_0_20_legacy is either unconnected or has no load
INFO: [Synth 8-7129] Port aset in module c_shift_ram_v12_0_20_legacy is either unconnected or has no load
INFO: [Synth 8-7129] Port ainit in module c_shift_ram_v12_0_20_legacy is either unconnected or has no load
INFO: [Synth 8-7129] Port sclr in module c_shift_ram_v12_0_20_legacy is either unconnected or has no load
INFO: [Synth 8-7129] Port sset in module c_shift_ram_v12_0_20_legacy is either unconnected or has no load
INFO: [Synth 8-7129] Port sinit in module c_shift_ram_v12_0_20_legacy is either unconnected or has no load
---------------------------------------------------------------------------------
Finished RTL Elaboration : Time (s): cpu = 00:00:09 ; elapsed = 00:00:10 . Memory (MB): peak = 2295.133 ; gain = 584.156 ; free physical = 4277 ; free virtual = 61410
---------------------------------------------------------------------------------
---------------------------------------------------------------------------------
Start Handling Custom Attributes
---------------------------------------------------------------------------------
---------------------------------------------------------------------------------
Finished Handling Custom Attributes : Time (s): cpu = 00:00:09 ; elapsed = 00:00:10 . Memory (MB): peak = 2309.977 ; gain = 599.000 ; free physical = 4245 ; free virtual = 61379
---------------------------------------------------------------------------------
---------------------------------------------------------------------------------
Finished RTL Optimization Phase 1 : Time (s): cpu = 00:00:09 ; elapsed = 00:00:10 . Memory (MB): peak = 2309.977 ; gain = 599.000 ; free physical = 4245 ; free virtual = 61379
---------------------------------------------------------------------------------
Netlist sorting complete. Time (s): cpu = 00:00:00.01 ; elapsed = 00:00:00 . Memory (MB): peak = 2309.977 ; gain = 0.000 ; free physical = 4245 ; free virtual = 61379
INFO: [Project 1-570] Preparing netlist for logic optimization

Processing XDC Constraints
Initializing timing engine
Parsing XDC File [/data/claude_sandbox/CRYSTALS-Kyber/Crystals-kyber/Crystals-kyber.gen/sources_1/ip/c_shift_ram_3/c_shift_ram_3_ooc.xdc] for cell 'U0'
Finished Parsing XDC File [/data/claude_sandbox/CRYSTALS-Kyber/Crystals-kyber/Crystals-kyber.gen/sources_1/ip/c_shift_ram_3/c_shift_ram_3_ooc.xdc] for cell 'U0'
Parsing XDC File [/data/claude_sandbox/CRYSTALS-Kyber/Crystals-kyber/Crystals-kyber.runs/c_shift_ram_3_synth_1/dont_touch.xdc]
Finished Parsing XDC File [/data/claude_sandbox/CRYSTALS-Kyber/Crystals-kyber/Crystals-kyber.runs/c_shift_ram_3_synth_1/dont_touch.xdc]
Completed Processing XDC Constraints

Netlist sorting complete. Time (s): cpu = 00:00:00 ; elapsed = 00:00:00 . Memory (MB): peak = 2419.715 ; gain = 0.000 ; free physical = 3419 ; free virtual = 60552
INFO: [Project 1-111] Unisim Transformation Summary:
No Unisim elements were transformed.

Constraint Validation Runtime : Time (s): cpu = 00:00:00.02 ; elapsed = 00:00:00.02 . Memory (MB): peak = 2419.750 ; gain = 0.000 ; free physical = 3388 ; free virtual = 60521
INFO: [Designutils 20-5008] Incremental synthesis strategy off
---------------------------------------------------------------------------------
Finished Constraint Validation : Time (s): cpu = 00:00:18 ; elapsed = 00:00:19 . Memory (MB): peak = 2419.750 ; gain = 708.773 ; free physical = 2910 ; free virtual = 60065
---------------------------------------------------------------------------------
---------------------------------------------------------------------------------
Start Loading Part and Timing Information
---------------------------------------------------------------------------------
Loading part: xc7a35tcsg324-1
---------------------------------------------------------------------------------
Finished Loading Part and Timing Information : Time (s): cpu = 00:00:18 ; elapsed = 00:00:19 . Memory (MB): peak = 2427.719 ; gain = 716.742 ; free physical = 2910 ; free virtual = 60065
---------------------------------------------------------------------------------
---------------------------------------------------------------------------------
Start Applying 'set_property' XDC Constraints
---------------------------------------------------------------------------------
---------------------------------------------------------------------------------
Finished applying 'set_property' XDC Constraints : Time (s): cpu = 00:00:18 ; elapsed = 00:00:19 . Memory (MB): peak = 2427.719 ; gain = 716.742 ; free physical = 2902 ; free virtual = 60058
---------------------------------------------------------------------------------
---------------------------------------------------------------------------------
Finished RTL Optimization Phase 2 : Time (s): cpu = 00:00:18 ; elapsed = 00:00:20 . Memory (MB): peak = 2427.719 ; gain = 716.742 ; free physical = 2885 ; free virtual = 60041
---------------------------------------------------------------------------------
---------------------------------------------------------------------------------
Start RTL Component Statistics 
---------------------------------------------------------------------------------
---------------------------------------------------------------------------------
Finished RTL Component Statistics 
---------------------------------------------------------------------------------
---------------------------------------------------------------------------------
Start Part Resource Summary
---------------------------------------------------------------------------------
Part Resources:
DSPs: 90 (col length:60)
BRAMs: 100 (col length: RAMB18 60 RAMB36 30)
---------------------------------------------------------------------------------
Finished Part Resource Summary
---------------------------------------------------------------------------------
---------------------------------------------------------------------------------
Start Cross Boundary and Area Optimization
---------------------------------------------------------------------------------
INFO: [Synth 8-7129] Port a[3] in module c_shift_ram_v12_0_20_legacy is either unconnected or has no load
INFO: [Synth 8-7129] Port a[2] in module c_shift_ram_v12_0_20_legacy is either unconnected or has no load
INFO: [Synth 8-7129] Port a[1] in module c_shift_ram_v12_0_20_legacy is either unconnected or has no load
INFO: [Synth 8-7129] Port a[0] in module c_shift_ram_v12_0_20_legacy is either unconnected or has no load
INFO: [Synth 8-7129] Port ce in module c_shift_ram_v12_0_20_legacy is either unconnected or has no load
INFO: [Synth 8-7129] Port aclr in module c_shift_ram_v12_0_20_legacy is either unconnected or has no load
INFO: [Synth 8-7129] Port aset in module c_shift_ram_v12_0_20_legacy is either unconnected or has no load
INFO: [Synth 8-7129] Port ainit in module c_shift_ram_v12_0_20_legacy is either unconnected or has no load
INFO: [Synth 8-7129] Port sclr in module c_shift_ram_v12_0_20_legacy is either unconnected or has no load
INFO: [Synth 8-7129] Port sset in module c_shift_ram_v12_0_20_legacy is either unconnected or has no load
INFO: [Synth 8-7129] Port sinit in module c_shift_ram_v12_0_20_legacy is either unconnected or has no load
---------------------------------------------------------------------------------
Finished Cross Boundary and Area Optimization : Time (s): cpu = 00:00:20 ; elapsed = 00:00:22 . Memory (MB): peak = 2427.719 ; gain = 716.742 ; free physical = 2764 ; free virtual = 59925
---------------------------------------------------------------------------------
---------------------------------------------------------------------------------
Start Applying XDC Timing Constraints
---------------------------------------------------------------------------------
---------------------------------------------------------------------------------
Finished Applying XDC Timing Constraints : Time (s): cpu = 00:00:27 ; elapsed = 00:00:28 . Memory (MB): peak = 2442.719 ; gain = 731.742 ; free physical = 2067 ; free virtual = 59229
---------------------------------------------------------------------------------
---------------------------------------------------------------------------------
Start Timing Optimization
---------------------------------------------------------------------------------
---------------------------------------------------------------------------------
Finished Timing Optimization : Time (s): cpu = 00:00:27 ; elapsed = 00:00:28 . Memory (MB): peak = 2442.719 ; gain = 731.742 ; free physical = 2067 ; free virtual = 59229
---------------------------------------------------------------------------------
---------------------------------------------------------------------------------
Start Technology Mapping
---------------------------------------------------------------------------------
---------------------------------------------------------------------------------
Finished Technology Mapping : Time (s): cpu = 00:00:27 ; elapsed = 00:00:28 . Memory (MB): peak = 2452.742 ; gain = 741.766 ; free physical = 2059 ; free virtual = 59221
---------------------------------------------------------------------------------
---------------------------------------------------------------------------------
Start IO Insertion
---------------------------------------------------------------------------------
---------------------------------------------------------------------------------
Start Flattening Before IO Insertion
---------------------------------------------------------------------------------
---------------------------------------------------------------------------------
Finished Flattening Before IO Insertion
---------------------------------------------------------------------------------
---------------------------------------------------------------------------------
Start Final Netlist Cleanup
---------------------------------------------------------------------------------
---------------------------------------------------------------------------------
Finished Final Netlist Cleanup
---------------------------------------------------------------------------------
---------------------------------------------------------------------------------
Finished IO Insertion : Time (s): cpu = 00:00:34 ; elapsed = 00:00:35 . Memory (MB): peak = 2639.555 ; gain = 928.578 ; free physical = 944 ; free virtual = 58142
---------------------------------------------------------------------------------
---------------------------------------------------------------------------------
Start Renaming Generated Instances
---------------------------------------------------------------------------------
---------------------------------------------------------------------------------
Finished Renaming Generated Instances : Time (s): cpu = 00:00:34 ; elapsed = 00:00:35 . Memory (MB): peak = 2639.555 ; gain = 928.578 ; free physical = 944 ; free virtual = 58142
---------------------------------------------------------------------------------
---------------------------------------------------------------------------------
Start Rebuilding User Hierarchy
---------------------------------------------------------------------------------
---------------------------------------------------------------------------------
Finished Rebuilding User Hierarchy : Time (s): cpu = 00:00:34 ; elapsed = 00:00:35 . Memory (MB): peak = 2639.555 ; gain = 928.578 ; free physical = 944 ; free virtual = 58142
---------------------------------------------------------------------------------
---------------------------------------------------------------------------------
Start Renaming Generated Ports
---------------------------------------------------------------------------------
---------------------------------------------------------------------------------
Finished Renaming Generated Ports : Time (s): cpu = 00:00:34 ; elapsed = 00:00:35 . Memory (MB): peak = 2639.555 ; gain = 928.578 ; free physical = 944 ; free virtual = 58142
---------------------------------------------------------------------------------
---------------------------------------------------------------------------------
Start Handling Custom Attributes
---------------------------------------------------------------------------------
---------------------------------------------------------------------------------
Finished Handling Custom Attributes : Time (s): cpu = 00:00:34 ; elapsed = 00:00:35 . Memory (MB): peak = 2639.555 ; gain = 928.578 ; free physical = 944 ; free virtual = 58142
---------------------------------------------------------------------------------
---------------------------------------------------------------------------------
Start Renaming Generated Nets
---------------------------------------------------------------------------------
---------------------------------------------------------------------------------
Finished Renaming Generated Nets : Time (s): cpu = 00:00:34 ; elapsed = 00:00:35 . Memory (MB): peak = 2639.555 ; gain = 928.578 ; free physical = 944 ; free virtual = 58142
---------------------------------------------------------------------------------
---------------------------------------------------------------------------------
Start Writing Synthesis Report
---------------------------------------------------------------------------------

Report BlackBoxes: 
+-+--------------+----------+
| |BlackBox name |Instances |
+-+--------------+----------+
+-+--------------+----------+

Report Cell Usage: 
+------+-------+------+
|      |Cell   |Count |
+------+-------+------+
|1     |SRL16E |     6|
|2     |FDRE   |    12|
+------+-------+------+
---------------------------------------------------------------------------------
Finished Writing Synthesis Report : Time (s): cpu = 00:00:34 ; elapsed = 00:00:35 . Memory (MB): peak = 2639.555 ; gain = 928.578 ; free physical = 944 ; free virtual = 58142
---------------------------------------------------------------------------------
Synthesis finished with 0 errors, 0 critical warnings and 0 warnings.
Synthesis Optimization Runtime : Time (s): cpu = 00:00:32 ; elapsed = 00:00:33 . Memory (MB): peak = 2639.555 ; gain = 818.805 ; free physical = 934 ; free virtual = 58132
Synthesis Optimization Complete : Time (s): cpu = 00:00:34 ; elapsed = 00:00:36 . Memory (MB): peak = 2639.562 ; gain = 928.578 ; free physical = 925 ; free virtual = 58123
INFO: [Project 1-571] Translating synthesized netlist
Netlist sorting complete. Time (s): cpu = 00:00:00 ; elapsed = 00:00:00 . Memory (MB): peak = 2639.562 ; gain = 0.000 ; free physical = 913 ; free virtual = 58111
INFO: [Project 1-570] Preparing netlist for logic optimization
INFO: [Opt 31-138] Pushed 0 inverter(s) to 0 load pin(s).
Netlist sorting complete. Time (s): cpu = 00:00:00 ; elapsed = 00:00:00 . Memory (MB): peak = 2639.562 ; gain = 0.000 ; free physical = 956 ; free virtual = 58169
INFO: [Project 1-111] Unisim Transformation Summary:
No Unisim elements were transformed.

Synth Design complete | Checksum: f0168c0a
INFO: [Common 17-83] Releasing license: Synthesis
38 Infos, 0 Warnings, 0 Critical Warnings and 0 Errors encountered.
synth_design completed successfully
synth_design: Time (s): cpu = 00:00:43 ; elapsed = 00:00:40 . Memory (MB): peak = 2639.590 ; gain = 1004.105 ; free physical = 942 ; free virtual = 58156
INFO: [Common 17-2834] synth_design peak Physical Memory [PSS] (MB): overall = 1610.142; main = 1527.901; forked = 189.745
INFO: [Common 17-2834] synth_design peak Virtual Memory [VSS] (MB): overall = 3506.637; main = 2639.559; forked = 988.891
Write ShapeDB Complete: Time (s): cpu = 00:00:00 ; elapsed = 00:00:00 . Memory (MB): peak = 2663.566 ; gain = 0.000 ; free physical = 934 ; free virtual = 58147
INFO: [Common 17-1381] The checkpoint '/data/claude_sandbox/CRYSTALS-Kyber/Crystals-kyber/Crystals-kyber.runs/c_shift_ram_3_synth_1/c_shift_ram_3.dcp' has been generated.
INFO: [Coretcl 2-1648] Added synthesis output to IP cache for IP c_shift_ram_3, cache-ID = c03522776d51efde
INFO: [Coretcl 2-1174] Renamed 3 cell refs.
Write ShapeDB Complete: Time (s): cpu = 00:00:00.01 ; elapsed = 00:00:00 . Memory (MB): peak = 2663.566 ; gain = 0.000 ; free physical = 1513 ; free virtual = 58725
INFO: [Common 17-1381] The checkpoint '/data/claude_sandbox/CRYSTALS-Kyber/Crystals-kyber/Crystals-kyber.runs/c_shift_ram_3_synth_1/c_shift_ram_3.dcp' has been generated.
INFO: [Vivado 12-24828] Executing command : report_utilization -file c_shift_ram_3_utilization_synth.rpt -pb c_shift_ram_3_utilization_synth.pb
INFO: [Common 17-206] Exiting Vivado at Mon May  4 17:48:29 2026...
