
*** Running vivado
    with args -log c_shift_ram_4.vds -m64 -product Vivado -mode batch -messageDb vivado.pb -notrace -source c_shift_ram_4.tcl


****** Vivado v2025.2 (64-bit)
  **** SW Build 6299465 on Fri Nov 14 12:34:56 MST 2025
  **** IP Build 6300035 on Fri Nov 14 10:48:45 MST 2025
  **** SharedData Build 6298862 on Thu Nov 13 04:50:51 MST 2025
  **** Start of session at: Thu Apr  9 09:50:11 2026
    ** Copyright 1986-2022 Xilinx, Inc. All Rights Reserved.
    ** Copyright 2022-2025 Advanced Micro Devices, Inc. All Rights Reserved.

source c_shift_ram_4.tcl -notrace
create_project: Time (s): cpu = 00:00:12 ; elapsed = 00:00:05 . Memory (MB): peak = 1612.047 ; gain = 64.055 ; free physical = 9458 ; free virtual = 56078
Command: synth_design -top c_shift_ram_4 -part xc7a12tcpg238-1 -incremental_mode off -mode out_of_context
Starting synth_design
Attempting to get a license for feature 'Synthesis' and/or device 'xc7a12t'
INFO: [Common 17-349] Got license for feature 'Synthesis' and/or device 'xc7a12t'
INFO: [Device 21-403] Loading part xc7a12tcpg238-1
INFO: [Synth 8-7079] Multithreading enabled for synth_design using a maximum of 7 processes.
INFO: [Synth 8-7078] Launching helper process for spawning children vivado processes
INFO: [Synth 8-7075] Helper process launched with PID 598719
---------------------------------------------------------------------------------
Starting RTL Elaboration : Time (s): cpu = 00:00:04 ; elapsed = 00:00:06 . Memory (MB): peak = 2183.531 ; gain = 482.188 ; free physical = 4854 ; free virtual = 51495
---------------------------------------------------------------------------------
INFO: [Synth 8-638] synthesizing module 'c_shift_ram_4' [/home/lincoln/Documents/ECE/470/Kyber/CRYSTALS-Kyber/Crystals-kyber/Crystals-kyber.gen/sources_1/ip/c_shift_ram_4/synth/c_shift_ram_4.vhd:67]
	Parameter C_XDEVICEFAMILY bound to: artix7 - type: string 
	Parameter C_VERBOSITY bound to: 0 - type: integer 
	Parameter C_WIDTH bound to: 8 - type: integer 
	Parameter C_DEPTH bound to: 12 - type: integer 
	Parameter C_ADDR_WIDTH bound to: 4 - type: integer 
	Parameter C_SHIFT_TYPE bound to: 0 - type: integer 
	Parameter C_OPT_GOAL bound to: 0 - type: integer 
	Parameter C_AINIT_VAL bound to: 00000000 - type: string 
	Parameter C_SINIT_VAL bound to: 00000000 - type: string 
	Parameter C_DEFAULT_DATA bound to: 00000000 - type: string 
	Parameter C_HAS_A bound to: 0 - type: integer 
	Parameter C_HAS_CE bound to: 0 - type: integer 
	Parameter C_REG_LAST_BIT bound to: 1 - type: integer 
	Parameter C_SYNC_PRIORITY bound to: 1 - type: integer 
	Parameter C_SYNC_ENABLE bound to: 0 - type: integer 
	Parameter C_HAS_SCLR bound to: 0 - type: integer 
	Parameter C_HAS_SSET bound to: 0 - type: integer 
	Parameter C_HAS_SINIT bound to: 0 - type: integer 
	Parameter C_MEM_INIT_FILE bound to: no_coe_file_loaded - type: string 
	Parameter C_ELABORATION_DIR bound to: ./ - type: string 
	Parameter C_READ_MIF bound to: 0 - type: integer 
	Parameter C_PARSER_TYPE bound to: 0 - type: integer 
INFO: [Synth 8-3491] module 'c_shift_ram_v12_0_20' declared at '/home/lincoln/Documents/ECE/470/Kyber/CRYSTALS-Kyber/Crystals-kyber/Crystals-kyber.gen/sources_1/ip/c_shift_ram_4/hdl/c_shift_ram_v12_0_vh_rfs.vhd:2634' bound to instance 'U0' of component 'c_shift_ram_v12_0_20' [/home/lincoln/Documents/ECE/470/Kyber/CRYSTALS-Kyber/Crystals-kyber/Crystals-kyber.gen/sources_1/ip/c_shift_ram_4/synth/c_shift_ram_4.vhd:126]
INFO: [Synth 8-256] done synthesizing module 'c_shift_ram_4' (0#1) [/home/lincoln/Documents/ECE/470/Kyber/CRYSTALS-Kyber/Crystals-kyber/Crystals-kyber.gen/sources_1/ip/c_shift_ram_4/synth/c_shift_ram_4.vhd:67]
INFO: [Synth 8-7129] Port a[3] in module c_shift_ram_v12_0_20_legacy is either unconnected or has no load
INFO: [Synth 8-7129] Port a[2] in module c_shift_ram_v12_0_20_legacy is either unconnected or has no load
INFO: [Synth 8-7129] Port a[1] in module c_shift_ram_v12_0_20_legacy is either unconnected or has no load
INFO: [Synth 8-7129] Port a[0] in module c_shift_ram_v12_0_20_legacy is either unconnected or has no load
INFO: [Synth 8-7129] Port ce in module c_shift_ram_v12_0_20_legacy is either unconnected or has no load
INFO: [Synth 8-7129] Port aclr in module c_shift_ram_v12_0_20_legacy is either unconnected or has no load
INFO: [Synth 8-7129] Port aset in module c_shift_ram_v12_0_20_legacy is either unconnected or has no load
INFO: [Synth 8-7129] Port ainit in module c_shift_ram_v12_0_20_legacy is either unconnected or has no load
INFO: [Synth 8-7129] Port sclr in module c_shift_ram_v12_0_20_legacy is either unconnected or has no load
INFO: [Synth 8-7129] Port sset in module c_shift_ram_v12_0_20_legacy is either unconnected or has no load
INFO: [Synth 8-7129] Port sinit in module c_shift_ram_v12_0_20_legacy is either unconnected or has no load
---------------------------------------------------------------------------------
Finished RTL Elaboration : Time (s): cpu = 00:00:07 ; elapsed = 00:00:08 . Memory (MB): peak = 2285.469 ; gain = 584.125 ; free physical = 3449 ; free virtual = 50091
---------------------------------------------------------------------------------
---------------------------------------------------------------------------------
Start Handling Custom Attributes
---------------------------------------------------------------------------------
---------------------------------------------------------------------------------
Finished Handling Custom Attributes : Time (s): cpu = 00:00:07 ; elapsed = 00:00:08 . Memory (MB): peak = 2300.312 ; gain = 598.969 ; free physical = 3428 ; free virtual = 50070
---------------------------------------------------------------------------------
---------------------------------------------------------------------------------
Finished RTL Optimization Phase 1 : Time (s): cpu = 00:00:07 ; elapsed = 00:00:08 . Memory (MB): peak = 2300.312 ; gain = 598.969 ; free physical = 3428 ; free virtual = 50070
---------------------------------------------------------------------------------
Netlist sorting complete. Time (s): cpu = 00:00:00 ; elapsed = 00:00:00 . Memory (MB): peak = 2300.312 ; gain = 0.000 ; free physical = 3419 ; free virtual = 50061
INFO: [Project 1-570] Preparing netlist for logic optimization

Processing XDC Constraints
Initializing timing engine
Parsing XDC File [/home/lincoln/Documents/ECE/470/Kyber/CRYSTALS-Kyber/Crystals-kyber/Crystals-kyber.gen/sources_1/ip/c_shift_ram_4/c_shift_ram_4_ooc.xdc] for cell 'U0'
Finished Parsing XDC File [/home/lincoln/Documents/ECE/470/Kyber/CRYSTALS-Kyber/Crystals-kyber/Crystals-kyber.gen/sources_1/ip/c_shift_ram_4/c_shift_ram_4_ooc.xdc] for cell 'U0'
Parsing XDC File [/home/lincoln/Documents/ECE/470/Kyber/CRYSTALS-Kyber/Crystals-kyber/Crystals-kyber.runs/c_shift_ram_4_synth_1/dont_touch.xdc]
Finished Parsing XDC File [/home/lincoln/Documents/ECE/470/Kyber/CRYSTALS-Kyber/Crystals-kyber/Crystals-kyber.runs/c_shift_ram_4_synth_1/dont_touch.xdc]
Completed Processing XDC Constraints

Netlist sorting complete. Time (s): cpu = 00:00:00 ; elapsed = 00:00:00.01 . Memory (MB): peak = 2400.051 ; gain = 0.000 ; free physical = 2502 ; free virtual = 49147
INFO: [Project 1-111] Unisim Transformation Summary:
No Unisim elements were transformed.

Constraint Validation Runtime : Time (s): cpu = 00:00:00.01 ; elapsed = 00:00:00.02 . Memory (MB): peak = 2400.086 ; gain = 0.000 ; free physical = 2515 ; free virtual = 49159
INFO: [Designutils 20-5008] Incremental synthesis strategy off
---------------------------------------------------------------------------------
Finished Constraint Validation : Time (s): cpu = 00:00:13 ; elapsed = 00:00:15 . Memory (MB): peak = 2400.086 ; gain = 698.742 ; free physical = 1433 ; free virtual = 48083
---------------------------------------------------------------------------------
---------------------------------------------------------------------------------
Start Loading Part and Timing Information
---------------------------------------------------------------------------------
Loading part: xc7a12tcpg238-1
---------------------------------------------------------------------------------
Finished Loading Part and Timing Information : Time (s): cpu = 00:00:13 ; elapsed = 00:00:15 . Memory (MB): peak = 2408.055 ; gain = 706.711 ; free physical = 1433 ; free virtual = 48083
---------------------------------------------------------------------------------
---------------------------------------------------------------------------------
Start Applying 'set_property' XDC Constraints
---------------------------------------------------------------------------------
---------------------------------------------------------------------------------
Finished applying 'set_property' XDC Constraints : Time (s): cpu = 00:00:13 ; elapsed = 00:00:15 . Memory (MB): peak = 2408.055 ; gain = 706.711 ; free physical = 1432 ; free virtual = 48083
---------------------------------------------------------------------------------
---------------------------------------------------------------------------------
Finished RTL Optimization Phase 2 : Time (s): cpu = 00:00:14 ; elapsed = 00:00:15 . Memory (MB): peak = 2408.055 ; gain = 706.711 ; free physical = 1392 ; free virtual = 48045
---------------------------------------------------------------------------------
---------------------------------------------------------------------------------
Start RTL Component Statistics 
---------------------------------------------------------------------------------
---------------------------------------------------------------------------------
Finished RTL Component Statistics 
---------------------------------------------------------------------------------
---------------------------------------------------------------------------------
Start Part Resource Summary
---------------------------------------------------------------------------------
Part Resources:
DSPs: 40 (col length:40)
BRAMs: 40 (col length: RAMB18 40 RAMB36 20)
---------------------------------------------------------------------------------
Finished Part Resource Summary
---------------------------------------------------------------------------------
---------------------------------------------------------------------------------
Start Cross Boundary and Area Optimization
---------------------------------------------------------------------------------
INFO: [Synth 8-7129] Port a[3] in module c_shift_ram_v12_0_20_legacy is either unconnected or has no load
INFO: [Synth 8-7129] Port a[2] in module c_shift_ram_v12_0_20_legacy is either unconnected or has no load
INFO: [Synth 8-7129] Port a[1] in module c_shift_ram_v12_0_20_legacy is either unconnected or has no load
INFO: [Synth 8-7129] Port a[0] in module c_shift_ram_v12_0_20_legacy is either unconnected or has no load
INFO: [Synth 8-7129] Port ce in module c_shift_ram_v12_0_20_legacy is either unconnected or has no load
INFO: [Synth 8-7129] Port aclr in module c_shift_ram_v12_0_20_legacy is either unconnected or has no load
INFO: [Synth 8-7129] Port aset in module c_shift_ram_v12_0_20_legacy is either unconnected or has no load
INFO: [Synth 8-7129] Port ainit in module c_shift_ram_v12_0_20_legacy is either unconnected or has no load
INFO: [Synth 8-7129] Port sclr in module c_shift_ram_v12_0_20_legacy is either unconnected or has no load
INFO: [Synth 8-7129] Port sset in module c_shift_ram_v12_0_20_legacy is either unconnected or has no load
INFO: [Synth 8-7129] Port sinit in module c_shift_ram_v12_0_20_legacy is either unconnected or has no load
---------------------------------------------------------------------------------
Finished Cross Boundary and Area Optimization : Time (s): cpu = 00:00:15 ; elapsed = 00:00:16 . Memory (MB): peak = 2408.055 ; gain = 706.711 ; free physical = 1360 ; free virtual = 48027
---------------------------------------------------------------------------------
---------------------------------------------------------------------------------
Start Applying XDC Timing Constraints
---------------------------------------------------------------------------------
---------------------------------------------------------------------------------
Finished Applying XDC Timing Constraints : Time (s): cpu = 00:00:19 ; elapsed = 00:00:21 . Memory (MB): peak = 2433.055 ; gain = 731.711 ; free physical = 1151 ; free virtual = 47831
---------------------------------------------------------------------------------
---------------------------------------------------------------------------------
Start Timing Optimization
---------------------------------------------------------------------------------
---------------------------------------------------------------------------------
Finished Timing Optimization : Time (s): cpu = 00:00:19 ; elapsed = 00:00:21 . Memory (MB): peak = 2433.055 ; gain = 731.711 ; free physical = 1151 ; free virtual = 47831
---------------------------------------------------------------------------------
---------------------------------------------------------------------------------
Start Technology Mapping
---------------------------------------------------------------------------------
---------------------------------------------------------------------------------
Finished Technology Mapping : Time (s): cpu = 00:00:19 ; elapsed = 00:00:21 . Memory (MB): peak = 2443.070 ; gain = 741.727 ; free physical = 1142 ; free virtual = 47821
---------------------------------------------------------------------------------
---------------------------------------------------------------------------------
Start IO Insertion
---------------------------------------------------------------------------------
---------------------------------------------------------------------------------
Start Flattening Before IO Insertion
---------------------------------------------------------------------------------
---------------------------------------------------------------------------------
Finished Flattening Before IO Insertion
---------------------------------------------------------------------------------
---------------------------------------------------------------------------------
Start Final Netlist Cleanup
---------------------------------------------------------------------------------
---------------------------------------------------------------------------------
Finished Final Netlist Cleanup
---------------------------------------------------------------------------------
---------------------------------------------------------------------------------
Finished IO Insertion : Time (s): cpu = 00:00:23 ; elapsed = 00:00:24 . Memory (MB): peak = 2629.883 ; gain = 928.539 ; free physical = 341 ; free virtual = 47081
---------------------------------------------------------------------------------
---------------------------------------------------------------------------------
Start Renaming Generated Instances
---------------------------------------------------------------------------------
---------------------------------------------------------------------------------
Finished Renaming Generated Instances : Time (s): cpu = 00:00:23 ; elapsed = 00:00:24 . Memory (MB): peak = 2629.883 ; gain = 928.539 ; free physical = 341 ; free virtual = 47081
---------------------------------------------------------------------------------
---------------------------------------------------------------------------------
Start Rebuilding User Hierarchy
---------------------------------------------------------------------------------
---------------------------------------------------------------------------------
Finished Rebuilding User Hierarchy : Time (s): cpu = 00:00:23 ; elapsed = 00:00:24 . Memory (MB): peak = 2629.883 ; gain = 928.539 ; free physical = 341 ; free virtual = 47080
---------------------------------------------------------------------------------
---------------------------------------------------------------------------------
Start Renaming Generated Ports
---------------------------------------------------------------------------------
---------------------------------------------------------------------------------
Finished Renaming Generated Ports : Time (s): cpu = 00:00:23 ; elapsed = 00:00:24 . Memory (MB): peak = 2629.883 ; gain = 928.539 ; free physical = 341 ; free virtual = 47080
---------------------------------------------------------------------------------
---------------------------------------------------------------------------------
Start Handling Custom Attributes
---------------------------------------------------------------------------------
---------------------------------------------------------------------------------
Finished Handling Custom Attributes : Time (s): cpu = 00:00:23 ; elapsed = 00:00:24 . Memory (MB): peak = 2629.883 ; gain = 928.539 ; free physical = 341 ; free virtual = 47080
---------------------------------------------------------------------------------
---------------------------------------------------------------------------------
Start Renaming Generated Nets
---------------------------------------------------------------------------------
---------------------------------------------------------------------------------
Finished Renaming Generated Nets : Time (s): cpu = 00:00:23 ; elapsed = 00:00:24 . Memory (MB): peak = 2629.883 ; gain = 928.539 ; free physical = 341 ; free virtual = 47080
---------------------------------------------------------------------------------
---------------------------------------------------------------------------------
Start Writing Synthesis Report
---------------------------------------------------------------------------------

Report BlackBoxes: 
+-+--------------+----------+
| |BlackBox name |Instances |
+-+--------------+----------+
+-+--------------+----------+

Report Cell Usage: 
+------+-------+------+
|      |Cell   |Count |
+------+-------+------+
|1     |SRL16E |     8|
|2     |FDRE   |    16|
+------+-------+------+
---------------------------------------------------------------------------------
Finished Writing Synthesis Report : Time (s): cpu = 00:00:23 ; elapsed = 00:00:24 . Memory (MB): peak = 2629.883 ; gain = 928.539 ; free physical = 341 ; free virtual = 47080
---------------------------------------------------------------------------------
Synthesis finished with 0 errors, 0 critical warnings and 0 warnings.
Synthesis Optimization Runtime : Time (s): cpu = 00:00:21 ; elapsed = 00:00:23 . Memory (MB): peak = 2629.883 ; gain = 828.766 ; free physical = 309 ; free virtual = 47072
Synthesis Optimization Complete : Time (s): cpu = 00:00:23 ; elapsed = 00:00:24 . Memory (MB): peak = 2629.891 ; gain = 928.539 ; free physical = 308 ; free virtual = 47072
INFO: [Project 1-571] Translating synthesized netlist
Netlist sorting complete. Time (s): cpu = 00:00:00 ; elapsed = 00:00:00 . Memory (MB): peak = 2629.891 ; gain = 0.000 ; free physical = 308 ; free virtual = 47083
INFO: [Project 1-570] Preparing netlist for logic optimization
INFO: [Opt 31-138] Pushed 0 inverter(s) to 0 load pin(s).
Netlist sorting complete. Time (s): cpu = 00:00:00 ; elapsed = 00:00:00 . Memory (MB): peak = 2629.891 ; gain = 0.000 ; free physical = 686 ; free virtual = 47399
INFO: [Project 1-111] Unisim Transformation Summary:
No Unisim elements were transformed.

Synth Design complete | Checksum: ff9dcc99
INFO: [Common 17-83] Releasing license: Synthesis
38 Infos, 0 Warnings, 0 Critical Warnings and 0 Errors encountered.
synth_design completed successfully
synth_design: Time (s): cpu = 00:00:30 ; elapsed = 00:00:28 . Memory (MB): peak = 2629.918 ; gain = 1017.871 ; free physical = 638 ; free virtual = 47353
INFO: [Common 17-2834] synth_design peak Physical Memory [PSS] (MB): overall = 1518.166; main = 1518.166; forked = 188.572
INFO: [Common 17-2834] synth_design peak Virtual Memory [VSS] (MB): overall = 3396.457; main = 2629.887; forked = 988.398
Write ShapeDB Complete: Time (s): cpu = 00:00:00.01 ; elapsed = 00:00:00 . Memory (MB): peak = 2653.895 ; gain = 0.000 ; free physical = 617 ; free virtual = 47331
INFO: [Common 17-1381] The checkpoint '/home/lincoln/Documents/ECE/470/Kyber/CRYSTALS-Kyber/Crystals-kyber/Crystals-kyber.runs/c_shift_ram_4_synth_1/c_shift_ram_4.dcp' has been generated.
INFO: [Coretcl 2-1648] Added synthesis output to IP cache for IP c_shift_ram_4, cache-ID = 500ee80ad7377309
INFO: [Coretcl 2-1174] Renamed 3 cell refs.
Write ShapeDB Complete: Time (s): cpu = 00:00:00 ; elapsed = 00:00:00 . Memory (MB): peak = 2653.895 ; gain = 0.000 ; free physical = 2644 ; free virtual = 49370
INFO: [Common 17-1381] The checkpoint '/home/lincoln/Documents/ECE/470/Kyber/CRYSTALS-Kyber/Crystals-kyber/Crystals-kyber.runs/c_shift_ram_4_synth_1/c_shift_ram_4.dcp' has been generated.
INFO: [Vivado 12-24828] Executing command : report_utilization -file c_shift_ram_4_utilization_synth.rpt -pb c_shift_ram_4_utilization_synth.pb
INFO: [Common 17-206] Exiting Vivado at Thu Apr  9 09:50:49 2026...
