
*** Running vivado
    with args -log Kyber_Client.vds -m64 -product Vivado -mode batch -messageDb vivado.pb -notrace -source Kyber_Client.tcl


****** Vivado v2025.2 (64-bit)
  **** SW Build 6299465 on Fri Nov 14 12:34:56 MST 2025
  **** IP Build 6300035 on Fri Nov 14 10:48:45 MST 2025
  **** SharedData Build 6298862 on Thu Nov 13 04:50:51 MST 2025
  **** Start of session at: Thu Apr  9 10:21:32 2026
    ** Copyright 1986-2022 Xilinx, Inc. All Rights Reserved.
    ** Copyright 2022-2025 Advanced Micro Devices, Inc. All Rights Reserved.

source Kyber_Client.tcl -notrace
Command: read_checkpoint -auto_incremental -incremental /home/lincoln/Documents/ECE/470/Kyber/CRYSTALS-Kyber/Crystals-kyber/Crystals-kyber.srcs/utils_1/imports/synth_2/Kyber_Client.dcp
INFO: [Vivado 12-5825] Read reference checkpoint from /home/lincoln/Documents/ECE/470/Kyber/CRYSTALS-Kyber/Crystals-kyber/Crystals-kyber.srcs/utils_1/imports/synth_2/Kyber_Client.dcp for incremental synthesis
INFO: [Vivado 12-7989] Please ensure there are no constraint changes
Command: synth_design -top Kyber_Client -part xc7a12tcpg238-1
Starting synth_design
Attempting to get a license for feature 'Synthesis' and/or device 'xc7a12t'
INFO: [Common 17-349] Got license for feature 'Synthesis' and/or device 'xc7a12t'
INFO: [Device 21-403] Loading part xc7a12tcpg238-1
INFO: [Designutils 20-5440] No compile time benefit to using incremental synthesis; A full resynthesis will be run
INFO: [Designutils 20-4379] Flow is switching to default flow due to incremental criteria not met. If you would like to alter this behaviour and have the flow terminate instead, please set the following parameter config_implementation {autoIncr.Synth.RejectBehavior Terminate}
INFO: [Synth 8-7079] Multithreading enabled for synth_design using a maximum of 7 processes.
INFO: [Synth 8-7078] Launching helper process for spawning children vivado processes
INFO: [Synth 8-7075] Helper process launched with PID 730527
---------------------------------------------------------------------------------
Starting RTL Elaboration : Time (s): cpu = 00:00:02 ; elapsed = 00:00:02 . Memory (MB): peak = 2195.574 ; gain = 392.047 ; free physical = 7767 ; free virtual = 55215
---------------------------------------------------------------------------------
INFO: [Synth 8-11241] undeclared symbol 'ena_sft', assumed default net type 'wire' [/home/lincoln/Documents/ECE/470/Kyber/CRYSTALS-Kyber/Crystals-kyber/Crystals-kyber.srcs/sources_1/imports/new/Kyber_Server.v:624]
INFO: [Synth 8-11241] undeclared symbol 'NTT_finish', assumed default net type 'wire' [/home/lincoln/Documents/ECE/470/Kyber/CRYSTALS-Kyber/Crystals-kyber/Crystals-kyber.srcs/sources_1/imports/new/Kyber_Server.v:631]
WARNING: [Synth 8-10929] literal value 'h38 truncated to fit in 5 bits [/home/lincoln/Documents/ECE/470/Kyber/CRYSTALS-Kyber/Crystals-kyber/Crystals-kyber.srcs/sources_1/imports/new/NTT_core_Server.v:455]
WARNING: [Synth 8-10929] literal value 'h39 truncated to fit in 5 bits [/home/lincoln/Documents/ECE/470/Kyber/CRYSTALS-Kyber/Crystals-kyber/Crystals-kyber.srcs/sources_1/imports/new/NTT_core_Server.v:459]
INFO: [Synth 8-6157] synthesizing module 'Kyber_Client' [/home/lincoln/Documents/ECE/470/Kyber/CRYSTALS-Kyber/Crystals-kyber/Crystals-kyber.srcs/sources_1/imports/new/Kyber_Client.v:2]
INFO: [Synth 8-6157] synthesizing module 'NTT_core_Client' [/home/lincoln/Documents/ECE/470/Kyber/CRYSTALS-Kyber/Crystals-kyber/Crystals-kyber.srcs/sources_1/imports/new/NTT_core_Client.v:2]
INFO: [Synth 8-155] case statement is not full and has no default [/home/lincoln/Documents/ECE/470/Kyber/CRYSTALS-Kyber/Crystals-kyber/Crystals-kyber.srcs/sources_1/imports/new/NTT_core_Client.v:422]
INFO: [Synth 8-6157] synthesizing module 'butterfly_Cli' [/home/lincoln/Documents/ECE/470/Kyber/CRYSTALS-Kyber/Crystals-kyber/Crystals-kyber.srcs/sources_1/imports/new/butterfly_Client.v:2]
INFO: [Synth 8-6157] synthesizing module 'mult_gen_0' [/home/lincoln/Documents/ECE/470/Kyber/CRYSTALS-Kyber/Crystals-kyber/Crystals-kyber.runs/synth_2/.Xil/Vivado-730460-xanadu/realtime/mult_gen_0_stub.v:6]
INFO: [Synth 8-6155] done synthesizing module 'mult_gen_0' (0#1) [/home/lincoln/Documents/ECE/470/Kyber/CRYSTALS-Kyber/Crystals-kyber/Crystals-kyber.runs/synth_2/.Xil/Vivado-730460-xanadu/realtime/mult_gen_0_stub.v:6]
INFO: [Synth 8-6157] synthesizing module 'reduc' [/home/lincoln/Documents/ECE/470/Kyber/CRYSTALS-Kyber/Crystals-kyber/Crystals-kyber.srcs/sources_1/imports/new/reduc.v:2]
INFO: [Synth 8-6155] done synthesizing module 'reduc' (0#1) [/home/lincoln/Documents/ECE/470/Kyber/CRYSTALS-Kyber/Crystals-kyber/Crystals-kyber.srcs/sources_1/imports/new/reduc.v:2]
INFO: [Synth 8-6157] synthesizing module 'c_shift_ram_0' [/home/lincoln/Documents/ECE/470/Kyber/CRYSTALS-Kyber/Crystals-kyber/Crystals-kyber.runs/synth_2/.Xil/Vivado-730460-xanadu/realtime/c_shift_ram_0_stub.v:6]
INFO: [Synth 8-6155] done synthesizing module 'c_shift_ram_0' (0#1) [/home/lincoln/Documents/ECE/470/Kyber/CRYSTALS-Kyber/Crystals-kyber/Crystals-kyber.runs/synth_2/.Xil/Vivado-730460-xanadu/realtime/c_shift_ram_0_stub.v:6]
INFO: [Synth 8-6157] synthesizing module 'c_shift_ram_1' [/home/lincoln/Documents/ECE/470/Kyber/CRYSTALS-Kyber/Crystals-kyber/Crystals-kyber.runs/synth_2/.Xil/Vivado-730460-xanadu/realtime/c_shift_ram_1_stub.v:6]
INFO: [Synth 8-6155] done synthesizing module 'c_shift_ram_1' (0#1) [/home/lincoln/Documents/ECE/470/Kyber/CRYSTALS-Kyber/Crystals-kyber/Crystals-kyber.runs/synth_2/.Xil/Vivado-730460-xanadu/realtime/c_shift_ram_1_stub.v:6]
INFO: [Synth 8-6155] done synthesizing module 'butterfly_Cli' (0#1) [/home/lincoln/Documents/ECE/470/Kyber/CRYSTALS-Kyber/Crystals-kyber/Crystals-kyber.srcs/sources_1/imports/new/butterfly_Client.v:2]
INFO: [Synth 8-6157] synthesizing module 'dist_mem_gen_5' [/home/lincoln/Documents/ECE/470/Kyber/CRYSTALS-Kyber/Crystals-kyber/Crystals-kyber.runs/synth_2/.Xil/Vivado-730460-xanadu/realtime/dist_mem_gen_5_stub.v:6]
INFO: [Synth 8-6155] done synthesizing module 'dist_mem_gen_5' (0#1) [/home/lincoln/Documents/ECE/470/Kyber/CRYSTALS-Kyber/Crystals-kyber/Crystals-kyber.runs/synth_2/.Xil/Vivado-730460-xanadu/realtime/dist_mem_gen_5_stub.v:6]
INFO: [Synth 8-6157] synthesizing module 'dist_mem_gen_6' [/home/lincoln/Documents/ECE/470/Kyber/CRYSTALS-Kyber/Crystals-kyber/Crystals-kyber.runs/synth_2/.Xil/Vivado-730460-xanadu/realtime/dist_mem_gen_6_stub.v:6]
INFO: [Synth 8-6155] done synthesizing module 'dist_mem_gen_6' (0#1) [/home/lincoln/Documents/ECE/470/Kyber/CRYSTALS-Kyber/Crystals-kyber/Crystals-kyber.runs/synth_2/.Xil/Vivado-730460-xanadu/realtime/dist_mem_gen_6_stub.v:6]
INFO: [Synth 8-6157] synthesizing module 'dist_mem_gen_7' [/home/lincoln/Documents/ECE/470/Kyber/CRYSTALS-Kyber/Crystals-kyber/Crystals-kyber.runs/synth_2/.Xil/Vivado-730460-xanadu/realtime/dist_mem_gen_7_stub.v:6]
INFO: [Synth 8-6155] done synthesizing module 'dist_mem_gen_7' (0#1) [/home/lincoln/Documents/ECE/470/Kyber/CRYSTALS-Kyber/Crystals-kyber/Crystals-kyber.runs/synth_2/.Xil/Vivado-730460-xanadu/realtime/dist_mem_gen_7_stub.v:6]
INFO: [Synth 8-6157] synthesizing module 'blk_mem_gen_0' [/home/lincoln/Documents/ECE/470/Kyber/CRYSTALS-Kyber/Crystals-kyber/Crystals-kyber.runs/synth_2/.Xil/Vivado-730460-xanadu/realtime/blk_mem_gen_0_stub.v:6]
INFO: [Synth 8-6155] done synthesizing module 'blk_mem_gen_0' (0#1) [/home/lincoln/Documents/ECE/470/Kyber/CRYSTALS-Kyber/Crystals-kyber/Crystals-kyber.runs/synth_2/.Xil/Vivado-730460-xanadu/realtime/blk_mem_gen_0_stub.v:6]
INFO: [Synth 8-6157] synthesizing module 'blk_mem_gen_2' [/home/lincoln/Documents/ECE/470/Kyber/CRYSTALS-Kyber/Crystals-kyber/Crystals-kyber.runs/synth_2/.Xil/Vivado-730460-xanadu/realtime/blk_mem_gen_2_stub.v:6]
INFO: [Synth 8-6155] done synthesizing module 'blk_mem_gen_2' (0#1) [/home/lincoln/Documents/ECE/470/Kyber/CRYSTALS-Kyber/Crystals-kyber/Crystals-kyber.runs/synth_2/.Xil/Vivado-730460-xanadu/realtime/blk_mem_gen_2_stub.v:6]
INFO: [Synth 8-6157] synthesizing module 'blk_mem_gen_1' [/home/lincoln/Documents/ECE/470/Kyber/CRYSTALS-Kyber/Crystals-kyber/Crystals-kyber.runs/synth_2/.Xil/Vivado-730460-xanadu/realtime/blk_mem_gen_1_stub.v:6]
INFO: [Synth 8-6155] done synthesizing module 'blk_mem_gen_1' (0#1) [/home/lincoln/Documents/ECE/470/Kyber/CRYSTALS-Kyber/Crystals-kyber/Crystals-kyber.runs/synth_2/.Xil/Vivado-730460-xanadu/realtime/blk_mem_gen_1_stub.v:6]
INFO: [Synth 8-6157] synthesizing module 'mux4to2' [/home/lincoln/Documents/ECE/470/Kyber/CRYSTALS-Kyber/Crystals-kyber/Crystals-kyber.srcs/sources_1/new/mux4to2.v:1]
INFO: [Synth 8-6155] done synthesizing module 'mux4to2' (0#1) [/home/lincoln/Documents/ECE/470/Kyber/CRYSTALS-Kyber/Crystals-kyber/Crystals-kyber.srcs/sources_1/new/mux4to2.v:1]
INFO: [Synth 8-6157] synthesizing module 'c_shift_ram_3' [/home/lincoln/Documents/ECE/470/Kyber/CRYSTALS-Kyber/Crystals-kyber/Crystals-kyber.runs/synth_2/.Xil/Vivado-730460-xanadu/realtime/c_shift_ram_3_stub.v:6]
INFO: [Synth 8-6155] done synthesizing module 'c_shift_ram_3' (0#1) [/home/lincoln/Documents/ECE/470/Kyber/CRYSTALS-Kyber/Crystals-kyber/Crystals-kyber.runs/synth_2/.Xil/Vivado-730460-xanadu/realtime/c_shift_ram_3_stub.v:6]
WARNING: [Synth 8-689] width (5) of port connection 'D' does not match port width (6) of module 'c_shift_ram_3' [/home/lincoln/Documents/ECE/470/Kyber/CRYSTALS-Kyber/Crystals-kyber/Crystals-kyber.srcs/sources_1/imports/new/NTT_core_Client.v:497]
WARNING: [Synth 8-689] width (5) of port connection 'Q' does not match port width (6) of module 'c_shift_ram_3' [/home/lincoln/Documents/ECE/470/Kyber/CRYSTALS-Kyber/Crystals-kyber/Crystals-kyber.srcs/sources_1/imports/new/NTT_core_Client.v:497]
INFO: [Synth 8-6157] synthesizing module 'c_shift_ram_4' [/home/lincoln/Documents/ECE/470/Kyber/CRYSTALS-Kyber/Crystals-kyber/Crystals-kyber.runs/synth_2/.Xil/Vivado-730460-xanadu/realtime/c_shift_ram_4_stub.v:6]
INFO: [Synth 8-6155] done synthesizing module 'c_shift_ram_4' (0#1) [/home/lincoln/Documents/ECE/470/Kyber/CRYSTALS-Kyber/Crystals-kyber/Crystals-kyber.runs/synth_2/.Xil/Vivado-730460-xanadu/realtime/c_shift_ram_4_stub.v:6]
WARNING: [Synth 8-689] width (6) of port connection 'D' does not match port width (8) of module 'c_shift_ram_4' [/home/lincoln/Documents/ECE/470/Kyber/CRYSTALS-Kyber/Crystals-kyber/Crystals-kyber.srcs/sources_1/imports/new/NTT_core_Client.v:499]
WARNING: [Synth 8-689] width (6) of port connection 'Q' does not match port width (8) of module 'c_shift_ram_4' [/home/lincoln/Documents/ECE/470/Kyber/CRYSTALS-Kyber/Crystals-kyber/Crystals-kyber.srcs/sources_1/imports/new/NTT_core_Client.v:499]
INFO: [Synth 8-6157] synthesizing module 'c_shift_ram_5' [/home/lincoln/Documents/ECE/470/Kyber/CRYSTALS-Kyber/Crystals-kyber/Crystals-kyber.runs/synth_2/.Xil/Vivado-730460-xanadu/realtime/c_shift_ram_5_stub.v:6]
INFO: [Synth 8-6155] done synthesizing module 'c_shift_ram_5' (0#1) [/home/lincoln/Documents/ECE/470/Kyber/CRYSTALS-Kyber/Crystals-kyber/Crystals-kyber.runs/synth_2/.Xil/Vivado-730460-xanadu/realtime/c_shift_ram_5_stub.v:6]
INFO: [Synth 8-6157] synthesizing module 'c_shift_ram_6' [/home/lincoln/Documents/ECE/470/Kyber/CRYSTALS-Kyber/Crystals-kyber/Crystals-kyber.runs/synth_2/.Xil/Vivado-730460-xanadu/realtime/c_shift_ram_6_stub.v:6]
INFO: [Synth 8-6155] done synthesizing module 'c_shift_ram_6' (0#1) [/home/lincoln/Documents/ECE/470/Kyber/CRYSTALS-Kyber/Crystals-kyber/Crystals-kyber.runs/synth_2/.Xil/Vivado-730460-xanadu/realtime/c_shift_ram_6_stub.v:6]
INFO: [Synth 8-6157] synthesizing module 'c_shift_ram_8' [/home/lincoln/Documents/ECE/470/Kyber/CRYSTALS-Kyber/Crystals-kyber/Crystals-kyber.runs/synth_2/.Xil/Vivado-730460-xanadu/realtime/c_shift_ram_8_stub.v:6]
INFO: [Synth 8-6155] done synthesizing module 'c_shift_ram_8' (0#1) [/home/lincoln/Documents/ECE/470/Kyber/CRYSTALS-Kyber/Crystals-kyber/Crystals-kyber.runs/synth_2/.Xil/Vivado-730460-xanadu/realtime/c_shift_ram_8_stub.v:6]
INFO: [Synth 8-6157] synthesizing module 'c_shift_ram_11' [/home/lincoln/Documents/ECE/470/Kyber/CRYSTALS-Kyber/Crystals-kyber/Crystals-kyber.runs/synth_2/.Xil/Vivado-730460-xanadu/realtime/c_shift_ram_11_stub.v:6]
INFO: [Synth 8-6155] done synthesizing module 'c_shift_ram_11' (0#1) [/home/lincoln/Documents/ECE/470/Kyber/CRYSTALS-Kyber/Crystals-kyber/Crystals-kyber.runs/synth_2/.Xil/Vivado-730460-xanadu/realtime/c_shift_ram_11_stub.v:6]
INFO: [Synth 8-6155] done synthesizing module 'NTT_core_Client' (0#1) [/home/lincoln/Documents/ECE/470/Kyber/CRYSTALS-Kyber/Crystals-kyber/Crystals-kyber.srcs/sources_1/imports/new/NTT_core_Client.v:2]
INFO: [Synth 8-6157] synthesizing module 'hash_core_Client' [/home/lincoln/Documents/ECE/470/Kyber/CRYSTALS-Kyber/Crystals-kyber/Crystals-kyber.srcs/sources_1/imports/new/hash_core_Client.v:1]
INFO: [Synth 8-638] synthesizing module 'Keccak1600' [/home/lincoln/Documents/ECE/470/Kyber/CRYSTALS-Kyber/Crystals-kyber/Crystals-kyber.srcs/sources_1/imports/imports/Keccak1600.vhd:41]
INFO: [Synth 8-3491] module 'Round' declared at '/home/lincoln/Documents/ECE/470/Kyber/CRYSTALS-Kyber/Crystals-kyber/Crystals-kyber.srcs/sources_1/imports/imports/Round.vhd:19' bound to instance 'RoundFunction' of component 'Round' [/home/lincoln/Documents/ECE/470/Kyber/CRYSTALS-Kyber/Crystals-kyber/Crystals-kyber.srcs/sources_1/imports/imports/Keccak1600.vhd:85]
INFO: [Synth 8-638] synthesizing module 'Round' [/home/lincoln/Documents/ECE/470/Kyber/CRYSTALS-Kyber/Crystals-kyber/Crystals-kyber.srcs/sources_1/imports/imports/Round.vhd:39]
	Parameter SIZE bound to: 1600 - type: integer 
INFO: [Synth 8-3491] module 'RegisterFDRE' declared at '/home/lincoln/Documents/ECE/470/Kyber/CRYSTALS-Kyber/Crystals-kyber/Crystals-kyber.srcs/sources_1/imports/imports/RegisterFDRE.vhd:18' bound to instance 'Reg' of component 'RegisterFDRE' [/home/lincoln/Documents/ECE/470/Kyber/CRYSTALS-Kyber/Crystals-kyber/Crystals-kyber.srcs/sources_1/imports/imports/Round.vhd:89]
INFO: [Synth 8-638] synthesizing module 'RegisterFDRE' [/home/lincoln/Documents/ECE/470/Kyber/CRYSTALS-Kyber/Crystals-kyber/Crystals-kyber.srcs/sources_1/imports/imports/RegisterFDRE.vhd:37]
	Parameter SIZE bound to: 1600 - type: integer 
INFO: [Synth 8-256] done synthesizing module 'RegisterFDRE' (0#1) [/home/lincoln/Documents/ECE/470/Kyber/CRYSTALS-Kyber/Crystals-kyber/Crystals-kyber.srcs/sources_1/imports/imports/RegisterFDRE.vhd:37]
INFO: [Synth 8-3491] module 'theta' declared at '/home/lincoln/Documents/ECE/470/Kyber/CRYSTALS-Kyber/Crystals-kyber/Crystals-kyber.srcs/sources_1/imports/imports/theta.vhd:19' bound to instance 'T' of component 'theta' [/home/lincoln/Documents/ECE/470/Kyber/CRYSTALS-Kyber/Crystals-kyber/Crystals-kyber.srcs/sources_1/imports/imports/Round.vhd:112]
INFO: [Synth 8-638] synthesizing module 'theta' [/home/lincoln/Documents/ECE/470/Kyber/CRYSTALS-Kyber/Crystals-kyber/Crystals-kyber.srcs/sources_1/imports/imports/theta.vhd:28]
INFO: [Synth 8-256] done synthesizing module 'theta' (0#1) [/home/lincoln/Documents/ECE/470/Kyber/CRYSTALS-Kyber/Crystals-kyber/Crystals-kyber.srcs/sources_1/imports/imports/theta.vhd:28]
INFO: [Synth 8-3491] module 'rho' declared at '/home/lincoln/Documents/ECE/470/Kyber/CRYSTALS-Kyber/Crystals-kyber/Crystals-kyber.srcs/sources_1/imports/imports/rho.vhd:19' bound to instance 'R' of component 'rho' [/home/lincoln/Documents/ECE/470/Kyber/CRYSTALS-Kyber/Crystals-kyber/Crystals-kyber.srcs/sources_1/imports/imports/Round.vhd:113]
INFO: [Synth 8-638] synthesizing module 'rho' [/home/lincoln/Documents/ECE/470/Kyber/CRYSTALS-Kyber/Crystals-kyber/Crystals-kyber.srcs/sources_1/imports/imports/rho.vhd:28]
INFO: [Synth 8-256] done synthesizing module 'rho' (0#1) [/home/lincoln/Documents/ECE/470/Kyber/CRYSTALS-Kyber/Crystals-kyber/Crystals-kyber.srcs/sources_1/imports/imports/rho.vhd:28]
INFO: [Synth 8-3491] module 'pi' declared at '/home/lincoln/Documents/ECE/470/Kyber/CRYSTALS-Kyber/Crystals-kyber/Crystals-kyber.srcs/sources_1/imports/imports/pi.vhd:19' bound to instance 'P' of component 'pi' [/home/lincoln/Documents/ECE/470/Kyber/CRYSTALS-Kyber/Crystals-kyber/Crystals-kyber.srcs/sources_1/imports/imports/Round.vhd:114]
INFO: [Synth 8-638] synthesizing module 'pi' [/home/lincoln/Documents/ECE/470/Kyber/CRYSTALS-Kyber/Crystals-kyber/Crystals-kyber.srcs/sources_1/imports/imports/pi.vhd:28]
INFO: [Synth 8-256] done synthesizing module 'pi' (0#1) [/home/lincoln/Documents/ECE/470/Kyber/CRYSTALS-Kyber/Crystals-kyber/Crystals-kyber.srcs/sources_1/imports/imports/pi.vhd:28]
INFO: [Synth 8-3491] module 'chi' declared at '/home/lincoln/Documents/ECE/470/Kyber/CRYSTALS-Kyber/Crystals-kyber/Crystals-kyber.srcs/sources_1/imports/imports/chi.vhd:19' bound to instance 'C' of component 'chi' [/home/lincoln/Documents/ECE/470/Kyber/CRYSTALS-Kyber/Crystals-kyber/Crystals-kyber.srcs/sources_1/imports/imports/Round.vhd:115]
INFO: [Synth 8-638] synthesizing module 'chi' [/home/lincoln/Documents/ECE/470/Kyber/CRYSTALS-Kyber/Crystals-kyber/Crystals-kyber.srcs/sources_1/imports/imports/chi.vhd:28]
INFO: [Synth 8-256] done synthesizing module 'chi' (0#1) [/home/lincoln/Documents/ECE/470/Kyber/CRYSTALS-Kyber/Crystals-kyber/Crystals-kyber.srcs/sources_1/imports/imports/chi.vhd:28]
INFO: [Synth 8-3491] module 'iota' declared at '/home/lincoln/Documents/ECE/470/Kyber/CRYSTALS-Kyber/Crystals-kyber/Crystals-kyber.srcs/sources_1/imports/imports/iota.vhd:19' bound to instance 'I' of component 'iota' [/home/lincoln/Documents/ECE/470/Kyber/CRYSTALS-Kyber/Crystals-kyber/Crystals-kyber.srcs/sources_1/imports/imports/Round.vhd:116]
INFO: [Synth 8-638] synthesizing module 'iota' [/home/lincoln/Documents/ECE/470/Kyber/CRYSTALS-Kyber/Crystals-kyber/Crystals-kyber.srcs/sources_1/imports/imports/iota.vhd:29]
INFO: [Synth 8-256] done synthesizing module 'iota' (0#1) [/home/lincoln/Documents/ECE/470/Kyber/CRYSTALS-Kyber/Crystals-kyber/Crystals-kyber.srcs/sources_1/imports/imports/iota.vhd:29]
INFO: [Synth 8-256] done synthesizing module 'Round' (0#1) [/home/lincoln/Documents/ECE/470/Kyber/CRYSTALS-Kyber/Crystals-kyber/Crystals-kyber.srcs/sources_1/imports/imports/Round.vhd:39]
INFO: [Synth 8-3491] module 'StateMachine' declared at '/home/lincoln/Documents/ECE/470/Kyber/CRYSTALS-Kyber/Crystals-kyber/Crystals-kyber.srcs/sources_1/imports/imports/StateMachine.vhd:19' bound to instance 'FSM' of component 'StateMachine' [/home/lincoln/Documents/ECE/470/Kyber/CRYSTALS-Kyber/Crystals-kyber/Crystals-kyber.srcs/sources_1/imports/imports/Keccak1600.vhd:102]
INFO: [Synth 8-638] synthesizing module 'StateMachine' [/home/lincoln/Documents/ECE/470/Kyber/CRYSTALS-Kyber/Crystals-kyber/Crystals-kyber.srcs/sources_1/imports/imports/StateMachine.vhd:35]
INFO: [Synth 8-256] done synthesizing module 'StateMachine' (0#1) [/home/lincoln/Documents/ECE/470/Kyber/CRYSTALS-Kyber/Crystals-kyber/Crystals-kyber.srcs/sources_1/imports/imports/StateMachine.vhd:35]
INFO: [Synth 8-256] done synthesizing module 'Keccak1600' (0#1) [/home/lincoln/Documents/ECE/470/Kyber/CRYSTALS-Kyber/Crystals-kyber/Crystals-kyber.srcs/sources_1/imports/imports/Keccak1600.vhd:41]
INFO: [Synth 8-6157] synthesizing module 'fifo_generator_0' [/home/lincoln/Documents/ECE/470/Kyber/CRYSTALS-Kyber/Crystals-kyber/Crystals-kyber.runs/synth_2/.Xil/Vivado-730460-xanadu/realtime/fifo_generator_0_stub.v:6]
INFO: [Synth 8-6155] done synthesizing module 'fifo_generator_0' (0#1) [/home/lincoln/Documents/ECE/470/Kyber/CRYSTALS-Kyber/Crystals-kyber/Crystals-kyber.runs/synth_2/.Xil/Vivado-730460-xanadu/realtime/fifo_generator_0_stub.v:6]
INFO: [Synth 8-6157] synthesizing module 'fifo_generator_1' [/home/lincoln/Documents/ECE/470/Kyber/CRYSTALS-Kyber/Crystals-kyber/Crystals-kyber.runs/synth_2/.Xil/Vivado-730460-xanadu/realtime/fifo_generator_1_stub.v:6]
INFO: [Synth 8-6155] done synthesizing module 'fifo_generator_1' (0#1) [/home/lincoln/Documents/ECE/470/Kyber/CRYSTALS-Kyber/Crystals-kyber/Crystals-kyber.runs/synth_2/.Xil/Vivado-730460-xanadu/realtime/fifo_generator_1_stub.v:6]
INFO: [Synth 8-6157] synthesizing module 'fifo_generator_7' [/home/lincoln/Documents/ECE/470/Kyber/CRYSTALS-Kyber/Crystals-kyber/Crystals-kyber.runs/synth_2/.Xil/Vivado-730460-xanadu/realtime/fifo_generator_7_stub.v:6]
INFO: [Synth 8-6155] done synthesizing module 'fifo_generator_7' (0#1) [/home/lincoln/Documents/ECE/470/Kyber/CRYSTALS-Kyber/Crystals-kyber/Crystals-kyber.runs/synth_2/.Xil/Vivado-730460-xanadu/realtime/fifo_generator_7_stub.v:6]
INFO: [Synth 8-6157] synthesizing module 'fifo_generator_8' [/home/lincoln/Documents/ECE/470/Kyber/CRYSTALS-Kyber/Crystals-kyber/Crystals-kyber.runs/synth_2/.Xil/Vivado-730460-xanadu/realtime/fifo_generator_8_stub.v:6]
INFO: [Synth 8-6155] done synthesizing module 'fifo_generator_8' (0#1) [/home/lincoln/Documents/ECE/470/Kyber/CRYSTALS-Kyber/Crystals-kyber/Crystals-kyber.runs/synth_2/.Xil/Vivado-730460-xanadu/realtime/fifo_generator_8_stub.v:6]
INFO: [Synth 8-6157] synthesizing module 'decode_keccak' [/home/lincoln/Documents/ECE/470/Kyber/CRYSTALS-Kyber/Crystals-kyber/Crystals-kyber.srcs/sources_1/new/decode_keccak.v:3]
INFO: [Synth 8-6155] done synthesizing module 'decode_keccak' (0#1) [/home/lincoln/Documents/ECE/470/Kyber/CRYSTALS-Kyber/Crystals-kyber/Crystals-kyber.srcs/sources_1/new/decode_keccak.v:3]
INFO: [Synth 8-6155] done synthesizing module 'hash_core_Client' (0#1) [/home/lincoln/Documents/ECE/470/Kyber/CRYSTALS-Kyber/Crystals-kyber/Crystals-kyber.srcs/sources_1/imports/new/hash_core_Client.v:1]
INFO: [Synth 8-6157] synthesizing module 'decode_Client' [/home/lincoln/Documents/ECE/470/Kyber/CRYSTALS-Kyber/Crystals-kyber/Crystals-kyber.srcs/sources_1/imports/imports/decode_Client.v:2]
INFO: [Synth 8-6155] done synthesizing module 'decode_Client' (0#1) [/home/lincoln/Documents/ECE/470/Kyber/CRYSTALS-Kyber/Crystals-kyber/Crystals-kyber.srcs/sources_1/imports/imports/decode_Client.v:2]
INFO: [Synth 8-6157] synthesizing module 'encode_Client' [/home/lincoln/Documents/ECE/470/Kyber/CRYSTALS-Kyber/Crystals-kyber/Crystals-kyber.srcs/sources_1/imports/imports/encode_Client.v:2]
INFO: [Synth 8-6155] done synthesizing module 'encode_Client' (0#1) [/home/lincoln/Documents/ECE/470/Kyber/CRYSTALS-Kyber/Crystals-kyber/Crystals-kyber.srcs/sources_1/imports/imports/encode_Client.v:2]
INFO: [Synth 8-6157] synthesizing module 'pattern' [/home/lincoln/Documents/ECE/470/Kyber/CRYSTALS-Kyber/Crystals-kyber/Crystals-kyber.srcs/sources_1/imports/new/pattern.v:1]
INFO: [Synth 8-6155] done synthesizing module 'pattern' (0#1) [/home/lincoln/Documents/ECE/470/Kyber/CRYSTALS-Kyber/Crystals-kyber/Crystals-kyber.srcs/sources_1/imports/new/pattern.v:1]
INFO: [Synth 8-6157] synthesizing module 'fifo_generator_2' [/home/lincoln/Documents/ECE/470/Kyber/CRYSTALS-Kyber/Crystals-kyber/Crystals-kyber.runs/synth_2/.Xil/Vivado-730460-xanadu/realtime/fifo_generator_2_stub.v:6]
INFO: [Synth 8-6155] done synthesizing module 'fifo_generator_2' (0#1) [/home/lincoln/Documents/ECE/470/Kyber/CRYSTALS-Kyber/Crystals-kyber/Crystals-kyber.runs/synth_2/.Xil/Vivado-730460-xanadu/realtime/fifo_generator_2_stub.v:6]
INFO: [Synth 8-6157] synthesizing module 'fifo_generator_3' [/home/lincoln/Documents/ECE/470/Kyber/CRYSTALS-Kyber/Crystals-kyber/Crystals-kyber.runs/synth_2/.Xil/Vivado-730460-xanadu/realtime/fifo_generator_3_stub.v:6]
INFO: [Synth 8-6155] done synthesizing module 'fifo_generator_3' (0#1) [/home/lincoln/Documents/ECE/470/Kyber/CRYSTALS-Kyber/Crystals-kyber/Crystals-kyber.runs/synth_2/.Xil/Vivado-730460-xanadu/realtime/fifo_generator_3_stub.v:6]
WARNING: [Synth 8-689] width (32) of port connection 'din' does not match port width (34) of module 'fifo_generator_3' [/home/lincoln/Documents/ECE/470/Kyber/CRYSTALS-Kyber/Crystals-kyber/Crystals-kyber.srcs/sources_1/imports/new/Kyber_Client.v:505]
WARNING: [Synth 8-689] width (32) of port connection 'dout' does not match port width (34) of module 'fifo_generator_3' [/home/lincoln/Documents/ECE/470/Kyber/CRYSTALS-Kyber/Crystals-kyber/Crystals-kyber.srcs/sources_1/imports/new/Kyber_Client.v:505]
INFO: [Synth 8-6157] synthesizing module 'fifo_generator_6' [/home/lincoln/Documents/ECE/470/Kyber/CRYSTALS-Kyber/Crystals-kyber/Crystals-kyber.runs/synth_2/.Xil/Vivado-730460-xanadu/realtime/fifo_generator_6_stub.v:6]
INFO: [Synth 8-6155] done synthesizing module 'fifo_generator_6' (0#1) [/home/lincoln/Documents/ECE/470/Kyber/CRYSTALS-Kyber/Crystals-kyber/Crystals-kyber.runs/synth_2/.Xil/Vivado-730460-xanadu/realtime/fifo_generator_6_stub.v:6]
INFO: [Synth 8-6155] done synthesizing module 'Kyber_Client' (0#1) [/home/lincoln/Documents/ECE/470/Kyber/CRYSTALS-Kyber/Crystals-kyber/Crystals-kyber.srcs/sources_1/imports/new/Kyber_Client.v:2]
WARNING: [Synth 8-6014] Unused sequential element req_c_r1_reg was removed.  [/home/lincoln/Documents/ECE/470/Kyber/CRYSTALS-Kyber/Crystals-kyber/Crystals-kyber.srcs/sources_1/imports/new/Kyber_Client.v:449]
---------------------------------------------------------------------------------
Finished RTL Elaboration : Time (s): cpu = 00:00:03 ; elapsed = 00:00:03 . Memory (MB): peak = 2308.512 ; gain = 504.984 ; free physical = 7646 ; free virtual = 55096
---------------------------------------------------------------------------------
---------------------------------------------------------------------------------
Start Handling Custom Attributes
---------------------------------------------------------------------------------
---------------------------------------------------------------------------------
Finished Handling Custom Attributes : Time (s): cpu = 00:00:03 ; elapsed = 00:00:03 . Memory (MB): peak = 2317.418 ; gain = 513.891 ; free physical = 7662 ; free virtual = 55112
---------------------------------------------------------------------------------
---------------------------------------------------------------------------------
Finished RTL Optimization Phase 1 : Time (s): cpu = 00:00:03 ; elapsed = 00:00:03 . Memory (MB): peak = 2317.418 ; gain = 513.891 ; free physical = 7662 ; free virtual = 55111
---------------------------------------------------------------------------------
Netlist sorting complete. Time (s): cpu = 00:00:00.05 ; elapsed = 00:00:00.05 . Memory (MB): peak = 2317.418 ; gain = 0.000 ; free physical = 7665 ; free virtual = 55115
INFO: [Project 1-570] Preparing netlist for logic optimization

Processing XDC Constraints
Initializing timing engine
Parsing XDC File [/home/lincoln/Documents/ECE/470/Kyber/CRYSTALS-Kyber/Crystals-kyber/Crystals-kyber.gen/sources_1/ip/fifo_generator_6_1/fifo_generator_6/fifo_generator_6_in_context.xdc] for cell 'DFIFO'
Finished Parsing XDC File [/home/lincoln/Documents/ECE/470/Kyber/CRYSTALS-Kyber/Crystals-kyber/Crystals-kyber.gen/sources_1/ip/fifo_generator_6_1/fifo_generator_6/fifo_generator_6_in_context.xdc] for cell 'DFIFO'
Parsing XDC File [/home/lincoln/Documents/ECE/470/Kyber/CRYSTALS-Kyber/Crystals-kyber/Crystals-kyber.gen/sources_1/ip/blk_mem_gen_0/blk_mem_gen_0/blk_mem_gen_0_in_context.xdc] for cell 'ntt/RAM0'
Finished Parsing XDC File [/home/lincoln/Documents/ECE/470/Kyber/CRYSTALS-Kyber/Crystals-kyber/Crystals-kyber.gen/sources_1/ip/blk_mem_gen_0/blk_mem_gen_0/blk_mem_gen_0_in_context.xdc] for cell 'ntt/RAM0'
Parsing XDC File [/home/lincoln/Documents/ECE/470/Kyber/CRYSTALS-Kyber/Crystals-kyber/Crystals-kyber.gen/sources_1/ip/blk_mem_gen_0/blk_mem_gen_0/blk_mem_gen_0_in_context.xdc] for cell 'ntt/RAM1'
Finished Parsing XDC File [/home/lincoln/Documents/ECE/470/Kyber/CRYSTALS-Kyber/Crystals-kyber/Crystals-kyber.gen/sources_1/ip/blk_mem_gen_0/blk_mem_gen_0/blk_mem_gen_0_in_context.xdc] for cell 'ntt/RAM1'
Parsing XDC File [/home/lincoln/Documents/ECE/470/Kyber/CRYSTALS-Kyber/Crystals-kyber/Crystals-kyber.gen/sources_1/ip/blk_mem_gen_1/blk_mem_gen_1/blk_mem_gen_1_in_context.xdc] for cell 'ntt/RAM4'
Finished Parsing XDC File [/home/lincoln/Documents/ECE/470/Kyber/CRYSTALS-Kyber/Crystals-kyber/Crystals-kyber.gen/sources_1/ip/blk_mem_gen_1/blk_mem_gen_1/blk_mem_gen_1_in_context.xdc] for cell 'ntt/RAM4'
Parsing XDC File [/home/lincoln/Documents/ECE/470/Kyber/CRYSTALS-Kyber/Crystals-kyber/Crystals-kyber.gen/sources_1/ip/blk_mem_gen_2/blk_mem_gen_2/blk_mem_gen_2_in_context.xdc] for cell 'ntt/RAM2'
Finished Parsing XDC File [/home/lincoln/Documents/ECE/470/Kyber/CRYSTALS-Kyber/Crystals-kyber/Crystals-kyber.gen/sources_1/ip/blk_mem_gen_2/blk_mem_gen_2/blk_mem_gen_2_in_context.xdc] for cell 'ntt/RAM2'
Parsing XDC File [/home/lincoln/Documents/ECE/470/Kyber/CRYSTALS-Kyber/Crystals-kyber/Crystals-kyber.gen/sources_1/ip/blk_mem_gen_2/blk_mem_gen_2/blk_mem_gen_2_in_context.xdc] for cell 'ntt/RAM3'
Finished Parsing XDC File [/home/lincoln/Documents/ECE/470/Kyber/CRYSTALS-Kyber/Crystals-kyber/Crystals-kyber.gen/sources_1/ip/blk_mem_gen_2/blk_mem_gen_2/blk_mem_gen_2_in_context.xdc] for cell 'ntt/RAM3'
Parsing XDC File [/home/lincoln/Documents/ECE/470/Kyber/CRYSTALS-Kyber/Crystals-kyber/Crystals-kyber.gen/sources_1/ip/c_shift_ram_0/c_shift_ram_0/c_shift_ram_0_in_context.xdc] for cell 'ntt/BU/S0'
Finished Parsing XDC File [/home/lincoln/Documents/ECE/470/Kyber/CRYSTALS-Kyber/Crystals-kyber/Crystals-kyber.gen/sources_1/ip/c_shift_ram_0/c_shift_ram_0/c_shift_ram_0_in_context.xdc] for cell 'ntt/BU/S0'
Parsing XDC File [/home/lincoln/Documents/ECE/470/Kyber/CRYSTALS-Kyber/Crystals-kyber/Crystals-kyber.gen/sources_1/ip/c_shift_ram_0/c_shift_ram_0/c_shift_ram_0_in_context.xdc] for cell 'ntt/BU/S1'
Finished Parsing XDC File [/home/lincoln/Documents/ECE/470/Kyber/CRYSTALS-Kyber/Crystals-kyber/Crystals-kyber.gen/sources_1/ip/c_shift_ram_0/c_shift_ram_0/c_shift_ram_0_in_context.xdc] for cell 'ntt/BU/S1'
Parsing XDC File [/home/lincoln/Documents/ECE/470/Kyber/CRYSTALS-Kyber/Crystals-kyber/Crystals-kyber.gen/sources_1/ip/c_shift_ram_1/c_shift_ram_1/c_shift_ram_1_in_context.xdc] for cell 'ntt/BU/S2'
Finished Parsing XDC File [/home/lincoln/Documents/ECE/470/Kyber/CRYSTALS-Kyber/Crystals-kyber/Crystals-kyber.gen/sources_1/ip/c_shift_ram_1/c_shift_ram_1/c_shift_ram_1_in_context.xdc] for cell 'ntt/BU/S2'
Parsing XDC File [/home/lincoln/Documents/ECE/470/Kyber/CRYSTALS-Kyber/Crystals-kyber/Crystals-kyber.gen/sources_1/ip/c_shift_ram_1/c_shift_ram_1/c_shift_ram_1_in_context.xdc] for cell 'ntt/BU/S3'
Finished Parsing XDC File [/home/lincoln/Documents/ECE/470/Kyber/CRYSTALS-Kyber/Crystals-kyber/Crystals-kyber.gen/sources_1/ip/c_shift_ram_1/c_shift_ram_1/c_shift_ram_1_in_context.xdc] for cell 'ntt/BU/S3'
Parsing XDC File [/home/lincoln/Documents/ECE/470/Kyber/CRYSTALS-Kyber/Crystals-kyber/Crystals-kyber.gen/sources_1/ip/c_shift_ram_11/c_shift_ram_11/c_shift_ram_11_in_context.xdc] for cell 'ntt/S11'
Finished Parsing XDC File [/home/lincoln/Documents/ECE/470/Kyber/CRYSTALS-Kyber/Crystals-kyber/Crystals-kyber.gen/sources_1/ip/c_shift_ram_11/c_shift_ram_11/c_shift_ram_11_in_context.xdc] for cell 'ntt/S11'
Parsing XDC File [/home/lincoln/Documents/ECE/470/Kyber/CRYSTALS-Kyber/Crystals-kyber/Crystals-kyber.gen/sources_1/ip/c_shift_ram_3/c_shift_ram_3/c_shift_ram_3_in_context.xdc] for cell 'ntt/S4'
Finished Parsing XDC File [/home/lincoln/Documents/ECE/470/Kyber/CRYSTALS-Kyber/Crystals-kyber/Crystals-kyber.gen/sources_1/ip/c_shift_ram_3/c_shift_ram_3/c_shift_ram_3_in_context.xdc] for cell 'ntt/S4'
Parsing XDC File [/home/lincoln/Documents/ECE/470/Kyber/CRYSTALS-Kyber/Crystals-kyber/Crystals-kyber.gen/sources_1/ip/c_shift_ram_4/c_shift_ram_4/c_shift_ram_4_in_context.xdc] for cell 'ntt/S5'
Finished Parsing XDC File [/home/lincoln/Documents/ECE/470/Kyber/CRYSTALS-Kyber/Crystals-kyber/Crystals-kyber.gen/sources_1/ip/c_shift_ram_4/c_shift_ram_4/c_shift_ram_4_in_context.xdc] for cell 'ntt/S5'
Parsing XDC File [/home/lincoln/Documents/ECE/470/Kyber/CRYSTALS-Kyber/Crystals-kyber/Crystals-kyber.gen/sources_1/ip/c_shift_ram_4/c_shift_ram_4/c_shift_ram_4_in_context.xdc] for cell 'ntt/S6'
Finished Parsing XDC File [/home/lincoln/Documents/ECE/470/Kyber/CRYSTALS-Kyber/Crystals-kyber/Crystals-kyber.gen/sources_1/ip/c_shift_ram_4/c_shift_ram_4/c_shift_ram_4_in_context.xdc] for cell 'ntt/S6'
Parsing XDC File [/home/lincoln/Documents/ECE/470/Kyber/CRYSTALS-Kyber/Crystals-kyber/Crystals-kyber.gen/sources_1/ip/c_shift_ram_5/c_shift_ram_5/c_shift_ram_5_in_context.xdc] for cell 'ntt/S7'
Finished Parsing XDC File [/home/lincoln/Documents/ECE/470/Kyber/CRYSTALS-Kyber/Crystals-kyber/Crystals-kyber.gen/sources_1/ip/c_shift_ram_5/c_shift_ram_5/c_shift_ram_5_in_context.xdc] for cell 'ntt/S7'
Parsing XDC File [/home/lincoln/Documents/ECE/470/Kyber/CRYSTALS-Kyber/Crystals-kyber/Crystals-kyber.gen/sources_1/ip/c_shift_ram_6/c_shift_ram_6/c_shift_ram_6_in_context.xdc] for cell 'ntt/S9'
Finished Parsing XDC File [/home/lincoln/Documents/ECE/470/Kyber/CRYSTALS-Kyber/Crystals-kyber/Crystals-kyber.gen/sources_1/ip/c_shift_ram_6/c_shift_ram_6/c_shift_ram_6_in_context.xdc] for cell 'ntt/S9'
Parsing XDC File [/home/lincoln/Documents/ECE/470/Kyber/CRYSTALS-Kyber/Crystals-kyber/Crystals-kyber.gen/sources_1/ip/c_shift_ram_8/c_shift_ram_8/c_shift_ram_8_in_context.xdc] for cell 'ntt/S10'
Finished Parsing XDC File [/home/lincoln/Documents/ECE/470/Kyber/CRYSTALS-Kyber/Crystals-kyber/Crystals-kyber.gen/sources_1/ip/c_shift_ram_8/c_shift_ram_8/c_shift_ram_8_in_context.xdc] for cell 'ntt/S10'
Parsing XDC File [/home/lincoln/Documents/ECE/470/Kyber/CRYSTALS-Kyber/Crystals-kyber/Crystals-kyber.gen/sources_1/ip/dist_mem_gen_5/dist_mem_gen_5/dist_mem_gen_5_in_context.xdc] for cell 'ntt/ROM0'
Finished Parsing XDC File [/home/lincoln/Documents/ECE/470/Kyber/CRYSTALS-Kyber/Crystals-kyber/Crystals-kyber.gen/sources_1/ip/dist_mem_gen_5/dist_mem_gen_5/dist_mem_gen_5_in_context.xdc] for cell 'ntt/ROM0'
Parsing XDC File [/home/lincoln/Documents/ECE/470/Kyber/CRYSTALS-Kyber/Crystals-kyber/Crystals-kyber.gen/sources_1/ip/dist_mem_gen_6/dist_mem_gen_6/dist_mem_gen_6_in_context.xdc] for cell 'ntt/ROM1'
Finished Parsing XDC File [/home/lincoln/Documents/ECE/470/Kyber/CRYSTALS-Kyber/Crystals-kyber/Crystals-kyber.gen/sources_1/ip/dist_mem_gen_6/dist_mem_gen_6/dist_mem_gen_6_in_context.xdc] for cell 'ntt/ROM1'
Parsing XDC File [/home/lincoln/Documents/ECE/470/Kyber/CRYSTALS-Kyber/Crystals-kyber/Crystals-kyber.gen/sources_1/ip/dist_mem_gen_7/dist_mem_gen_7/dist_mem_gen_7_in_context.xdc] for cell 'ntt/ROM2'
Finished Parsing XDC File [/home/lincoln/Documents/ECE/470/Kyber/CRYSTALS-Kyber/Crystals-kyber/Crystals-kyber.gen/sources_1/ip/dist_mem_gen_7/dist_mem_gen_7/dist_mem_gen_7_in_context.xdc] for cell 'ntt/ROM2'
Parsing XDC File [/home/lincoln/Documents/ECE/470/Kyber/CRYSTALS-Kyber/Crystals-kyber/Crystals-kyber.gen/sources_1/ip/fifo_generator_0/fifo_generator_0/fifo_generator_0_in_context.xdc] for cell 'hash/fifo0'
Finished Parsing XDC File [/home/lincoln/Documents/ECE/470/Kyber/CRYSTALS-Kyber/Crystals-kyber/Crystals-kyber.gen/sources_1/ip/fifo_generator_0/fifo_generator_0/fifo_generator_0_in_context.xdc] for cell 'hash/fifo0'
Parsing XDC File [/home/lincoln/Documents/ECE/470/Kyber/CRYSTALS-Kyber/Crystals-kyber/Crystals-kyber.gen/sources_1/ip/fifo_generator_1/fifo_generator_1/fifo_generator_1_in_context.xdc] for cell 'hash/fifo1'
Finished Parsing XDC File [/home/lincoln/Documents/ECE/470/Kyber/CRYSTALS-Kyber/Crystals-kyber/Crystals-kyber.gen/sources_1/ip/fifo_generator_1/fifo_generator_1/fifo_generator_1_in_context.xdc] for cell 'hash/fifo1'
Parsing XDC File [/home/lincoln/Documents/ECE/470/Kyber/CRYSTALS-Kyber/Crystals-kyber/Crystals-kyber.gen/sources_1/ip/fifo_generator_2/fifo_generator_2/fifo_generator_2_in_context.xdc] for cell 'IFIFO'
Finished Parsing XDC File [/home/lincoln/Documents/ECE/470/Kyber/CRYSTALS-Kyber/Crystals-kyber/Crystals-kyber.gen/sources_1/ip/fifo_generator_2/fifo_generator_2/fifo_generator_2_in_context.xdc] for cell 'IFIFO'
Parsing XDC File [/home/lincoln/Documents/ECE/470/Kyber/CRYSTALS-Kyber/Crystals-kyber/Crystals-kyber.gen/sources_1/ip/fifo_generator_3/fifo_generator_3/fifo_generator_3_in_context.xdc] for cell 'OFIFO'
Finished Parsing XDC File [/home/lincoln/Documents/ECE/470/Kyber/CRYSTALS-Kyber/Crystals-kyber/Crystals-kyber.gen/sources_1/ip/fifo_generator_3/fifo_generator_3/fifo_generator_3_in_context.xdc] for cell 'OFIFO'
Parsing XDC File [/home/lincoln/Documents/ECE/470/Kyber/CRYSTALS-Kyber/Crystals-kyber/Crystals-kyber.gen/sources_1/ip/fifo_generator_7/fifo_generator_7/fifo_generator_7_in_context.xdc] for cell 'hash/fifo2'
Finished Parsing XDC File [/home/lincoln/Documents/ECE/470/Kyber/CRYSTALS-Kyber/Crystals-kyber/Crystals-kyber.gen/sources_1/ip/fifo_generator_7/fifo_generator_7/fifo_generator_7_in_context.xdc] for cell 'hash/fifo2'
Parsing XDC File [/home/lincoln/Documents/ECE/470/Kyber/CRYSTALS-Kyber/Crystals-kyber/Crystals-kyber.gen/sources_1/ip/fifo_generator_8/fifo_generator_8/fifo_generator_8_in_context.xdc] for cell 'hash/fifo8'
Finished Parsing XDC File [/home/lincoln/Documents/ECE/470/Kyber/CRYSTALS-Kyber/Crystals-kyber/Crystals-kyber.gen/sources_1/ip/fifo_generator_8/fifo_generator_8/fifo_generator_8_in_context.xdc] for cell 'hash/fifo8'
Parsing XDC File [/home/lincoln/Documents/ECE/470/Kyber/CRYSTALS-Kyber/Crystals-kyber/Crystals-kyber.gen/sources_1/ip/mult_gen_0/mult_gen_0/mult_gen_0_in_context.xdc] for cell 'ntt/BU/M0'
Finished Parsing XDC File [/home/lincoln/Documents/ECE/470/Kyber/CRYSTALS-Kyber/Crystals-kyber/Crystals-kyber.gen/sources_1/ip/mult_gen_0/mult_gen_0/mult_gen_0_in_context.xdc] for cell 'ntt/BU/M0'
Parsing XDC File [/home/lincoln/Documents/ECE/470/Kyber/CRYSTALS-Kyber/Crystals-kyber/Crystals-kyber.gen/sources_1/ip/mult_gen_0/mult_gen_0/mult_gen_0_in_context.xdc] for cell 'ntt/BU/M1'
Finished Parsing XDC File [/home/lincoln/Documents/ECE/470/Kyber/CRYSTALS-Kyber/Crystals-kyber/Crystals-kyber.gen/sources_1/ip/mult_gen_0/mult_gen_0/mult_gen_0_in_context.xdc] for cell 'ntt/BU/M1'
Parsing XDC File [/home/lincoln/Documents/ECE/470/Kyber/CRYSTALS-Kyber/Crystals-kyber/Crystals-kyber.srcs/constrs_1/imports/new/constr.xdc]
Finished Parsing XDC File [/home/lincoln/Documents/ECE/470/Kyber/CRYSTALS-Kyber/Crystals-kyber/Crystals-kyber.srcs/constrs_1/imports/new/constr.xdc]
Completed Processing XDC Constraints

Netlist sorting complete. Time (s): cpu = 00:00:00 ; elapsed = 00:00:00 . Memory (MB): peak = 2425.156 ; gain = 0.000 ; free physical = 7665 ; free virtual = 55115
INFO: [Project 1-111] Unisim Transformation Summary:
No Unisim elements were transformed.

Constraint Validation Runtime : Time (s): cpu = 00:00:00.07 ; elapsed = 00:00:00.02 . Memory (MB): peak = 2425.191 ; gain = 0.000 ; free physical = 7662 ; free virtual = 55111
WARNING: [Timing 38-316] Clock period '10.000' specified during out-of-context synthesis of instance 'DFIFO' at clock pin 'clk' is different from the actual clock period '6.000', this can lead to different synthesis results.
WARNING: [Timing 38-316] Clock period '10.000' specified during out-of-context synthesis of instance 'IFIFO' at clock pin 'clk' is different from the actual clock period '6.000', this can lead to different synthesis results.
WARNING: [Timing 38-316] Clock period '10.000' specified during out-of-context synthesis of instance 'OFIFO' at clock pin 'clk' is different from the actual clock period '6.000', this can lead to different synthesis results.
WARNING: [Timing 38-316] Clock period '10.000' specified during out-of-context synthesis of instance 'hash/fifo0' at clock pin 'clk' is different from the actual clock period '6.000', this can lead to different synthesis results.
WARNING: [Timing 38-316] Clock period '10.000' specified during out-of-context synthesis of instance 'hash/fifo1' at clock pin 'clk' is different from the actual clock period '6.000', this can lead to different synthesis results.
WARNING: [Timing 38-316] Clock period '10.000' specified during out-of-context synthesis of instance 'hash/fifo2' at clock pin 'clk' is different from the actual clock period '6.000', this can lead to different synthesis results.
WARNING: [Timing 38-316] Clock period '10.000' specified during out-of-context synthesis of instance 'hash/fifo8' at clock pin 'clk' is different from the actual clock period '6.000', this can lead to different synthesis results.
WARNING: [Timing 38-316] Clock period '20.000' specified during out-of-context synthesis of instance 'ntt/RAM0' at clock pin 'clka' is different from the actual clock period '6.000', this can lead to different synthesis results.
WARNING: [Timing 38-316] Clock period '20.000' specified during out-of-context synthesis of instance 'ntt/RAM1' at clock pin 'clka' is different from the actual clock period '6.000', this can lead to different synthesis results.
WARNING: [Timing 38-316] Clock period '20.000' specified during out-of-context synthesis of instance 'ntt/RAM2' at clock pin 'clka' is different from the actual clock period '6.000', this can lead to different synthesis results.
WARNING: [Timing 38-316] Clock period '20.000' specified during out-of-context synthesis of instance 'ntt/RAM3' at clock pin 'clka' is different from the actual clock period '6.000', this can lead to different synthesis results.
WARNING: [Timing 38-316] Clock period '20.000' specified during out-of-context synthesis of instance 'ntt/RAM4' at clock pin 'clka' is different from the actual clock period '6.000', this can lead to different synthesis results.
WARNING: [Timing 38-316] Clock period '20.000' specified during out-of-context synthesis of instance 'ntt/ROM0' at clock pin 'clk' is different from the actual clock period '6.000', this can lead to different synthesis results.
WARNING: [Timing 38-316] Clock period '20.000' specified during out-of-context synthesis of instance 'ntt/ROM1' at clock pin 'clk' is different from the actual clock period '6.000', this can lead to different synthesis results.
WARNING: [Timing 38-316] Clock period '20.000' specified during out-of-context synthesis of instance 'ntt/ROM2' at clock pin 'clk' is different from the actual clock period '6.000', this can lead to different synthesis results.
WARNING: [Timing 38-316] Clock period '10.000' specified during out-of-context synthesis of instance 'ntt/S10' at clock pin 'CLK' is different from the actual clock period '6.000', this can lead to different synthesis results.
WARNING: [Timing 38-316] Clock period '10.000' specified during out-of-context synthesis of instance 'ntt/S11' at clock pin 'CLK' is different from the actual clock period '6.000', this can lead to different synthesis results.
WARNING: [Timing 38-316] Clock period '10.000' specified during out-of-context synthesis of instance 'ntt/S4' at clock pin 'CLK' is different from the actual clock period '6.000', this can lead to different synthesis results.
WARNING: [Timing 38-316] Clock period '10.000' specified during out-of-context synthesis of instance 'ntt/S5' at clock pin 'CLK' is different from the actual clock period '6.000', this can lead to different synthesis results.
WARNING: [Timing 38-316] Clock period '10.000' specified during out-of-context synthesis of instance 'ntt/S6' at clock pin 'CLK' is different from the actual clock period '6.000', this can lead to different synthesis results.
WARNING: [Timing 38-316] Clock period '10.000' specified during out-of-context synthesis of instance 'ntt/S7' at clock pin 'CLK' is different from the actual clock period '6.000', this can lead to different synthesis results.
WARNING: [Timing 38-316] Clock period '10.000' specified during out-of-context synthesis of instance 'ntt/S9' at clock pin 'CLK' is different from the actual clock period '6.000', this can lead to different synthesis results.
WARNING: [Timing 38-316] Clock period '100.000' specified during out-of-context synthesis of instance 'ntt/BU/M0' at clock pin 'CLK' is different from the actual clock period '6.000', this can lead to different synthesis results.
WARNING: [Timing 38-316] Clock period '100.000' specified during out-of-context synthesis of instance 'ntt/BU/M1' at clock pin 'CLK' is different from the actual clock period '6.000', this can lead to different synthesis results.
WARNING: [Timing 38-316] Clock period '10.000' specified during out-of-context synthesis of instance 'ntt/BU/S0' at clock pin 'CLK' is different from the actual clock period '6.000', this can lead to different synthesis results.
WARNING: [Timing 38-316] Clock period '10.000' specified during out-of-context synthesis of instance 'ntt/BU/S1' at clock pin 'CLK' is different from the actual clock period '6.000', this can lead to different synthesis results.
WARNING: [Timing 38-316] Clock period '10.000' specified during out-of-context synthesis of instance 'ntt/BU/S2' at clock pin 'CLK' is different from the actual clock period '6.000', this can lead to different synthesis results.
WARNING: [Timing 38-316] Clock period '10.000' specified during out-of-context synthesis of instance 'ntt/BU/S3' at clock pin 'CLK' is different from the actual clock period '6.000', this can lead to different synthesis results.
INFO: [Designutils 20-5440] No compile time benefit to using incremental synthesis; A full resynthesis will be run
INFO: [Designutils 20-4379] Flow is switching to default flow due to incremental criteria not met. If you would like to alter this behaviour and have the flow terminate instead, please set the following parameter config_implementation {autoIncr.Synth.RejectBehavior Terminate}
---------------------------------------------------------------------------------
Finished Constraint Validation : Time (s): cpu = 00:00:08 ; elapsed = 00:00:08 . Memory (MB): peak = 2425.191 ; gain = 621.664 ; free physical = 7701 ; free virtual = 55152
---------------------------------------------------------------------------------
---------------------------------------------------------------------------------
Start Loading Part and Timing Information
---------------------------------------------------------------------------------
Loading part: xc7a12tcpg238-1
---------------------------------------------------------------------------------
Finished Loading Part and Timing Information : Time (s): cpu = 00:00:08 ; elapsed = 00:00:08 . Memory (MB): peak = 2433.160 ; gain = 629.633 ; free physical = 7701 ; free virtual = 55152
---------------------------------------------------------------------------------
---------------------------------------------------------------------------------
Start Applying 'set_property' XDC Constraints
---------------------------------------------------------------------------------
---------------------------------------------------------------------------------
Finished applying 'set_property' XDC Constraints : Time (s): cpu = 00:00:08 ; elapsed = 00:00:08 . Memory (MB): peak = 2433.160 ; gain = 629.633 ; free physical = 7696 ; free virtual = 55146
---------------------------------------------------------------------------------
INFO: [Synth 8-802] inferred FSM for state register 'STATE_reg' in module 'StateMachine'
---------------------------------------------------------------------------------------------------
                   State |                     New Encoding |                Previous Encoding 
---------------------------------------------------------------------------------------------------
                 s_reset |                               00 |                               00
                  s_init |                               01 |                               01
                 s_round |                               10 |                               10
                  s_done |                               11 |                               11
---------------------------------------------------------------------------------------------------
INFO: [Synth 8-3354] encoded FSM with state register 'STATE_reg' using encoding 'sequential' in module 'StateMachine'
---------------------------------------------------------------------------------
Finished RTL Optimization Phase 2 : Time (s): cpu = 00:00:09 ; elapsed = 00:00:09 . Memory (MB): peak = 2433.160 ; gain = 629.633 ; free physical = 7703 ; free virtual = 55155
---------------------------------------------------------------------------------
---------------------------------------------------------------------------------
Start RTL Component Statistics 
---------------------------------------------------------------------------------
Detailed RTL Component Info : 
+---Adders : 
	   2 Input   32 Bit       Adders := 1     
	   6 Input   15 Bit       Adders := 2     
	   5 Input   13 Bit       Adders := 2     
	   2 Input   13 Bit       Adders := 16    
	   3 Input   13 Bit       Adders := 8     
	   2 Input   12 Bit       Adders := 6     
	   3 Input   11 Bit       Adders := 2     
	   2 Input    8 Bit       Adders := 3     
	   2 Input    7 Bit       Adders := 5     
	   2 Input    6 Bit       Adders := 8     
	   2 Input    5 Bit       Adders := 2     
	   2 Input    4 Bit       Adders := 5     
	   2 Input    3 Bit       Adders := 4     
	   7 Input    3 Bit       Adders := 4     
	   2 Input    2 Bit       Adders := 5     
+---XORs : 
	   5 Input    320 Bit         XORs := 1     
	   2 Input     64 Bit         XORs := 55    
	   3 Input     64 Bit         XORs := 1     
	   2 Input     32 Bit         XORs := 1     
	   2 Input     13 Bit         XORs := 3     
	   2 Input      1 Bit         XORs := 4     
	   4 Input      1 Bit         XORs := 1     
+---Registers : 
	             1600 Bit    Registers := 1     
	              256 Bit    Registers := 6     
	               73 Bit    Registers := 3     
	               52 Bit    Registers := 1     
	               48 Bit    Registers := 2     
	               32 Bit    Registers := 1     
	               24 Bit    Registers := 12    
	               22 Bit    Registers := 1     
	               15 Bit    Registers := 4     
	               13 Bit    Registers := 8     
	               12 Bit    Registers := 21    
	               11 Bit    Registers := 12    
	                9 Bit    Registers := 1     
	                8 Bit    Registers := 3     
	                7 Bit    Registers := 6     
	                6 Bit    Registers := 7     
	                5 Bit    Registers := 5     
	                4 Bit    Registers := 10    
	                3 Bit    Registers := 6     
	                2 Bit    Registers := 7     
	                1 Bit    Registers := 38    
+---Muxes : 
	   2 Input 1600 Bit        Muxes := 1     
	   2 Input  256 Bit        Muxes := 3     
	   6 Input   73 Bit        Muxes := 1     
	   3 Input   73 Bit        Muxes := 1     
	   2 Input   73 Bit        Muxes := 3     
	   6 Input   51 Bit        Muxes := 1     
	   2 Input   32 Bit        Muxes := 4     
	   3 Input   25 Bit        Muxes := 1     
	   2 Input   25 Bit        Muxes := 1     
	   2 Input   24 Bit        Muxes := 7     
	   3 Input   24 Bit        Muxes := 1     
	   2 Input   22 Bit        Muxes := 2     
	   6 Input   15 Bit        Muxes := 2     
	   3 Input   13 Bit        Muxes := 4     
	   2 Input   12 Bit        Muxes := 37    
	   3 Input   12 Bit        Muxes := 2     
	   2 Input   10 Bit        Muxes := 2     
	   7 Input    9 Bit        Muxes := 1     
	   2 Input    7 Bit        Muxes := 2     
	   4 Input    6 Bit        Muxes := 1     
	   2 Input    6 Bit        Muxes := 14    
	   5 Input    6 Bit        Muxes := 1     
	   2 Input    5 Bit        Muxes := 15    
	   2 Input    4 Bit        Muxes := 25    
	   3 Input    4 Bit        Muxes := 1     
	   2 Input    3 Bit        Muxes := 7     
	   4 Input    2 Bit        Muxes := 13    
	   9 Input    2 Bit        Muxes := 1     
	   2 Input    1 Bit        Muxes := 45    
	   3 Input    1 Bit        Muxes := 10    
	   6 Input    1 Bit        Muxes := 1     
	   4 Input    1 Bit        Muxes := 14    
	   5 Input    1 Bit        Muxes := 5     
	   7 Input    1 Bit        Muxes := 2     
	  12 Input    1 Bit        Muxes := 1     
	   9 Input    1 Bit        Muxes := 1     
---------------------------------------------------------------------------------
Finished RTL Component Statistics 
---------------------------------------------------------------------------------
---------------------------------------------------------------------------------
Start Part Resource Summary
---------------------------------------------------------------------------------
Part Resources:
DSPs: 40 (col length:40)
BRAMs: 40 (col length: RAMB18 40 RAMB36 20)
---------------------------------------------------------------------------------
Finished Part Resource Summary
---------------------------------------------------------------------------------
---------------------------------------------------------------------------------
Start Cross Boundary and Area Optimization
---------------------------------------------------------------------------------
---------------------------------------------------------------------------------
Finished Cross Boundary and Area Optimization : Time (s): cpu = 00:00:26 ; elapsed = 00:00:27 . Memory (MB): peak = 2465.176 ; gain = 661.648 ; free physical = 7627 ; free virtual = 55090
---------------------------------------------------------------------------------
---------------------------------------------------------------------------------
Start Applying XDC Timing Constraints
---------------------------------------------------------------------------------
---------------------------------------------------------------------------------
Finished Applying XDC Timing Constraints : Time (s): cpu = 00:00:29 ; elapsed = 00:00:30 . Memory (MB): peak = 2509.113 ; gain = 705.586 ; free physical = 7591 ; free virtual = 55053
---------------------------------------------------------------------------------
---------------------------------------------------------------------------------
Start Timing Optimization
---------------------------------------------------------------------------------
---------------------------------------------------------------------------------
Finished Timing Optimization : Time (s): cpu = 00:00:30 ; elapsed = 00:00:31 . Memory (MB): peak = 2529.129 ; gain = 725.602 ; free physical = 7570 ; free virtual = 55032
---------------------------------------------------------------------------------
---------------------------------------------------------------------------------
Start Technology Mapping
---------------------------------------------------------------------------------
---------------------------------------------------------------------------------
Finished Technology Mapping : Time (s): cpu = 00:00:31 ; elapsed = 00:00:32 . Memory (MB): peak = 2579.176 ; gain = 775.648 ; free physical = 7533 ; free virtual = 54999
---------------------------------------------------------------------------------
---------------------------------------------------------------------------------
Start IO Insertion
---------------------------------------------------------------------------------
---------------------------------------------------------------------------------
Start Flattening Before IO Insertion
---------------------------------------------------------------------------------
---------------------------------------------------------------------------------
Finished Flattening Before IO Insertion
---------------------------------------------------------------------------------
---------------------------------------------------------------------------------
Start Final Netlist Cleanup
---------------------------------------------------------------------------------
---------------------------------------------------------------------------------
Finished Final Netlist Cleanup
---------------------------------------------------------------------------------
---------------------------------------------------------------------------------
Finished IO Insertion : Time (s): cpu = 00:00:33 ; elapsed = 00:00:34 . Memory (MB): peak = 2704.988 ; gain = 901.461 ; free physical = 7437 ; free virtual = 54899
---------------------------------------------------------------------------------
---------------------------------------------------------------------------------
Start Renaming Generated Instances
---------------------------------------------------------------------------------
---------------------------------------------------------------------------------
Finished Renaming Generated Instances : Time (s): cpu = 00:00:33 ; elapsed = 00:00:34 . Memory (MB): peak = 2704.988 ; gain = 901.461 ; free physical = 7437 ; free virtual = 54900
---------------------------------------------------------------------------------
---------------------------------------------------------------------------------
Start Rebuilding User Hierarchy
---------------------------------------------------------------------------------
---------------------------------------------------------------------------------
Finished Rebuilding User Hierarchy : Time (s): cpu = 00:00:34 ; elapsed = 00:00:35 . Memory (MB): peak = 2704.988 ; gain = 901.461 ; free physical = 7431 ; free virtual = 54895
---------------------------------------------------------------------------------
---------------------------------------------------------------------------------
Start Renaming Generated Ports
---------------------------------------------------------------------------------
---------------------------------------------------------------------------------
Finished Renaming Generated Ports : Time (s): cpu = 00:00:34 ; elapsed = 00:00:35 . Memory (MB): peak = 2704.988 ; gain = 901.461 ; free physical = 7431 ; free virtual = 54895
---------------------------------------------------------------------------------
---------------------------------------------------------------------------------
Start Handling Custom Attributes
---------------------------------------------------------------------------------
---------------------------------------------------------------------------------
Finished Handling Custom Attributes : Time (s): cpu = 00:00:34 ; elapsed = 00:00:35 . Memory (MB): peak = 2704.988 ; gain = 901.461 ; free physical = 7427 ; free virtual = 54891
---------------------------------------------------------------------------------
---------------------------------------------------------------------------------
Start Renaming Generated Nets
---------------------------------------------------------------------------------
---------------------------------------------------------------------------------
Finished Renaming Generated Nets : Time (s): cpu = 00:00:34 ; elapsed = 00:00:35 . Memory (MB): peak = 2704.988 ; gain = 901.461 ; free physical = 7433 ; free virtual = 54896
---------------------------------------------------------------------------------
---------------------------------------------------------------------------------
Start ROM, RAM, DSP, Shift Register and Retiming Reporting
---------------------------------------------------------------------------------

Static Shift Register Report:
+-------------+--------------------------+--------+-------+--------------+--------------------+-------------------+--------+---------+
|Module Name  | RTL Name                 | Length | Width | Reset Signal | Pull out first Reg | Pull out last Reg | SRL16E | SRLC32E | 
+-------------+--------------------------+--------+-------+--------------+--------------------+-------------------+--------+---------+
|Kyber_Client | ntt/BU/R0/sum_r3_reg[10] | 3      | 11    | NO           | NO                 | YES               | 11     | 0       | 
|Kyber_Client | ntt/BU/R1/sum_r3_reg[10] | 3      | 11    | NO           | NO                 | YES               | 11     | 0       | 
|Kyber_Client | r_reg[31]                | 8      | 32    | NO           | NO                 | YES               | 32     | 0       | 
|Kyber_Client | rho_reg[31]              | 8      | 32    | NO           | NO                 | YES               | 32     | 0       | 
|Kyber_Client | hash_pk_reg[31]          | 8      | 32    | NO           | NO                 | YES               | 32     | 0       | 
|Kyber_Client | K_reg[31]                | 8      | 32    | NO           | NO                 | YES               | 32     | 0       | 
|Kyber_Client | hash_c_reg[31]           | 8      | 32    | NO           | NO                 | YES               | 32     | 0       | 
|Kyber_Client | endp_r_reg[72]           | 22     | 1     | YES          | NO                 | YES               | 0      | 1       | 
|Kyber_Client | endp_r_reg[49]           | 19     | 1     | YES          | NO                 | YES               | 0      | 1       | 
|Kyber_Client | endp_r_reg[29]           | 29     | 1     | YES          | NO                 | YES               | 0      | 1       | 
|Kyber_Client | eta3_r_reg[70]           | 4      | 1     | YES          | NO                 | YES               | 1      | 0       | 
|Kyber_Client | patt_r_reg[71]           | 4      | 2     | YES          | NO                 | YES               | 2      | 0       | 
|Kyber_Client | patt_r_reg[47]           | 7      | 1     | YES          | NO                 | YES               | 1      | 0       | 
|Kyber_Client | patt_r_reg[39]           | 8      | 1     | YES          | NO                 | YES               | 1      | 0       | 
|Kyber_Client | patt_r_reg[29]           | 15     | 1     | YES          | NO                 | YES               | 1      | 0       | 
|Kyber_Client | patt_r_reg[13]           | 12     | 1     | YES          | NO                 | YES               | 1      | 0       | 
+-------------+--------------------------+--------+-------+--------------+--------------------+-------------------+--------+---------+

---------------------------------------------------------------------------------
Finished ROM, RAM, DSP, Shift Register and Retiming Reporting
---------------------------------------------------------------------------------
---------------------------------------------------------------------------------
Start Writing Synthesis Report
---------------------------------------------------------------------------------

Report BlackBoxes: 
+------+-----------------+----------+
|      |BlackBox name    |Instances |
+------+-----------------+----------+
|1     |fifo_generator_2 |         1|
|2     |fifo_generator_3 |         1|
|3     |fifo_generator_6 |         1|
|4     |fifo_generator_0 |         1|
|5     |fifo_generator_1 |         1|
|6     |fifo_generator_7 |         1|
|7     |fifo_generator_8 |         1|
|8     |dist_mem_gen_5   |         1|
|9     |dist_mem_gen_6   |         1|
|10    |dist_mem_gen_7   |         1|
|11    |blk_mem_gen_0    |         2|
|12    |blk_mem_gen_2    |         2|
|13    |blk_mem_gen_1    |         1|
|14    |c_shift_ram_3    |         1|
|15    |c_shift_ram_4    |         2|
|16    |c_shift_ram_5    |         1|
|17    |c_shift_ram_6    |         1|
|18    |c_shift_ram_8    |         1|
|19    |c_shift_ram_11   |         1|
|20    |mult_gen_0       |         2|
|21    |c_shift_ram_0    |         2|
|22    |c_shift_ram_1    |         2|
+------+-----------------+----------+

Report Cell Usage: 
+------+---------------+------+
|      |Cell           |Count |
+------+---------------+------+
|1     |blk_mem_gen    |     1|
|2     |blk_mem_gen_0  |     1|
|3     |blk_mem_gen    |     2|
|5     |blk_mem_gen_2  |     1|
|6     |c_shift_ram    |     1|
|7     |c_shift_ram_0  |     1|
|8     |c_shift_ram    |     2|
|10    |c_shift_ram_1  |     1|
|11    |c_shift_ram    |     2|
|13    |c_shift_ram_4  |     1|
|14    |c_shift_ram    |     3|
|17    |dist_mem_gen   |     3|
|20    |fifo_generator |     7|
|27    |mult_gen       |     1|
|28    |mult_gen_0     |     1|
|29    |BUFG           |     1|
|30    |CARRY4         |   146|
|31    |LUT1           |   115|
|32    |LUT2           |   249|
|33    |LUT3           |  2038|
|34    |LUT4           |   246|
|35    |LUT5           |  2622|
|36    |LUT6           |   920|
|37    |MUXF7          |    48|
|38    |MUXF8          |     2|
|39    |SRL16E         |   189|
|40    |SRLC32E        |     3|
|41    |FDRE           |  3304|
|42    |FDSE           |    14|
|43    |IBUF           |    41|
|44    |OBUF           |    35|
+------+---------------+------+
---------------------------------------------------------------------------------
Finished Writing Synthesis Report : Time (s): cpu = 00:00:34 ; elapsed = 00:00:35 . Memory (MB): peak = 2704.988 ; gain = 901.461 ; free physical = 7431 ; free virtual = 54895
---------------------------------------------------------------------------------
Synthesis finished with 0 errors, 0 critical warnings and 0 warnings.
Synthesis Optimization Runtime : Time (s): cpu = 00:00:32 ; elapsed = 00:00:34 . Memory (MB): peak = 2704.988 ; gain = 793.688 ; free physical = 7428 ; free virtual = 54892
Synthesis Optimization Complete : Time (s): cpu = 00:00:34 ; elapsed = 00:00:35 . Memory (MB): peak = 2704.996 ; gain = 901.461 ; free physical = 7428 ; free virtual = 54892
INFO: [Project 1-571] Translating synthesized netlist
Netlist sorting complete. Time (s): cpu = 00:00:00.03 ; elapsed = 00:00:00.04 . Memory (MB): peak = 2704.996 ; gain = 0.000 ; free physical = 7595 ; free virtual = 55059
INFO: [Netlist 29-17] Analyzing 196 Unisim elements for replacement
INFO: [Netlist 29-28] Unisim Transformation completed in 0 CPU seconds
INFO: [Project 1-570] Preparing netlist for logic optimization
INFO: [Opt 31-138] Pushed 0 inverter(s) to 0 load pin(s).
Netlist sorting complete. Time (s): cpu = 00:00:00.01 ; elapsed = 00:00:00 . Memory (MB): peak = 2761.016 ; gain = 0.000 ; free physical = 7584 ; free virtual = 55048
INFO: [Project 1-111] Unisim Transformation Summary:
No Unisim elements were transformed.

Synth Design complete | Checksum: dd8bda19
INFO: [Common 17-83] Releasing license: Synthesis
115 Infos, 37 Warnings, 0 Critical Warnings and 0 Errors encountered.
synth_design completed successfully
synth_design: Time (s): cpu = 00:00:39 ; elapsed = 00:00:38 . Memory (MB): peak = 2761.051 ; gain = 1149.617 ; free physical = 7591 ; free virtual = 55055
INFO: [Common 17-2834] synth_design peak Physical Memory [PSS] (MB): overall = 1892.646; main = 1841.633; forked = 281.256
INFO: [Common 17-2834] synth_design peak Virtual Memory [VSS] (MB): overall = 3508.516; main = 2761.020; forked = 988.398
Write ShapeDB Complete: Time (s): cpu = 00:00:00.02 ; elapsed = 00:00:00.01 . Memory (MB): peak = 2785.027 ; gain = 0.000 ; free physical = 7590 ; free virtual = 55055
INFO: [Common 17-1381] The checkpoint '/home/lincoln/Documents/ECE/470/Kyber/CRYSTALS-Kyber/Crystals-kyber/Crystals-kyber.runs/synth_2/Kyber_Client.dcp' has been generated.
INFO: [Vivado 12-24828] Executing command : report_utilization -file Kyber_Client_utilization_synth.rpt -pb Kyber_Client_utilization_synth.pb
INFO: [Common 17-206] Exiting Vivado at Thu Apr  9 10:22:13 2026...
