Copyright 1986-2022 Xilinx, Inc. All Rights Reserved. Copyright 2022-2025 Advanced Micro Devices, Inc. All Rights Reserved.
---------------------------------------------------------------------------------------------------------------------------------------------
| Tool Version : Vivado v.2025.2 (lin64) Build 6299465 Fri Nov 14 12:34:56 MST 2025
| Date         : Fri May 22 18:08:25 2026
| Host         : xanadu running 64-bit (none)
| Command      : report_timing_summary -file /data/claude_sandbox/CRYSTALS-Kyber/Crystals-kyber/audit_reports/masked_compress_d1_timing.rpt
| Design       : masked_compress_d1
| Device       : 7a35t-cpg236
| Speed File   : -1  PRODUCTION 1.23 2018-06-13
| Design State : Synthesized
---------------------------------------------------------------------------------------------------------------------------------------------

Timing Summary Report

------------------------------------------------------------------------------------------------
| Timer Settings
| --------------
------------------------------------------------------------------------------------------------

  Enable Multi Corner Analysis               :  Yes
  Enable Pessimism Removal                   :  Yes
  Pessimism Removal Resolution               :  Nearest Common Node
  Enable Input Delay Default Clock           :  No
  Enable Preset / Clear Arcs                 :  No
  Disable Flight Delays                      :  No
  Ignore I/O Paths                           :  No
  Timing Early Launch at Borrowing Latches   :  No
  Borrow Time for Max Delay Exceptions       :  Yes
  Merge Timing Exceptions                    :  Yes
  Inter-SLR Compensation                     :  Conservative

  Corner  Analyze    Analyze    
  Name    Max Paths  Min Paths  
  ------  ---------  ---------  
  Slow    Yes        Yes        
  Fast    Yes        Yes        


------------------------------------------------------------------------------------------------
| Report Methodology
| ------------------
------------------------------------------------------------------------------------------------

No report available as report_methodology has not been run prior. Run report_methodology on the current design for the summary of methodology violations.



check_timing report

Table of Contents
-----------------
1. checking no_clock (0)
2. checking constant_clock (0)
3. checking pulse_width_clock (0)
4. checking unconstrained_internal_endpoints (0)
5. checking no_input_delay (332)
6. checking no_output_delay (3)
7. checking multiple_clock (0)
8. checking generated_clocks (0)
9. checking loops (0)
10. checking partial_input_delay (0)
11. checking partial_output_delay (0)
12. checking latch_loops (0)

1. checking no_clock (0)
------------------------
 There are 0 register/latch pins with no clock.


2. checking constant_clock (0)
------------------------------
 There are 0 register/latch pins with constant_clock.


3. checking pulse_width_clock (0)
---------------------------------
 There are 0 register/latch pins which need pulse_width check


4. checking unconstrained_internal_endpoints (0)
------------------------------------------------
 There are 0 pins that are not constrained for maximum delay.

 There are 0 pins that are not constrained for maximum delay due to constant clock.


5. checking no_input_delay (332)
--------------------------------
 There are 332 input ports with no input delay specified. (HIGH)

 There are 0 input ports with no input delay but user has a false path constraint.


6. checking no_output_delay (3)
-------------------------------
 There are 3 ports with no output delay specified. (HIGH)

 There are 0 ports with no output delay but user has a false path constraint

 There are 0 ports with no output delay but with a timing clock defined on it or propagating through it


7. checking multiple_clock (0)
------------------------------
 There are 0 register/latch pins with multiple clocks.


8. checking generated_clocks (0)
--------------------------------
 There are 0 generated clocks that are not connected to a clock source.


9. checking loops (0)
---------------------
 There are 0 combinational loops in the design.


10. checking partial_input_delay (0)
------------------------------------
 There are 0 input ports with partial input delay specified.


11. checking partial_output_delay (0)
-------------------------------------
 There are 0 ports with partial output delay specified.


12. checking latch_loops (0)
----------------------------
 There are 0 combinational latch loops in the design through latch input



------------------------------------------------------------------------------------------------
| Design Timing Summary
| ---------------------
------------------------------------------------------------------------------------------------

    WNS(ns)      TNS(ns)  TNS Failing Endpoints  TNS Total Endpoints      WHS(ns)      THS(ns)  THS Failing Endpoints  THS Total Endpoints     WPWS(ns)     TPWS(ns)  TPWS Failing Endpoints  TPWS Total Endpoints  
    -------      -------  ---------------------  -------------------      -------      -------  ---------------------  -------------------     --------     --------  ----------------------  --------------------  
     -0.589       -0.711                     12                 3940        0.258        0.000                      0                 3940        2.500        0.000                       0                  3039  


Timing constraints are not met.


------------------------------------------------------------------------------------------------
| Clock Summary
| -------------
------------------------------------------------------------------------------------------------

Clock  Waveform(ns)         Period(ns)      Frequency(MHz)
-----  ------------         ----------      --------------
clk    {0.000 3.000}        6.000           166.667         


------------------------------------------------------------------------------------------------
| Intra Clock Table
| -----------------
------------------------------------------------------------------------------------------------

Clock             WNS(ns)      TNS(ns)  TNS Failing Endpoints  TNS Total Endpoints      WHS(ns)      THS(ns)  THS Failing Endpoints  THS Total Endpoints     WPWS(ns)     TPWS(ns)  TPWS Failing Endpoints  TPWS Total Endpoints  
-----             -------      -------  ---------------------  -------------------      -------      -------  ---------------------  -------------------     --------     --------  ----------------------  --------------------  
clk                -0.589       -0.711                     12                 3940        0.258        0.000                      0                 3940        2.500        0.000                       0                  3039  


------------------------------------------------------------------------------------------------
| Inter Clock Table
| -----------------
------------------------------------------------------------------------------------------------

From Clock    To Clock          WNS(ns)      TNS(ns)  TNS Failing Endpoints  TNS Total Endpoints      WHS(ns)      THS(ns)  THS Failing Endpoints  THS Total Endpoints  
----------    --------          -------      -------  ---------------------  -------------------      -------      -------  ---------------------  -------------------  


------------------------------------------------------------------------------------------------
| Other Path Groups Table
| -----------------------
------------------------------------------------------------------------------------------------

Path Group    From Clock    To Clock          WNS(ns)      TNS(ns)  TNS Failing Endpoints  TNS Total Endpoints      WHS(ns)      THS(ns)  THS Failing Endpoints  THS Total Endpoints  
----------    ----------    --------          -------      -------  ---------------------  -------------------      -------      -------  ---------------------  -------------------  


------------------------------------------------------------------------------------------------
| Timing Details
| --------------
------------------------------------------------------------------------------------------------


---------------------------------------------------------------------------------------------------
From Clock:  clk
  To Clock:  clk

Setup :           12  Failing Endpoints,  Worst Slack       -0.589ns,  Total Violation       -0.711ns
Hold  :            0  Failing Endpoints,  Worst Slack        0.258ns,  Total Violation        0.000ns
PW    :            0  Failing Endpoints,  Worst Slack        2.500ns,  Total Violation        0.000ns
---------------------------------------------------------------------------------------------------


Max Delay Paths
--------------------------------------------------------------------------------------
Slack (VIOLATED) :        -0.589ns  (required time - arrival time)
  Source:                 u_x2x/MaskConv_2SHARE_inst/genblk04[0].SecADD_inst/genblk4[3].box4_inst/SecOR_inst/SecAND_inst/genblk1[0].genblk1[1].D_reg_inst/q_reg[4]/C
                            (rising edge-triggered cell FDCE clocked by clk  {rise@0.000ns fall@3.000ns period=6.000ns})
  Destination:            u_x2x/MaskConv_2SHARE_inst/genblk3[0].D_reg_S1_modq/q_reg[0]/D
                            (falling edge-triggered cell FDCE clocked by clk  {rise@0.000ns fall@3.000ns period=6.000ns})
  Path Group:             clk
  Path Type:              Setup (Max at Slow Process Corner)
  Requirement:            3.000ns  (clk fall@3.000ns - clk rise@0.000ns)
  Data Path Delay:        3.537ns  (logic 1.247ns (35.256%)  route 2.290ns (64.744%))
  Logic Levels:           5  (LUT1=1 LUT2=4)
  Clock Path Skew:        -0.049ns (DCD - SCD + CPR)
    Destination Clock Delay (DCD):    0.924ns = ( 3.924 - 3.000 ) 
    Source Clock Delay      (SCD):    0.973ns
    Clock Pessimism Removal (CPR):    0.000ns
  Clock Uncertainty:      0.035ns  ((TSJ^2 + TIJ^2)^1/2 + DJ) / 2 + PE
    Total System Jitter     (TSJ):    0.071ns
    Total Input Jitter      (TIJ):    0.000ns
    Discrete Jitter          (DJ):    0.000ns
    Phase Error              (PE):    0.000ns

    Location             Delay type                Incr(ns)  Path(ns)    Netlist Resource(s)
  -------------------------------------------------------------------    -------------------
                         (clock clk rise edge)        0.000     0.000 r  
                                                      0.000     0.000 r  clk (IN)
                         net (fo=3038, unset)         0.973     0.973    u_x2x/MaskConv_2SHARE_inst/genblk04[0].SecADD_inst/genblk4[3].box4_inst/SecOR_inst/SecAND_inst/genblk1[0].genblk1[1].D_reg_inst/clk
                         FDCE                                         r  u_x2x/MaskConv_2SHARE_inst/genblk04[0].SecADD_inst/genblk4[3].box4_inst/SecOR_inst/SecAND_inst/genblk1[0].genblk1[1].D_reg_inst/q_reg[4]/C
  -------------------------------------------------------------------    -------------------
                         FDCE (Prop_fdce_C_Q)         0.456     1.429 r  u_x2x/MaskConv_2SHARE_inst/genblk04[0].SecADD_inst/genblk4[3].box4_inst/SecOR_inst/SecAND_inst/genblk1[0].genblk1[1].D_reg_inst/q_reg[4]/Q
                         net (fo=1, unplaced)         0.470     1.899    u_x2x/MaskConv_2SHARE_inst/genblk04[0].SecADD_inst/genblk4[3].box4_inst/SecOR_inst/SecAND_inst/p_3_in[4]
                         LUT2 (Prop_lut2_I0_O)        0.295     2.194 f  u_x2x/MaskConv_2SHARE_inst/genblk04[0].SecADD_inst/genblk4[3].box4_inst/SecOR_inst/SecAND_inst/c[0][4]_INST_0/O
                         net (fo=1, unplaced)         0.449     2.643    u_x2x/MaskConv_2SHARE_inst/genblk04[0].SecADD_inst/genblk4[3].box4_inst/SecOR_inst/NOT_and_inst/in[0][4]
                         LUT1 (Prop_lut1_I0_O)        0.124     2.767 r  u_x2x/MaskConv_2SHARE_inst/genblk04[0].SecADD_inst/genblk4[3].box4_inst/SecOR_inst/NOT_and_inst/out[0][4]_INST_0/O
                         net (fo=1, unplaced)         0.449     3.216    u_x2x/MaskConv_2SHARE_inst/genblk04[0].SecADD_inst/XOR_final_inst/b[0][12]
                         LUT2 (Prop_lut2_I0_O)        0.124     3.340 r  u_x2x/MaskConv_2SHARE_inst/genblk04[0].SecADD_inst/XOR_final_inst/c[0][12]_INST_0/O
                         net (fo=4, unplaced)         0.473     3.813    u_x2x/MaskConv_2SHARE_inst/S_SecAdd[0][0][12]
                         LUT2 (Prop_lut2_I1_O)        0.124     3.937 r  u_x2x/MaskConv_2SHARE_inst/carry_refresh_inst_i_2/O
                         net (fo=1, unplaced)         0.449     4.386    u_x2x/MaskConv_2SHARE_inst/carry_refresh_inst/a[0][0]
                         LUT2 (Prop_lut2_I1_O)        0.124     4.510 r  u_x2x/MaskConv_2SHARE_inst/carry_refresh_inst/c[0][0]_INST_0/O
                         net (fo=1, unplaced)         0.000     4.510    u_x2x/MaskConv_2SHARE_inst/genblk3[0].D_reg_S1_modq/d[0]
                         FDCE                                         r  u_x2x/MaskConv_2SHARE_inst/genblk3[0].D_reg_S1_modq/q_reg[0]/D
  -------------------------------------------------------------------    -------------------

                         (clock clk fall edge)        3.000     3.000 f  
                                                      0.000     3.000 f  clk (IN)
                         net (fo=3038, unset)         0.924     3.924    u_x2x/MaskConv_2SHARE_inst/genblk3[0].D_reg_S1_modq/clk
                         FDCE                                         r  u_x2x/MaskConv_2SHARE_inst/genblk3[0].D_reg_S1_modq/q_reg[0]/C  (IS_INVERTED)
                         clock pessimism              0.000     3.924    
                         clock uncertainty           -0.035     3.889    
                         FDCE (Setup_fdce_C_D)        0.032     3.921    u_x2x/MaskConv_2SHARE_inst/genblk3[0].D_reg_S1_modq/q_reg[0]
  -------------------------------------------------------------------
                         required time                          3.921    
                         arrival time                          -4.510    
  -------------------------------------------------------------------
                         slack                                 -0.589    





Min Delay Paths
--------------------------------------------------------------------------------------
Slack (MET) :             0.258ns  (arrival time - required time)
  Source:                 u_x2x/MaskConv_2SHARE_inst/genblk04[0].SecADD_inst/genblk3[0].box13_inst/and_1/genblk1[0].genblk1[0].D_reg_inst/q_reg[2]/C
                            (rising edge-triggered cell FDCE clocked by clk  {rise@0.000ns fall@3.000ns period=6.000ns})
  Destination:            u_x2x/MaskConv_2SHARE_inst/genblk04[0].SecADD_inst/genblk7[1].genblk1[0].D_reg_box_P1r0/q_reg[0]/D
                            (rising edge-triggered cell FDCE clocked by clk  {rise@0.000ns fall@3.000ns period=6.000ns})
  Path Group:             clk
  Path Type:              Hold (Min at Fast Process Corner)
  Requirement:            0.000ns  (clk rise@0.000ns - clk rise@0.000ns)
  Data Path Delay:        0.370ns  (logic 0.239ns (64.578%)  route 0.131ns (35.422%))
  Logic Levels:           1  (LUT2=1)
  Clock Path Skew:        0.022ns (DCD - SCD - CPR)
    Destination Clock Delay (DCD):    0.432ns
    Source Clock Delay      (SCD):    0.410ns
    Clock Pessimism Removal (CPR):    -0.000ns

    Location             Delay type                Incr(ns)  Path(ns)    Netlist Resource(s)
  -------------------------------------------------------------------    -------------------
                         (clock clk rise edge)        0.000     0.000 r  
                                                      0.000     0.000 r  clk (IN)
                         net (fo=3038, unset)         0.410     0.410    u_x2x/MaskConv_2SHARE_inst/genblk04[0].SecADD_inst/genblk3[0].box13_inst/and_1/genblk1[0].genblk1[0].D_reg_inst/clk
                         FDCE                                         r  u_x2x/MaskConv_2SHARE_inst/genblk04[0].SecADD_inst/genblk3[0].box13_inst/and_1/genblk1[0].genblk1[0].D_reg_inst/q_reg[2]/C
  -------------------------------------------------------------------    -------------------
                         FDCE (Prop_fdce_C_Q)         0.141     0.551 r  u_x2x/MaskConv_2SHARE_inst/genblk04[0].SecADD_inst/genblk3[0].box13_inst/and_1/genblk1[0].genblk1[0].D_reg_inst/q_reg[2]/Q
                         net (fo=1, unplaced)         0.131     0.682    u_x2x/MaskConv_2SHARE_inst/genblk04[0].SecADD_inst/genblk3[0].box13_inst/and_1/p_2_in[2]
                         LUT2 (Prop_lut2_I1_O)        0.098     0.780 r  u_x2x/MaskConv_2SHARE_inst/genblk04[0].SecADD_inst/genblk3[0].box13_inst/and_1/c[0][2]_INST_0/O
                         net (fo=5, unplaced)         0.000     0.780    u_x2x/MaskConv_2SHARE_inst/genblk04[0].SecADD_inst/genblk7[1].genblk1[0].D_reg_box_P1r0/d[0]
                         FDCE                                         r  u_x2x/MaskConv_2SHARE_inst/genblk04[0].SecADD_inst/genblk7[1].genblk1[0].D_reg_box_P1r0/q_reg[0]/D
  -------------------------------------------------------------------    -------------------

                         (clock clk rise edge)        0.000     0.000 r  
                                                      0.000     0.000 r  clk (IN)
                         net (fo=3038, unset)         0.432     0.432    u_x2x/MaskConv_2SHARE_inst/genblk04[0].SecADD_inst/genblk7[1].genblk1[0].D_reg_box_P1r0/clk
                         FDCE                                         r  u_x2x/MaskConv_2SHARE_inst/genblk04[0].SecADD_inst/genblk7[1].genblk1[0].D_reg_box_P1r0/q_reg[0]/C
                         clock pessimism              0.000     0.432    
                         FDCE (Hold_fdce_C_D)         0.091     0.523    u_x2x/MaskConv_2SHARE_inst/genblk04[0].SecADD_inst/genblk7[1].genblk1[0].D_reg_box_P1r0/q_reg[0]
  -------------------------------------------------------------------
                         required time                         -0.523    
                         arrival time                           0.780    
  -------------------------------------------------------------------
                         slack                                  0.258    





Pulse Width Checks
--------------------------------------------------------------------------------------
Clock Name:         clk
Waveform(ns):       { 0.000 3.000 }
Period(ns):         6.000
Sources:            { clk }

Check Type        Corner  Lib Pin  Reference Pin  Required(ns)  Actual(ns)  Slack(ns)  Location  Pin
Min Period        n/a     FDCE/C   n/a            1.000         6.000       5.000                u_x2x/MaskConv_2SHARE_inst/ready_data_reg/C
Low Pulse Width   Slow    FDCE/C   n/a            0.500         3.000       2.500                u_x2x/MaskConv_2SHARE_inst/ready_data_reg/C
High Pulse Width  Slow    FDCE/C   n/a            0.500         3.000       2.500                u_x2x/MaskConv_2SHARE_inst/ready_data_reg/C



