
*** Running vivado
    with args -log Kyber_top.vds -m64 -product Vivado -mode batch -messageDb vivado.pb -notrace -source Kyber_top.tcl


****** Vivado v2025.2 (64-bit)
  **** SW Build 6299465 on Fri Nov 14 12:34:56 MST 2025
  **** IP Build 6300035 on Fri Nov 14 10:48:45 MST 2025
  **** SharedData Build 6298862 on Thu Nov 13 04:50:51 MST 2025
  **** Start of session at: Mon May 25 00:11:43 2026
    ** Copyright 1986-2022 Xilinx, Inc. All Rights Reserved.
    ** Copyright 2022-2025 Advanced Micro Devices, Inc. All Rights Reserved.

source Kyber_top.tcl -notrace
Command: read_checkpoint -auto_incremental -incremental /data/claude_sandbox/CRYSTALS-Kyber/Crystals-kyber/Crystals-kyber.srcs/utils_1/imports/synth_1/Kyber_Client.dcp
INFO: [Vivado 12-5825] Read reference checkpoint from /data/claude_sandbox/CRYSTALS-Kyber/Crystals-kyber/Crystals-kyber.srcs/utils_1/imports/synth_1/Kyber_Client.dcp for incremental synthesis
INFO: [Vivado 12-7989] Please ensure there are no constraint changes
Command: synth_design -top Kyber_top -part xc7a35tcsg324-1
Starting synth_design
Attempting to get a license for feature 'Synthesis' and/or device 'xc7a35t'
INFO: [Common 17-349] Got license for feature 'Synthesis' and/or device 'xc7a35t'
INFO: [Device 21-403] Loading part xc7a35tcsg324-1
INFO: [Synth 8-7079] Multithreading enabled for synth_design using a maximum of 7 processes.
INFO: [Synth 8-7078] Launching helper process for spawning children vivado processes
INFO: [Synth 8-7075] Helper process launched with PID 348
---------------------------------------------------------------------------------
Starting RTL Elaboration : Time (s): cpu = 00:00:02 ; elapsed = 00:00:02 . Memory (MB): peak = 2204.121 ; gain = 399.148 ; free physical = 1625 ; free virtual = 63837
---------------------------------------------------------------------------------
INFO: [Synth 8-11241] undeclared symbol 'ena_sft', assumed default net type 'wire' [/data/claude_sandbox/CRYSTALS-Kyber/Crystals-kyber/Crystals-kyber.srcs/sources_1/imports/new/Kyber_Server.v:626]
INFO: [Synth 8-11241] undeclared symbol 'NTT_finish', assumed default net type 'wire' [/data/claude_sandbox/CRYSTALS-Kyber/Crystals-kyber/Crystals-kyber.srcs/sources_1/imports/new/Kyber_Server.v:633]
WARNING: [Synth 8-10929] literal value 'h38 truncated to fit in 5 bits [/data/claude_sandbox/CRYSTALS-Kyber/Crystals-kyber/Crystals-kyber.srcs/sources_1/imports/new/NTT_core_Server.v:465]
WARNING: [Synth 8-10929] literal value 'h39 truncated to fit in 5 bits [/data/claude_sandbox/CRYSTALS-Kyber/Crystals-kyber/Crystals-kyber.srcs/sources_1/imports/new/NTT_core_Server.v:469]
ERROR: [Synth 8-439] module 'Kyber_top' not found
---------------------------------------------------------------------------------
Finished RTL Elaboration : Time (s): cpu = 00:00:03 ; elapsed = 00:00:03 . Memory (MB): peak = 2295.090 ; gain = 490.117 ; free physical = 1531 ; free virtual = 63745
---------------------------------------------------------------------------------
RTL Elaboration failed
INFO: [Common 17-83] Releasing license: Synthesis
10 Infos, 2 Warnings, 0 Critical Warnings and 2 Errors encountered.
synth_design failed
synth_design: Time (s): cpu = 00:00:05 ; elapsed = 00:00:05 . Memory (MB): peak = 2295.098 ; gain = 682.219 ; free physical = 1530 ; free virtual = 63745
INFO: [Common 17-2834] synth_design peak Physical Memory [PSS] (MB): overall = 1920.450; main = 1573.957; forked = 346.493
INFO: [Common 17-2834] synth_design peak Virtual Memory [VSS] (MB): overall = 3284.129; main = 2295.094; forked = 989.035
ERROR: [Common 17-69] Command failed: Synthesis failed - please see the console or run log file for details
INFO: [Common 17-206] Exiting Vivado at Mon May 25 00:11:52 2026...
