Copyright 1986-2022 Xilinx, Inc. All Rights Reserved. Copyright 2022-2025 Advanced Micro Devices, Inc. All Rights Reserved.
---------------------------------------------------------------------------------------------------------------------------------------------
| Tool Version : Vivado v.2025.2 (lin64) Build 6299465 Fri Nov 14 12:34:56 MST 2025
| Date         : Thu Apr  9 10:23:26 2026
| Host         : xanadu running 64-bit Manjaro Linux
| Command      : report_control_sets -verbose -file Kyber_Client_control_sets_placed.rpt
| Design       : Kyber_Client
| Device       : xc7a12t
---------------------------------------------------------------------------------------------------------------------------------------------

Control Set Information

Table of Contents
-----------------
1. Summary
2. Histogram
3. Flip-Flop Distribution
4. Detailed Control Set Information

1. Summary
----------

+----------------------------------------------------------+-------+
|                          Status                          | Count |
+----------------------------------------------------------+-------+
| Total control sets                                       |    80 |
|    Minimum number of control sets                        |    80 |
|    Addition due to synthesis replication                 |     0 |
|    Addition due to physical synthesis replication        |     0 |
| Unused register locations in slices containing registers |   129 |
+----------------------------------------------------------+-------+
* Control sets can be merged at opt_design using control_set_merge or merge_equivalent_drivers
** Run report_qor_suggestions for automated merging and remapping suggestions


2. Histogram
------------

+--------------------+-------+
|       Fanout       | Count |
+--------------------+-------+
| Total control sets |    80 |
| >= 0 to < 4        |     1 |
| >= 4 to < 6        |     7 |
| >= 6 to < 8        |     9 |
| >= 8 to < 10       |     5 |
| >= 10 to < 12      |     1 |
| >= 12 to < 14      |     2 |
| >= 14 to < 16      |     1 |
| >= 16              |    54 |
+--------------------+-------+
* Control sets can be remapped at either synth_design or opt_design


3. Flip-Flop Distribution
-------------------------

+--------------+-----------------------+------------------------+-----------------+--------------+
| Clock Enable | Synchronous Set/Reset | Asynchronous Set/Reset | Total Registers | Total Slices |
+--------------+-----------------------+------------------------+-----------------+--------------+
| No           | No                    | No                     |            1105 |          355 |
| No           | No                    | Yes                    |               0 |            0 |
| No           | Yes                   | No                     |              66 |           31 |
| Yes          | No                    | No                     |             674 |          193 |
| Yes          | No                    | Yes                    |               0 |            0 |
| Yes          | Yes                   | No                     |            2130 |          772 |
+--------------+-----------------------+------------------------+-----------------+--------------+


4. Detailed Control Set Information
-----------------------------------

+----------------+-----------------------------------------------------------------------------------------------------------+------------------------------------------------+------------------+----------------+--------------+
|  Clock Signal  |                                               Enable Signal                                               |                Set/Reset Signal                | Slice Load Count | Bel Load Count | Bels / Slice |
+----------------+-----------------------------------------------------------------------------------------------------------+------------------------------------------------+------------------+----------------+--------------+
|  clk_IBUF_BUFG |                                                                                                           | ntt/dout1                                      |                1 |              1 |         1.00 |
|  clk_IBUF_BUFG | hash/hash/FSM/E[0]                                                                                        | keccak_ctr[0]                                  |                1 |              4 |         4.00 |
|  clk_IBUF_BUFG | ntt/ctr_k[3]_i_2_n_0                                                                                      | ntt/ctr_k[3]_i_1_n_0                           |                1 |              4 |         4.00 |
|  clk_IBUF_BUFG | decode/data_rnd_ctr[0]                                                                                    | decode/state_reg[1]_rep__0                     |                1 |              4 |         4.00 |
|  clk_IBUF_BUFG | hash/decode/state[3]_i_1__0_n_0                                                                           | rst_IBUF                                       |                1 |              4 |         4.00 |
|  clk_IBUF_BUFG |                                                                                                           | ntt/dout[3]_i_1_n_0                            |                1 |              4 |         4.00 |
|  clk_IBUF_BUFG | hash/pad_flag                                                                                             | hash/hash/FSM/FSM_sequential_STATE_reg[0]_0[0] |                1 |              5 |         5.00 |
|  clk_IBUF_BUFG | ntt/ctr_group[4]_i_1_n_0                                                                                  |                                                |                1 |              5 |         5.00 |
|  clk_IBUF_BUFG |                                                                                                           | ntt/state[4]                                   |                4 |              6 |         1.50 |
|  clk_IBUF_BUFG |                                                                                                           | keccak_ctr[0]                                  |                2 |              6 |         3.00 |
|  clk_IBUF_BUFG | decode/data_ctr[0]                                                                                        | data_ctr[5]_i_1_n_0                            |                3 |              6 |         2.00 |
|  clk_IBUF_BUFG | ntt/E[0]                                                                                                  | rst_IBUF                                       |                4 |              6 |         1.50 |
|  clk_IBUF_BUFG | pad_ctr[5]_i_1_n_0                                                                                        |                                                |                3 |              6 |         2.00 |
|  clk_IBUF_BUFG | ntt/ctr_j[5]_i_2_n_0                                                                                      | ntt/ctr_j[5]_i_1_n_0                           |                2 |              6 |         3.00 |
|  clk_IBUF_BUFG | hash/hash/RoundFunction/Reg/pad_flag_reg                                                                  | hash/squeeze_ctr[5]_i_1_n_0                    |                3 |              6 |         2.00 |
|  clk_IBUF_BUFG | ntt/ctr_i[0]                                                                                              |                                                |                2 |              7 |         3.50 |
|  clk_IBUF_BUFG | ntt/raddr_RAM2[6]_i_1_n_0                                                                                 |                                                |                3 |              7 |         2.33 |
|  clk_IBUF_BUFG |                                                                                                           | ntt/dout[21]_i_1_n_0                           |                2 |              8 |         4.00 |
|  clk_IBUF_BUFG | hash/decode/fifo_GENA_ctr_reg[7][0]                                                                       | hash/hash/FSM/SR[0]                            |                2 |              8 |         4.00 |
|  clk_IBUF_BUFG | hash/hash/FSM/LFSR[7]_i_2_n_0                                                                             | hash/hash/FSM/RESET_LFSR                       |                3 |              8 |         2.67 |
|  clk_IBUF_BUFG | next_state[0]                                                                                             | rst_IBUF                                       |                6 |              9 |         1.50 |
|  clk_IBUF_BUFG |                                                                                                           | hash/decode/state_r2[3]                        |                3 |              9 |         3.00 |
|  clk_IBUF_BUFG | hash/fifo8/U0/inst_fifo_gen/gconvfifo.rf/grf.rf/gntv_or_sync_fifo.gl0.wr/gwss.wsts/E[0]                   | rst_IBUF                                       |                2 |             10 |         5.00 |
|  clk_IBUF_BUFG | hash/decode/E[0]                                                                                          |                                                |                6 |             12 |         2.00 |
|  clk_IBUF_BUFG | hash/fifo2/U0/inst_fifo_gen/gconvfifo.rf/grf.rf/gntv_or_sync_fifo.gl0.wr/gwss.wsts/E[0]                   | rst_IBUF                                       |                2 |             12 |         6.00 |
|  clk_IBUF_BUFG | IFIFO/U0/inst_fifo_gen/gconvfifo.rf/grf.rf/gntv_or_sync_fifo.gl0.wr/gwss.wsts/E[0]                        | rst_IBUF                                       |                3 |             14 |         4.67 |
|  clk_IBUF_BUFG | hash/fifo1/U0/inst_fifo_gen/gconvfifo.rf/grf.rf/gntv_or_sync_fifo.gl0.wr/gwss.wsts/E[0]                   | rst_IBUF                                       |                4 |             16 |         4.00 |
|  clk_IBUF_BUFG | hash/fifo0/U0/inst_fifo_gen/gconvfifo.rf/grf.rf/gntv_or_sync_fifo.gl0.wr/gwss.wsts/E[0]                   | rst_IBUF                                       |                3 |             16 |         5.33 |
|  clk_IBUF_BUFG | OFIFO/U0/inst_fifo_gen/gconvfifo.rf/grf.rf/gntv_or_sync_fifo.gl0.wr/gwss.wsts/E[0]                        | rst_IBUF                                       |                6 |             18 |         3.00 |
|  clk_IBUF_BUFG | DFIFO/U0/inst_fifo_gen/gconvfifo.rf/grf.rf/gntv_or_sync_fifo.gl0.wr/gwss.wsts/E[0]                        | rst_IBUF                                       |                4 |             18 |         4.50 |
|  clk_IBUF_BUFG | DFIFO/U0/inst_fifo_gen/gconvfifo.rf/grf.rf/gntv_or_sync_fifo.gl0.wr/wpntr/gcc0.gc0.count_d1_reg[6]_1      |                                                |                8 |             32 |         4.00 |
|  clk_IBUF_BUFG |                                                                                                           | rst_IBUF                                       |               18 |             32 |         1.78 |
|  clk_IBUF_BUFG | DFIFO/U0/inst_fifo_gen/gconvfifo.rf/grf.rf/gntv_or_sync_fifo.gl0.wr/wpntr/gcc0.gc0.count_d1_reg[6]_0      |                                                |                8 |             32 |         4.00 |
|  clk_IBUF_BUFG | hash/fifo1/U0/inst_fifo_gen/gconvfifo.rf/grf.rf/gntv_or_sync_fifo.gl0.wr/wpntr/gcc0.gc0.count_d1_reg[7]_0 |                                                |                8 |             32 |         4.00 |
|  clk_IBUF_BUFG | hash/fifo1/U0/inst_fifo_gen/gconvfifo.rf/grf.rf/gntv_or_sync_fifo.gl0.wr/wpntr/gcc0.gc0.count_d1_reg[6]_2 |                                                |                8 |             32 |         4.00 |
|  clk_IBUF_BUFG | ntt/state_reg[3]_0[0]                                                                                     |                                                |               18 |             32 |         1.78 |
|  clk_IBUF_BUFG | hash/fifo1/U0/inst_fifo_gen/gconvfifo.rf/grf.rf/gntv_or_sync_fifo.gl0.wr/wpntr/gcc0.gc0.count_d1_reg[6]_1 |                                                |                8 |             32 |         4.00 |
|  clk_IBUF_BUFG | hash/fifo1/U0/inst_fifo_gen/gconvfifo.rf/grf.rf/gntv_or_sync_fifo.gl0.wr/wpntr/gcc0.gc0.count_d1_reg[6]_0 |                                                |                8 |             32 |         4.00 |
|  clk_IBUF_BUFG | DFIFO/U0/inst_fifo_gen/gconvfifo.rf/grf.rf/gntv_or_sync_fifo.gl0.wr/wpntr/gcc0.gc0.count_d1_reg[8]_0      |                                                |                8 |             32 |         4.00 |
|  clk_IBUF_BUFG | DFIFO/U0/inst_fifo_gen/gconvfifo.rf/grf.rf/gntv_or_sync_fifo.gl0.wr/wpntr/wr_en_2                         |                                                |                8 |             32 |         4.00 |
|  clk_IBUF_BUFG | DFIFO/U0/inst_fifo_gen/gconvfifo.rf/grf.rf/gntv_or_sync_fifo.gl0.wr/wpntr/gcc0.gc0.count_d1_reg[7]_0      |                                                |                8 |             32 |         4.00 |
|  clk_IBUF_BUFG | DFIFO/U0/inst_fifo_gen/gconvfifo.rf/grf.rf/gntv_or_sync_fifo.gl0.wr/wpntr/wr_en_0                         |                                                |                8 |             32 |         4.00 |
|  clk_IBUF_BUFG | DFIFO/U0/inst_fifo_gen/gconvfifo.rf/grf.rf/gntv_or_sync_fifo.gl0.wr/wpntr/wr_en_1                         |                                                |                8 |             32 |         4.00 |
|  clk_IBUF_BUFG | DFIFO/U0/inst_fifo_gen/gconvfifo.rf/grf.rf/gntv_or_sync_fifo.gl0.wr/wpntr/wr_en_3                         |                                                |                8 |             32 |         4.00 |
|  clk_IBUF_BUFG | hash/fifo2/U0/inst_fifo_gen/gconvfifo.rf/grf.rf/gntv_or_sync_fifo.gl0.wr/gwss.wsts/E[0]                   |                                                |                9 |             34 |         3.78 |
|  clk_IBUF_BUFG | hash/hash/FSM/endp_r[0]                                                                                   | hash/hash/FSM/start                            |                5 |             35 |         7.00 |
|  clk_IBUF_BUFG | hash/fifo2/U0/inst_fifo_gen/gconvfifo.rf/grf.rf/gntv_or_sync_fifo.gl0.rd/grss.rsts/E[0]                   | rst_IBUF                                       |               12 |             37 |         3.08 |
|  clk_IBUF_BUFG | hash/fifo1/U0/inst_fifo_gen/gconvfifo.rf/grf.rf/gntv_or_sync_fifo.gl0.rd/grss.rsts/E[0]                   | rst_IBUF                                       |               14 |             40 |         2.86 |
|  clk_IBUF_BUFG | hash/fifo8/U0/inst_fifo_gen/gconvfifo.rf/grf.rf/gntv_or_sync_fifo.gl0.rd/grss.rsts/E[0]                   | rst_IBUF                                       |                8 |             42 |         5.25 |
|  clk_IBUF_BUFG | OFIFO/U0/inst_fifo_gen/gconvfifo.rf/grf.rf/gntv_or_sync_fifo.gl0.wr/wpntr/gcc0.gc0.count_d1_reg[6]_1      |                                                |               11 |             44 |         4.00 |
|  clk_IBUF_BUFG | OFIFO/U0/inst_fifo_gen/gconvfifo.rf/grf.rf/gntv_or_sync_fifo.gl0.wr/wpntr/gcc0.gc0.count_d1_reg[7]_0      |                                                |               11 |             44 |         4.00 |
|  clk_IBUF_BUFG | OFIFO/U0/inst_fifo_gen/gconvfifo.rf/grf.rf/gntv_or_sync_fifo.gl0.wr/wpntr/wr_en_0                         |                                                |               11 |             44 |         4.00 |
|  clk_IBUF_BUFG | OFIFO/U0/inst_fifo_gen/gconvfifo.rf/grf.rf/gntv_or_sync_fifo.gl0.wr/wpntr/wr_en_2                         |                                                |               11 |             44 |         4.00 |
|  clk_IBUF_BUFG | hash/fifo8/U0/inst_fifo_gen/gconvfifo.rf/grf.rf/gntv_or_sync_fifo.gl0.wr/gwss.wsts/E[0]                   |                                                |                6 |             44 |         7.33 |
|  clk_IBUF_BUFG | OFIFO/U0/inst_fifo_gen/gconvfifo.rf/grf.rf/gntv_or_sync_fifo.gl0.wr/wpntr/wr_en_3                         |                                                |               11 |             44 |         4.00 |
|  clk_IBUF_BUFG | OFIFO/U0/inst_fifo_gen/gconvfifo.rf/grf.rf/gntv_or_sync_fifo.gl0.wr/wpntr/wr_en_1                         |                                                |               11 |             44 |         4.00 |
|  clk_IBUF_BUFG | OFIFO/U0/inst_fifo_gen/gconvfifo.rf/grf.rf/gntv_or_sync_fifo.gl0.wr/wpntr/gcc0.gc0.count_d1_reg[6]_0      |                                                |               11 |             44 |         4.00 |
|  clk_IBUF_BUFG | OFIFO/U0/inst_fifo_gen/gconvfifo.rf/grf.rf/gntv_or_sync_fifo.gl0.wr/wpntr/gcc0.gc0.count_d1_reg[8]_0      |                                                |               11 |             44 |         4.00 |
|  clk_IBUF_BUFG | IFIFO/U0/inst_fifo_gen/gconvfifo.rf/grf.rf/gntv_or_sync_fifo.gl0.wr/gwss.wsts/ram_full_fb_i_reg_0         |                                                |               11 |             44 |         4.00 |
|  clk_IBUF_BUFG | IFIFO/U0/inst_fifo_gen/gconvfifo.rf/grf.rf/gntv_or_sync_fifo.gl0.wr/gwss.wsts/ram_full_fb_i_reg_1         |                                                |               11 |             44 |         4.00 |
|  clk_IBUF_BUFG | IFIFO/U0/inst_fifo_gen/gconvfifo.rf/grf.rf/gntv_or_sync_fifo.gl0.rd/grss.rsts/E[0]                        | rst_IBUF                                       |               14 |             46 |         3.29 |
|  clk_IBUF_BUFG | hash/fifo0/U0/inst_fifo_gen/gconvfifo.rf/grf.rf/gntv_or_sync_fifo.gl0.wr/wpntr/gcc0.gc0.count_d1_reg[6]_2 |                                                |               12 |             48 |         4.00 |
|  clk_IBUF_BUFG | hash/fifo0/U0/inst_fifo_gen/gconvfifo.rf/grf.rf/gntv_or_sync_fifo.gl0.wr/wpntr/gcc0.gc0.count_d1_reg[6]_0 |                                                |               12 |             48 |         4.00 |
|  clk_IBUF_BUFG | decode/sftreg[47]_i_1__0_n_0                                                                              |                                                |               12 |             48 |         4.00 |
|  clk_IBUF_BUFG | DFIFO/U0/inst_fifo_gen/gconvfifo.rf/grf.rf/gntv_or_sync_fifo.gl0.rd/grss.rsts/E[0]                        | rst_IBUF                                       |               21 |             48 |         2.29 |
|  clk_IBUF_BUFG | hash/decode/sftreg[47]_i_1_n_0                                                                            |                                                |               12 |             48 |         4.00 |
|  clk_IBUF_BUFG | hash/fifo0/U0/inst_fifo_gen/gconvfifo.rf/grf.rf/gntv_or_sync_fifo.gl0.wr/wpntr/gcc0.gc0.count_d1_reg[7]_0 |                                                |               12 |             48 |         4.00 |
|  clk_IBUF_BUFG | hash/fifo0/U0/inst_fifo_gen/gconvfifo.rf/grf.rf/gntv_or_sync_fifo.gl0.wr/wpntr/gcc0.gc0.count_d1_reg[6]_1 |                                                |               12 |             48 |         4.00 |
|  clk_IBUF_BUFG | hash/hash/FSM/endp_r[0]                                                                                   |                                                |               11 |             51 |         4.64 |
|  clk_IBUF_BUFG | hash/fifo0/U0/inst_fifo_gen/gconvfifo.rf/grf.rf/gntv_or_sync_fifo.gl0.rd/grss.rsts/E[0]                   | rst_IBUF                                       |               19 |             52 |         2.74 |
|  clk_IBUF_BUFG | ntt/valid_reg_0[0]                                                                                        |                                                |               32 |             52 |         1.62 |
|  clk_IBUF_BUFG | OFIFO/U0/inst_fifo_gen/gconvfifo.rf/grf.rf/gntv_or_sync_fifo.gl0.rd/grss.rsts/E[0]                        | rst_IBUF                                       |               26 |             56 |         2.15 |
|  clk_IBUF_BUFG | hash_pk_reg[63]_srl7_i_1_n_0                                                                              |                                                |                4 |             64 |        16.00 |
|  clk_IBUF_BUFG | hash/K[0]                                                                                                 |                                                |                4 |             64 |        16.00 |
|  clk_IBUF_BUFG | hash/r[0]                                                                                                 |                                                |                4 |             64 |        16.00 |
|  clk_IBUF_BUFG | hash_c_reg[63]_srl7_i_1_n_0                                                                               |                                                |                4 |             64 |        16.00 |
|  clk_IBUF_BUFG | rho_reg[63]_srl7_i_1_n_0                                                                                  |                                                |                4 |             64 |        16.00 |
|  clk_IBUF_BUFG | ntt/state_reg[4]_0[0]                                                                                     |                                                |               73 |            256 |         3.51 |
|  clk_IBUF_BUFG |                                                                                                           |                                                |              355 |           1211 |         3.41 |
|  clk_IBUF_BUFG | hash/hash/FSM/FSM_sequential_STATE_reg[0]_2[0]                                                            | hash/hash/FSM/FSM_sequential_STATE_reg[1]_1[0] |              601 |           1600 |         2.66 |
+----------------+-----------------------------------------------------------------------------------------------------------+------------------------------------------------+------------------+----------------+--------------+


