
*** Running vivado
    with args -log Kyber_Client.vdi -applog -m64 -product Vivado -messageDb vivado.pb -mode batch -source Kyber_Client.tcl -notrace


****** Vivado v2025.2 (64-bit)
  **** SW Build 6299465 on Fri Nov 14 12:34:56 MST 2025
  **** IP Build 6300035 on Fri Nov 14 10:48:45 MST 2025
  **** SharedData Build 6298862 on Thu Nov 13 04:50:51 MST 2025
  **** Start of session at: Thu Apr  9 10:22:56 2026
    ** Copyright 1986-2022 Xilinx, Inc. All Rights Reserved.
    ** Copyright 2022-2025 Advanced Micro Devices, Inc. All Rights Reserved.

source Kyber_Client.tcl -notrace
Command: link_design -top Kyber_Client -part xc7a12tcpg238-1
Design is defaulting to srcset: sources_1
Design is defaulting to constrset: constrs_1
INFO: [Device 21-403] Loading part xc7a12tcpg238-1
INFO: [Project 1-5699] Read binary netlist with skipMacroContent - 1
INFO: [Project 1-454] Reading design checkpoint '/home/lincoln/Documents/ECE/470/Kyber/CRYSTALS-Kyber/Crystals-kyber/Crystals-kyber.gen/sources_1/ip/fifo_generator_6_1/fifo_generator_6.dcp' for cell 'DFIFO'
INFO: [Project 1-454] Reading design checkpoint '/home/lincoln/Documents/ECE/470/Kyber/CRYSTALS-Kyber/Crystals-kyber/Crystals-kyber.gen/sources_1/ip/fifo_generator_2/fifo_generator_2.dcp' for cell 'IFIFO'
INFO: [Project 1-454] Reading design checkpoint '/home/lincoln/Documents/ECE/470/Kyber/CRYSTALS-Kyber/Crystals-kyber/Crystals-kyber.gen/sources_1/ip/fifo_generator_3/fifo_generator_3.dcp' for cell 'OFIFO'
INFO: [Project 1-454] Reading design checkpoint '/home/lincoln/Documents/ECE/470/Kyber/CRYSTALS-Kyber/Crystals-kyber/Crystals-kyber.gen/sources_1/ip/fifo_generator_0/fifo_generator_0.dcp' for cell 'hash/fifo0'
INFO: [Project 1-454] Reading design checkpoint '/home/lincoln/Documents/ECE/470/Kyber/CRYSTALS-Kyber/Crystals-kyber/Crystals-kyber.gen/sources_1/ip/fifo_generator_1/fifo_generator_1.dcp' for cell 'hash/fifo1'
INFO: [Project 1-454] Reading design checkpoint '/home/lincoln/Documents/ECE/470/Kyber/CRYSTALS-Kyber/Crystals-kyber/Crystals-kyber.gen/sources_1/ip/fifo_generator_7/fifo_generator_7.dcp' for cell 'hash/fifo2'
INFO: [Project 1-454] Reading design checkpoint '/home/lincoln/Documents/ECE/470/Kyber/CRYSTALS-Kyber/Crystals-kyber/Crystals-kyber.gen/sources_1/ip/fifo_generator_8/fifo_generator_8.dcp' for cell 'hash/fifo8'
INFO: [Project 1-454] Reading design checkpoint '/home/lincoln/Documents/ECE/470/Kyber/CRYSTALS-Kyber/Crystals-kyber/Crystals-kyber.gen/sources_1/ip/blk_mem_gen_0/blk_mem_gen_0.dcp' for cell 'ntt/RAM0'
INFO: [Project 1-454] Reading design checkpoint '/home/lincoln/Documents/ECE/470/Kyber/CRYSTALS-Kyber/Crystals-kyber/Crystals-kyber.gen/sources_1/ip/blk_mem_gen_2/blk_mem_gen_2.dcp' for cell 'ntt/RAM2'
INFO: [Project 1-454] Reading design checkpoint '/home/lincoln/Documents/ECE/470/Kyber/CRYSTALS-Kyber/Crystals-kyber/Crystals-kyber.gen/sources_1/ip/blk_mem_gen_1/blk_mem_gen_1.dcp' for cell 'ntt/RAM4'
INFO: [Project 1-454] Reading design checkpoint '/home/lincoln/Documents/ECE/470/Kyber/CRYSTALS-Kyber/Crystals-kyber/Crystals-kyber.gen/sources_1/ip/dist_mem_gen_5/dist_mem_gen_5.dcp' for cell 'ntt/ROM0'
INFO: [Project 1-454] Reading design checkpoint '/home/lincoln/Documents/ECE/470/Kyber/CRYSTALS-Kyber/Crystals-kyber/Crystals-kyber.gen/sources_1/ip/dist_mem_gen_6/dist_mem_gen_6.dcp' for cell 'ntt/ROM1'
INFO: [Project 1-454] Reading design checkpoint '/home/lincoln/Documents/ECE/470/Kyber/CRYSTALS-Kyber/Crystals-kyber/Crystals-kyber.gen/sources_1/ip/dist_mem_gen_7/dist_mem_gen_7.dcp' for cell 'ntt/ROM2'
INFO: [Project 1-454] Reading design checkpoint '/home/lincoln/Documents/ECE/470/Kyber/CRYSTALS-Kyber/Crystals-kyber/Crystals-kyber.gen/sources_1/ip/c_shift_ram_8/c_shift_ram_8.dcp' for cell 'ntt/S10'
INFO: [Project 1-454] Reading design checkpoint '/home/lincoln/Documents/ECE/470/Kyber/CRYSTALS-Kyber/Crystals-kyber/Crystals-kyber.gen/sources_1/ip/c_shift_ram_11/c_shift_ram_11.dcp' for cell 'ntt/S11'
INFO: [Project 1-454] Reading design checkpoint '/home/lincoln/Documents/ECE/470/Kyber/CRYSTALS-Kyber/Crystals-kyber/Crystals-kyber.gen/sources_1/ip/c_shift_ram_3/c_shift_ram_3.dcp' for cell 'ntt/S4'
INFO: [Project 1-454] Reading design checkpoint '/home/lincoln/Documents/ECE/470/Kyber/CRYSTALS-Kyber/Crystals-kyber/Crystals-kyber.gen/sources_1/ip/c_shift_ram_4/c_shift_ram_4.dcp' for cell 'ntt/S5'
INFO: [Project 1-454] Reading design checkpoint '/home/lincoln/Documents/ECE/470/Kyber/CRYSTALS-Kyber/Crystals-kyber/Crystals-kyber.gen/sources_1/ip/c_shift_ram_5/c_shift_ram_5.dcp' for cell 'ntt/S7'
INFO: [Project 1-454] Reading design checkpoint '/home/lincoln/Documents/ECE/470/Kyber/CRYSTALS-Kyber/Crystals-kyber/Crystals-kyber.gen/sources_1/ip/c_shift_ram_6/c_shift_ram_6.dcp' for cell 'ntt/S9'
INFO: [Project 1-454] Reading design checkpoint '/home/lincoln/Documents/ECE/470/Kyber/CRYSTALS-Kyber/Crystals-kyber/Crystals-kyber.gen/sources_1/ip/mult_gen_0/mult_gen_0.dcp' for cell 'ntt/BU/M0'
INFO: [Project 1-454] Reading design checkpoint '/home/lincoln/Documents/ECE/470/Kyber/CRYSTALS-Kyber/Crystals-kyber/Crystals-kyber.gen/sources_1/ip/c_shift_ram_0/c_shift_ram_0.dcp' for cell 'ntt/BU/S0'
INFO: [Project 1-454] Reading design checkpoint '/home/lincoln/Documents/ECE/470/Kyber/CRYSTALS-Kyber/Crystals-kyber/Crystals-kyber.gen/sources_1/ip/c_shift_ram_1/c_shift_ram_1.dcp' for cell 'ntt/BU/S2'
Netlist sorting complete. Time (s): cpu = 00:00:00.04 ; elapsed = 00:00:00.04 . Memory (MB): peak = 1757.414 ; gain = 0.000 ; free physical = 8523 ; free virtual = 55972
INFO: [Netlist 29-17] Analyzing 591 Unisim elements for replacement
INFO: [Netlist 29-28] Unisim Transformation completed in 0 CPU seconds
INFO: [Project 1-479] Netlist was created with Vivado 2025.2
INFO: [Project 1-570] Preparing netlist for logic optimization
Parsing XDC File [/home/lincoln/Documents/ECE/470/Kyber/CRYSTALS-Kyber/Crystals-kyber/Crystals-kyber.gen/sources_1/ip/fifo_generator_6_1/fifo_generator_6.xdc] for cell 'DFIFO/U0'
Finished Parsing XDC File [/home/lincoln/Documents/ECE/470/Kyber/CRYSTALS-Kyber/Crystals-kyber/Crystals-kyber.gen/sources_1/ip/fifo_generator_6_1/fifo_generator_6.xdc] for cell 'DFIFO/U0'
Parsing XDC File [/home/lincoln/Documents/ECE/470/Kyber/CRYSTALS-Kyber/Crystals-kyber/Crystals-kyber.gen/sources_1/ip/fifo_generator_0/fifo_generator_0.xdc] for cell 'hash/fifo0/U0'
Finished Parsing XDC File [/home/lincoln/Documents/ECE/470/Kyber/CRYSTALS-Kyber/Crystals-kyber/Crystals-kyber.gen/sources_1/ip/fifo_generator_0/fifo_generator_0.xdc] for cell 'hash/fifo0/U0'
Parsing XDC File [/home/lincoln/Documents/ECE/470/Kyber/CRYSTALS-Kyber/Crystals-kyber/Crystals-kyber.gen/sources_1/ip/fifo_generator_1/fifo_generator_1.xdc] for cell 'hash/fifo1/U0'
Finished Parsing XDC File [/home/lincoln/Documents/ECE/470/Kyber/CRYSTALS-Kyber/Crystals-kyber/Crystals-kyber.gen/sources_1/ip/fifo_generator_1/fifo_generator_1.xdc] for cell 'hash/fifo1/U0'
Parsing XDC File [/home/lincoln/Documents/ECE/470/Kyber/CRYSTALS-Kyber/Crystals-kyber/Crystals-kyber.gen/sources_1/ip/fifo_generator_2/fifo_generator_2.xdc] for cell 'IFIFO/U0'
Finished Parsing XDC File [/home/lincoln/Documents/ECE/470/Kyber/CRYSTALS-Kyber/Crystals-kyber/Crystals-kyber.gen/sources_1/ip/fifo_generator_2/fifo_generator_2.xdc] for cell 'IFIFO/U0'
Parsing XDC File [/home/lincoln/Documents/ECE/470/Kyber/CRYSTALS-Kyber/Crystals-kyber/Crystals-kyber.gen/sources_1/ip/fifo_generator_3/fifo_generator_3.xdc] for cell 'OFIFO/U0'
Finished Parsing XDC File [/home/lincoln/Documents/ECE/470/Kyber/CRYSTALS-Kyber/Crystals-kyber/Crystals-kyber.gen/sources_1/ip/fifo_generator_3/fifo_generator_3.xdc] for cell 'OFIFO/U0'
CRITICAL WARNING: [Designutils 20-1280] Could not find module 'fifo_generator_4'. The XDC file /home/lincoln/Documents/ECE/470/Kyber/CRYSTALS-Kyber/Crystals-kyber/Crystals-kyber.gen/sources_1/ip/fifo_generator_4/fifo_generator_4.xdc will not be read for any cell of this module.
CRITICAL WARNING: [Designutils 20-1280] Could not find module 'fifo_generator_5'. The XDC file /home/lincoln/Documents/ECE/470/Kyber/CRYSTALS-Kyber/Crystals-kyber/Crystals-kyber.gen/sources_1/ip/fifo_generator_5/fifo_generator_5.xdc will not be read for any cell of this module.
Parsing XDC File [/home/lincoln/Documents/ECE/470/Kyber/CRYSTALS-Kyber/Crystals-kyber/Crystals-kyber.gen/sources_1/ip/fifo_generator_7/fifo_generator_7.xdc] for cell 'hash/fifo2/U0'
Finished Parsing XDC File [/home/lincoln/Documents/ECE/470/Kyber/CRYSTALS-Kyber/Crystals-kyber/Crystals-kyber.gen/sources_1/ip/fifo_generator_7/fifo_generator_7.xdc] for cell 'hash/fifo2/U0'
Parsing XDC File [/home/lincoln/Documents/ECE/470/Kyber/CRYSTALS-Kyber/Crystals-kyber/Crystals-kyber.gen/sources_1/ip/fifo_generator_8/fifo_generator_8.xdc] for cell 'hash/fifo8/U0'
Finished Parsing XDC File [/home/lincoln/Documents/ECE/470/Kyber/CRYSTALS-Kyber/Crystals-kyber/Crystals-kyber.gen/sources_1/ip/fifo_generator_8/fifo_generator_8.xdc] for cell 'hash/fifo8/U0'
Parsing XDC File [/home/lincoln/Documents/ECE/470/Kyber/CRYSTALS-Kyber/Crystals-kyber/Crystals-kyber.srcs/constrs_1/imports/new/constr.xdc]
Finished Parsing XDC File [/home/lincoln/Documents/ECE/470/Kyber/CRYSTALS-Kyber/Crystals-kyber/Crystals-kyber.srcs/constrs_1/imports/new/constr.xdc]
INFO: [Opt 31-138] Pushed 0 inverter(s) to 0 load pin(s).
Netlist sorting complete. Time (s): cpu = 00:00:00 ; elapsed = 00:00:00 . Memory (MB): peak = 1899.863 ; gain = 0.000 ; free physical = 8409 ; free virtual = 55856
INFO: [Project 1-111] Unisim Transformation Summary:
  A total of 278 instances were transformed.
  RAM32M => RAM32M (RAMD32(x6), RAMS32(x2)): 5 instances
  RAM32X1D => RAM32X1D (RAMD32(x2)): 2 instances
  RAM64M => RAM64M (RAMD64E(x4)): 262 instances
  RAM64X1D => RAM64X1D (RAMD64E(x2)): 9 instances

30 Infos, 0 Warnings, 2 Critical Warnings and 0 Errors encountered.
link_design completed successfully
Command: opt_design
Attempting to get a license for feature 'Implementation' and/or device 'xc7a12t'
INFO: [Common 17-349] Got license for feature 'Implementation' and/or device 'xc7a12t'
Running DRC as a precondition to command opt_design

Starting DRC Task
INFO: [DRC 23-27] Running DRC with 8 threads
INFO: [Project 1-461] DRC finished with 0 Errors
INFO: [Project 1-462] Please refer to the DRC report (report_drc) for more information.

Time (s): cpu = 00:00:00.56 ; elapsed = 00:00:00.22 . Memory (MB): peak = 2081.309 ; gain = 181.410 ; free physical = 8365 ; free virtual = 55813

Starting Cache Timing Information Task
INFO: [Timing 38-35] Done setting XDC timing constraints.
Ending Cache Timing Information Task | Checksum: 1f8d21707

Time (s): cpu = 00:00:03 ; elapsed = 00:00:03 . Memory (MB): peak = 2443.262 ; gain = 361.953 ; free physical = 7943 ; free virtual = 55397

Starting Logic Optimization Task

Phase 1 Initialization

Phase 1.1 Core Generation And Design Setup
Phase 1.1 Core Generation And Design Setup | Checksum: 1f8d21707

Time (s): cpu = 00:00:00.01 ; elapsed = 00:00:00.01 . Memory (MB): peak = 2828.980 ; gain = 0.000 ; free physical = 7582 ; free virtual = 55029

Phase 1.2 Setup Constraints And Sort Netlist
Phase 1.2 Setup Constraints And Sort Netlist | Checksum: 1f8d21707

Time (s): cpu = 00:00:00.01 ; elapsed = 00:00:00.02 . Memory (MB): peak = 2828.980 ; gain = 0.000 ; free physical = 7582 ; free virtual = 55029
Phase 1 Initialization | Checksum: 1f8d21707

Time (s): cpu = 00:00:00.01 ; elapsed = 00:00:00.02 . Memory (MB): peak = 2828.980 ; gain = 0.000 ; free physical = 7582 ; free virtual = 55030

Phase 2 Timer Update And Timing Data Collection

Phase 2.1 Detect if minReqCache needed
Phase 2.1 Detect if minReqCache needed | Checksum: 1f8d21707

Time (s): cpu = 00:00:00.02 ; elapsed = 00:00:00.02 . Memory (MB): peak = 2828.980 ; gain = 0.000 ; free physical = 7574 ; free virtual = 55022

Phase 2.2 Timer Update
Phase 2.2 Timer Update | Checksum: 1f8d21707

Time (s): cpu = 00:00:00.37 ; elapsed = 00:00:00.1 . Memory (MB): peak = 2828.980 ; gain = 0.000 ; free physical = 7576 ; free virtual = 55024

Phase 2.3 Timing Data Collection
Phase 2.3 Timing Data Collection | Checksum: 1f8d21707

Time (s): cpu = 00:00:00.37 ; elapsed = 00:00:00.1 . Memory (MB): peak = 2828.980 ; gain = 0.000 ; free physical = 7576 ; free virtual = 55024
Phase 2 Timer Update And Timing Data Collection | Checksum: 1f8d21707

Time (s): cpu = 00:00:00.37 ; elapsed = 00:00:00.1 . Memory (MB): peak = 2828.980 ; gain = 0.000 ; free physical = 7576 ; free virtual = 55024

Phase 3 Retarget
INFO: [Opt 31-1851] Number of loadless carry chains removed were: 0
INFO: [Opt 31-1834] Total Chains To Be Transformed Were: 0 AND Number of Transformed insts Created are: 0
INFO: [Opt 31-138] Pushed 0 inverter(s) to 0 load pin(s).
INFO: [Opt 31-49] Retargeted 0 cell(s).
Phase 3 Retarget | Checksum: 1feed8035

Time (s): cpu = 00:00:00.44 ; elapsed = 00:00:00.18 . Memory (MB): peak = 2828.980 ; gain = 0.000 ; free physical = 7575 ; free virtual = 55023
Retarget | Checksum: 1feed8035
INFO: [Opt 31-389] Phase Retarget created 2 cells and removed 13 cells
INFO: [Opt 31-1021] In phase Retarget, 15 netlist objects are constrained preventing optimization. Please run opt_design with -debug_log to get more detail. 

Phase 4 Constant propagation
INFO: [Opt 31-138] Pushed 0 inverter(s) to 0 load pin(s).
Phase 4 Constant propagation | Checksum: 24dff4104

Time (s): cpu = 00:00:00.47 ; elapsed = 00:00:00.2 . Memory (MB): peak = 2828.980 ; gain = 0.000 ; free physical = 7574 ; free virtual = 55022
Constant propagation | Checksum: 24dff4104
INFO: [Opt 31-389] Phase Constant propagation created 0 cells and removed 9 cells
INFO: [Opt 31-1021] In phase Constant propagation, 14 netlist objects are constrained preventing optimization. Please run opt_design with -debug_log to get more detail. 

Phase 5 Sweep
INFO: [Constraints 18-11670] Building netlist checker database with flags, 0x8
Done building netlist checker database: Time (s): cpu = 00:00:00 ; elapsed = 00:00:00 . Memory (MB): peak = 2828.980 ; gain = 0.000 ; free physical = 7575 ; free virtual = 55023
INFO: [Constraints 18-11670] Building netlist checker database with flags, 0x8
Done building netlist checker database: Time (s): cpu = 00:00:00.01 ; elapsed = 00:00:00 . Memory (MB): peak = 2828.980 ; gain = 0.000 ; free physical = 7575 ; free virtual = 55022
Phase 5 Sweep | Checksum: 1f60b89dc

Time (s): cpu = 00:00:00.54 ; elapsed = 00:00:00.28 . Memory (MB): peak = 2828.980 ; gain = 0.000 ; free physical = 7574 ; free virtual = 55022
Sweep | Checksum: 1f60b89dc
INFO: [Opt 31-389] Phase Sweep created 0 cells and removed 23 cells
INFO: [Opt 31-1021] In phase Sweep, 70 netlist objects are constrained preventing optimization. Please run opt_design with -debug_log to get more detail. 

Phase 6 BUFG optimization
Phase 6 BUFG optimization | Checksum: 1f60b89dc

Time (s): cpu = 00:00:00.68 ; elapsed = 00:00:00.33 . Memory (MB): peak = 2860.996 ; gain = 32.016 ; free physical = 7573 ; free virtual = 55021
BUFG optimization | Checksum: 1f60b89dc
INFO: [Opt 31-662] Phase BUFG optimization created 0 cells of which 0 are BUFGs and removed 0 cells.

Phase 7 Shift Register Optimization
INFO: [Opt 31-1064] SRL Remap converted 0 SRLs to 0 registers and converted 0 registers of register chains to 0 SRLs
Phase 7 Shift Register Optimization | Checksum: 1f60b89dc

Time (s): cpu = 00:00:00.68 ; elapsed = 00:00:00.34 . Memory (MB): peak = 2860.996 ; gain = 32.016 ; free physical = 7573 ; free virtual = 55021
Shift Register Optimization | Checksum: 1f60b89dc
INFO: [Opt 31-389] Phase Shift Register Optimization created 0 cells and removed 0 cells

Phase 8 Post Processing Netlist
Phase 8 Post Processing Netlist | Checksum: 1f60b89dc

Time (s): cpu = 00:00:00.69 ; elapsed = 00:00:00.35 . Memory (MB): peak = 2860.996 ; gain = 32.016 ; free physical = 7573 ; free virtual = 55021
Post Processing Netlist | Checksum: 1f60b89dc
INFO: [Opt 31-389] Phase Post Processing Netlist created 0 cells and removed 0 cells
INFO: [Opt 31-1021] In phase Post Processing Netlist, 19 netlist objects are constrained preventing optimization. Please run opt_design with -debug_log to get more detail. 

Phase 9 Finalization

Phase 9.1 Finalizing Design Cores and Updating Shapes
Phase 9.1 Finalizing Design Cores and Updating Shapes | Checksum: 178d45360

Time (s): cpu = 00:00:00.8 ; elapsed = 00:00:00.39 . Memory (MB): peak = 2860.996 ; gain = 32.016 ; free physical = 7576 ; free virtual = 55023

Phase 9.2 Verifying Netlist Connectivity

Starting Connectivity Check Task

Time (s): cpu = 00:00:00 ; elapsed = 00:00:00.01 . Memory (MB): peak = 2860.996 ; gain = 0.000 ; free physical = 7575 ; free virtual = 55023
Phase 9.2 Verifying Netlist Connectivity | Checksum: 178d45360

Time (s): cpu = 00:00:00.8 ; elapsed = 00:00:00.4 . Memory (MB): peak = 2860.996 ; gain = 32.016 ; free physical = 7575 ; free virtual = 55023
Phase 9 Finalization | Checksum: 178d45360

Time (s): cpu = 00:00:00.81 ; elapsed = 00:00:00.4 . Memory (MB): peak = 2860.996 ; gain = 32.016 ; free physical = 7575 ; free virtual = 55023
Opt_design Change Summary
=========================


-------------------------------------------------------------------------------------------------------------------------
|  Phase                        |  #Cells created  |  #Cells Removed  |  #Constrained objects preventing optimizations  |
-------------------------------------------------------------------------------------------------------------------------
|  Retarget                     |               2  |              13  |                                             15  |
|  Constant propagation         |               0  |               9  |                                             14  |
|  Sweep                        |               0  |              23  |                                             70  |
|  BUFG optimization            |               0  |               0  |                                              0  |
|  Shift Register Optimization  |               0  |               0  |                                              0  |
|  Post Processing Netlist      |               0  |               0  |                                             19  |
-------------------------------------------------------------------------------------------------------------------------


Ending Logic Optimization Task | Checksum: 178d45360

Time (s): cpu = 00:00:00.81 ; elapsed = 00:00:00.4 . Memory (MB): peak = 2860.996 ; gain = 32.016 ; free physical = 7575 ; free virtual = 55023

Starting Power Optimization Task
INFO: [Pwropt 34-132] Skipping clock gating for clocks with a period < 2.00 ns.
INFO: [Pwropt 34-9] Applying IDT optimizations ...
INFO: [Pwropt 34-10] Applying ODC optimizations ...
INFO: [Timing 38-35] Done setting XDC timing constraints.
Running Vector-less Activity Propagation...

Finished Running Vector-less Activity Propagation


Starting PowerOpt Patch Enables Task
INFO: [Pwropt 34-162] WRITE_MODE attribute of 0 BRAM(s) out of a total of 5 has been updated to save power. Run report_power_opt to get a complete listing of the BRAMs updated.
INFO: [Pwropt 34-201] Structural ODC has moved 0 WE to EN ports
Number of BRAM Ports augmented: 0 newly gated: 4 Total Ports: 10
Ending PowerOpt Patch Enables Task | Checksum: 15663110f

Time (s): cpu = 00:00:00.03 ; elapsed = 00:00:00.03 . Memory (MB): peak = 3029.047 ; gain = 0.000 ; free physical = 7432 ; free virtual = 54879
Ending Power Optimization Task | Checksum: 15663110f

Time (s): cpu = 00:00:02 ; elapsed = 00:00:00.78 . Memory (MB): peak = 3029.047 ; gain = 168.051 ; free physical = 7432 ; free virtual = 54879

Starting Final Cleanup Task
Ending Final Cleanup Task | Checksum: 15663110f

Time (s): cpu = 00:00:00 ; elapsed = 00:00:00 . Memory (MB): peak = 3029.047 ; gain = 0.000 ; free physical = 7432 ; free virtual = 54879
Netlist sorting complete. Time (s): cpu = 00:00:00 ; elapsed = 00:00:00 . Memory (MB): peak = 3029.047 ; gain = 0.000 ; free physical = 7432 ; free virtual = 54879
INFO: [Common 17-83] Releasing license: Implementation
60 Infos, 0 Warnings, 2 Critical Warnings and 0 Errors encountered.
opt_design completed successfully
opt_design: Time (s): cpu = 00:00:08 ; elapsed = 00:00:06 . Memory (MB): peak = 3029.047 ; gain = 1129.148 ; free physical = 7432 ; free virtual = 54879
INFO: [Vivado 12-24828] Executing command : report_drc -file Kyber_Client_drc_opted.rpt -pb Kyber_Client_drc_opted.pb -rpx Kyber_Client_drc_opted.rpx
Command: report_drc -file Kyber_Client_drc_opted.rpt -pb Kyber_Client_drc_opted.pb -rpx Kyber_Client_drc_opted.rpx
INFO: [IP_Flow 19-1839] IP Catalog is up to date.
INFO: [DRC 23-27] Running DRC with 8 threads
INFO: [Vivado_Tcl 2-168] The results of DRC are in file /home/lincoln/Documents/ECE/470/Kyber/CRYSTALS-Kyber/Crystals-kyber/Crystals-kyber.runs/impl_2/Kyber_Client_drc_opted.rpt.
report_drc completed successfully
INFO: [Timing 38-480] Writing timing data to binary archive.
Write ShapeDB Complete: Time (s): cpu = 00:00:00.04 ; elapsed = 00:00:00.01 . Memory (MB): peak = 3029.047 ; gain = 0.000 ; free physical = 7422 ; free virtual = 54870
INFO: [Common 17-1381] The checkpoint '/home/lincoln/Documents/ECE/470/Kyber/CRYSTALS-Kyber/Crystals-kyber/Crystals-kyber.runs/impl_2/Kyber_Client_opt.dcp' has been generated.
Command: place_design
Attempting to get a license for feature 'Implementation' and/or device 'xc7a12t'
INFO: [Common 17-349] Got license for feature 'Implementation' and/or device 'xc7a12t'
INFO: [Common 17-83] Releasing license: Implementation
INFO: [DRC 23-27] Running DRC with 8 threads
INFO: [Vivado_Tcl 4-198] DRC finished with 0 Errors
INFO: [Vivado_Tcl 4-199] Please refer to the DRC report (report_drc) for more information.
INFO: [Timing 38-35] Done setting XDC timing constraints.
Running DRC as a precondition to command place_design
INFO: [DRC 23-27] Running DRC with 8 threads
INFO: [Vivado_Tcl 4-198] DRC finished with 0 Errors
INFO: [Vivado_Tcl 4-199] Please refer to the DRC report (report_drc) for more information.
INFO: [Place 30-611] Multithreading enabled for place_design using a maximum of 8 CPUs

Starting Placer Task

Phase 1 Placer Initialization

Phase 1.1 Placer Initialization Netlist Sorting
Netlist sorting complete. Time (s): cpu = 00:00:00 ; elapsed = 00:00:00 . Memory (MB): peak = 3148.156 ; gain = 0.000 ; free physical = 7426 ; free virtual = 54875
Phase 1.1 Placer Initialization Netlist Sorting | Checksum: 133f7f707

Time (s): cpu = 00:00:00.01 ; elapsed = 00:00:00 . Memory (MB): peak = 3148.156 ; gain = 0.000 ; free physical = 7426 ; free virtual = 54875
Netlist sorting complete. Time (s): cpu = 00:00:00 ; elapsed = 00:00:00 . Memory (MB): peak = 3148.156 ; gain = 0.000 ; free physical = 7426 ; free virtual = 54875

Phase 1.2 IO Placement/ Clock Placement/ Build Placer Device
Phase 1.2 IO Placement/ Clock Placement/ Build Placer Device | Checksum: edc1c479

Time (s): cpu = 00:00:00.83 ; elapsed = 00:00:00.37 . Memory (MB): peak = 3148.156 ; gain = 0.000 ; free physical = 7431 ; free virtual = 54883

Phase 1.3 Build Placer Netlist Model
Phase 1.3 Build Placer Netlist Model | Checksum: 170adc7e2

Time (s): cpu = 00:00:03 ; elapsed = 00:00:01 . Memory (MB): peak = 3148.156 ; gain = 0.000 ; free physical = 7423 ; free virtual = 54878

Phase 1.4 Constrain Clocks/Macros
Phase 1.4 Constrain Clocks/Macros | Checksum: 170adc7e2

Time (s): cpu = 00:00:03 ; elapsed = 00:00:01 . Memory (MB): peak = 3148.156 ; gain = 0.000 ; free physical = 7423 ; free virtual = 54877
Phase 1 Placer Initialization | Checksum: 170adc7e2

Time (s): cpu = 00:00:03 ; elapsed = 00:00:01 . Memory (MB): peak = 3148.156 ; gain = 0.000 ; free physical = 7422 ; free virtual = 54877

Phase 2 Global Placement

Phase 2.1 Floorplanning
Phase 2.1 Floorplanning | Checksum: 1e22ae402

Time (s): cpu = 00:00:05 ; elapsed = 00:00:02 . Memory (MB): peak = 3148.156 ; gain = 0.000 ; free physical = 7406 ; free virtual = 54860

Phase 2.2 Update Timing before SLR Path Opt
Phase 2.2 Update Timing before SLR Path Opt | Checksum: 16f2f455d

Time (s): cpu = 00:00:06 ; elapsed = 00:00:02 . Memory (MB): peak = 3148.156 ; gain = 0.000 ; free physical = 7437 ; free virtual = 54891

Phase 2.3 Post-Processing in Floorplanning
Phase 2.3 Post-Processing in Floorplanning | Checksum: 16f2f455d

Time (s): cpu = 00:00:06 ; elapsed = 00:00:02 . Memory (MB): peak = 3148.156 ; gain = 0.000 ; free physical = 7437 ; free virtual = 54891

Phase 2.4 Global Place Phase1
Phase 2.4 Global Place Phase1 | Checksum: 16b5cf8b6

Time (s): cpu = 00:00:17 ; elapsed = 00:00:05 . Memory (MB): peak = 3148.156 ; gain = 0.000 ; free physical = 7439 ; free virtual = 54885

Phase 2.5 Global Place Phase2

Phase 2.5.1 UpdateTiming Before Physical Synthesis
Phase 2.5.1 UpdateTiming Before Physical Synthesis | Checksum: 13c471596

Time (s): cpu = 00:00:18 ; elapsed = 00:00:05 . Memory (MB): peak = 3148.156 ; gain = 0.000 ; free physical = 7433 ; free virtual = 54879

Phase 2.5.2 Physical Synthesis In Placer
INFO: [Physopt 32-1035] Found 1 LUTNM shape to break, 110 LUT instances to create LUTNM shape
INFO: [Physopt 32-1044] Break lutnm for timing: one critical 1, two critical 0, total 1, new lutff created 0
INFO: [Physopt 32-1138] End 1 Pass. Optimized 47 nets or LUTs. Breaked 1 LUT, combined 46 existing LUTs and moved 0 existing LUT
INFO: [Physopt 32-65] No nets found for high-fanout optimization.
INFO: [Physopt 32-232] Optimized 0 net. Created 0 new instance.
INFO: [Physopt 32-775] End 1 Pass. Optimized 0 net or cell. Created 0 new cell, deleted 0 existing cell and moved 0 existing cell
INFO: [Physopt 32-456] No candidate cells for DSP register optimization found in the design.
INFO: [Physopt 32-775] End 2 Pass. Optimized 0 net or cell. Created 0 new cell, deleted 0 existing cell and moved 0 existing cell
INFO: [Physopt 32-1123] No candidate cells found for Shift Register to Pipeline optimization
INFO: [Physopt 32-775] End 2 Pass. Optimized 0 net or cell. Created 0 new cell, deleted 0 existing cell and moved 0 existing cell
INFO: [Physopt 32-1401] No candidate cells found for Shift Register optimization.
INFO: [Physopt 32-677] No candidate cells for Shift Register optimization found in the design
INFO: [Physopt 32-775] End 1 Pass. Optimized 0 net or cell. Created 0 new cell, deleted 0 existing cell and moved 0 existing cell
INFO: [Physopt 32-526] No candidate cells for BRAM register optimization found in the design
INFO: [Physopt 32-775] End 1 Pass. Optimized 0 net or cell. Created 0 new cell, deleted 0 existing cell and moved 0 existing cell
INFO: [Physopt 32-846] No candidate cells for URAM register optimization found in the design
INFO: [Physopt 32-775] End 1 Pass. Optimized 0 net or cell. Created 0 new cell, deleted 0 existing cell and moved 0 existing cell
INFO: [Physopt 32-846] No candidate cells for URAM register optimization found in the design
INFO: [Physopt 32-775] End 1 Pass. Optimized 0 net or cell. Created 0 new cell, deleted 0 existing cell and moved 0 existing cell
INFO: [Physopt 32-949] No candidate nets found for dynamic/static region interface net replication
INFO: [Physopt 32-775] End 1 Pass. Optimized 0 net or cell. Created 0 new cell, deleted 0 existing cell and moved 0 existing cell
Netlist sorting complete. Time (s): cpu = 00:00:00 ; elapsed = 00:00:00 . Memory (MB): peak = 3148.156 ; gain = 0.000 ; free physical = 7430 ; free virtual = 54877

Summary of Physical Synthesis Optimizations
============================================


-----------------------------------------------------------------------------------------------------------------------------------------------------------
|  Optimization                                     |  Added Cells  |  Removed Cells  |  Optimized Cells/Nets  |  Dont Touch  |  Iterations  |  Elapsed   |
-----------------------------------------------------------------------------------------------------------------------------------------------------------
|  LUT Combining                                    |            1  |             46  |                    47  |           0  |           1  |  00:00:00  |
|  Retime                                           |            0  |              0  |                     0  |           0  |           1  |  00:00:00  |
|  Very High Fanout                                 |            0  |              0  |                     0  |           0  |           1  |  00:00:00  |
|  DSP Register                                     |            0  |              0  |                     0  |           0  |           1  |  00:00:00  |
|  Shift Register to Pipeline                       |            0  |              0  |                     0  |           0  |           1  |  00:00:00  |
|  Shift Register                                   |            0  |              0  |                     0  |           0  |           1  |  00:00:00  |
|  BRAM Register                                    |            0  |              0  |                     0  |           0  |           1  |  00:00:00  |
|  URAM Register                                    |            0  |              0  |                     0  |           0  |           1  |  00:00:00  |
|  Dynamic/Static Region Interface Net Replication  |            0  |              0  |                     0  |           0  |           1  |  00:00:00  |
|  Total                                            |            1  |             46  |                    47  |           0  |           9  |  00:00:00  |
-----------------------------------------------------------------------------------------------------------------------------------------------------------


Phase 2.5.2 Physical Synthesis In Placer | Checksum: 2835fc9d7

Time (s): cpu = 00:00:20 ; elapsed = 00:00:05 . Memory (MB): peak = 3148.156 ; gain = 0.000 ; free physical = 7425 ; free virtual = 54871
Phase 2.5 Global Place Phase2 | Checksum: 26c0dc968

Time (s): cpu = 00:00:21 ; elapsed = 00:00:05 . Memory (MB): peak = 3148.156 ; gain = 0.000 ; free physical = 7422 ; free virtual = 54869
Phase 2 Global Placement | Checksum: 26c0dc968

Time (s): cpu = 00:00:21 ; elapsed = 00:00:05 . Memory (MB): peak = 3148.156 ; gain = 0.000 ; free physical = 7422 ; free virtual = 54870

Phase 3 Detail Placement

Phase 3.1 Commit Multi Column Macros
Phase 3.1 Commit Multi Column Macros | Checksum: 22d51963d

Time (s): cpu = 00:00:22 ; elapsed = 00:00:06 . Memory (MB): peak = 3148.156 ; gain = 0.000 ; free physical = 7429 ; free virtual = 54877

Phase 3.2 Commit Most Macros & LUTRAMs
Phase 3.2 Commit Most Macros & LUTRAMs | Checksum: 1f3ee87da

Time (s): cpu = 00:00:24 ; elapsed = 00:00:06 . Memory (MB): peak = 3148.156 ; gain = 0.000 ; free physical = 7421 ; free virtual = 54868

Phase 3.3 Area Swap Optimization
Phase 3.3 Area Swap Optimization | Checksum: 20ec5b4eb

Time (s): cpu = 00:00:24 ; elapsed = 00:00:06 . Memory (MB): peak = 3148.156 ; gain = 0.000 ; free physical = 7421 ; free virtual = 54868

Phase 3.4 Pipeline Register Optimization
Phase 3.4 Pipeline Register Optimization | Checksum: 2090445ec

Time (s): cpu = 00:00:24 ; elapsed = 00:00:06 . Memory (MB): peak = 3148.156 ; gain = 0.000 ; free physical = 7421 ; free virtual = 54868

Phase 3.5 Fast Optimization
Phase 3.5 Fast Optimization | Checksum: 22bf9b08f

Time (s): cpu = 00:00:27 ; elapsed = 00:00:07 . Memory (MB): peak = 3148.156 ; gain = 0.000 ; free physical = 7417 ; free virtual = 54863

Phase 3.6 Small Shape Detail Placement
Phase 3.6 Small Shape Detail Placement | Checksum: 218b0738d

Time (s): cpu = 00:00:29 ; elapsed = 00:00:09 . Memory (MB): peak = 3148.156 ; gain = 0.000 ; free physical = 7418 ; free virtual = 54864

Phase 3.7 Re-assign LUT pins
Phase 3.7 Re-assign LUT pins | Checksum: 2648e6899

Time (s): cpu = 00:00:30 ; elapsed = 00:00:09 . Memory (MB): peak = 3148.156 ; gain = 0.000 ; free physical = 7411 ; free virtual = 54857

Phase 3.8 Pipeline Register Optimization
Phase 3.8 Pipeline Register Optimization | Checksum: 24dc9305b

Time (s): cpu = 00:00:30 ; elapsed = 00:00:09 . Memory (MB): peak = 3148.156 ; gain = 0.000 ; free physical = 7410 ; free virtual = 54857

Phase 3.9 Fast Optimization
Phase 3.9 Fast Optimization | Checksum: 20301fcbc

Time (s): cpu = 00:00:34 ; elapsed = 00:00:10 . Memory (MB): peak = 3148.156 ; gain = 0.000 ; free physical = 7403 ; free virtual = 54848
Phase 3 Detail Placement | Checksum: 20301fcbc

Time (s): cpu = 00:00:34 ; elapsed = 00:00:10 . Memory (MB): peak = 3148.156 ; gain = 0.000 ; free physical = 7403 ; free virtual = 54848

Phase 4 Post Placement Optimization and Clean-Up

Phase 4.1 Post Commit Optimization
INFO: [Timing 38-35] Done setting XDC timing constraints.

Phase 4.1.1 Post Placement Optimization
Post Placement Optimization Initialization | Checksum: 20c15f856

Phase 4.1.1.1 BUFG Insertion

Starting Physical Synthesis Task

Phase 1 Physical Synthesis Initialization
INFO: [Physopt 32-721] Multithreading enabled for phys_opt_design using a maximum of 8 CPUs
INFO: [Physopt 32-619] Estimated Timing Summary | WNS=-0.451 | TNS=-2.352 |
Phase 1 Physical Synthesis Initialization | Checksum: 1095fbf82

Time (s): cpu = 00:00:00.25 ; elapsed = 00:00:00.06 . Memory (MB): peak = 3148.156 ; gain = 0.000 ; free physical = 7412 ; free virtual = 54858
INFO: [Place 46-33] Processed net hash/hash/FSM/FSM_sequential_STATE_reg[1]_1[0], BUFG insertion was skipped due to placement/routing conflicts.
INFO: [Place 46-56] BUFG insertion identified 1 candidate nets. Inserted BUFG: 0, Replicated BUFG Driver: 0, Skipped due to Placement/Routing Conflicts: 1, Skipped due to Timing Degradation: 0, Skipped due to netlist editing failed: 0.
Ending Physical Synthesis Task | Checksum: 1fda87392

Time (s): cpu = 00:00:00.36 ; elapsed = 00:00:00.13 . Memory (MB): peak = 3148.156 ; gain = 0.000 ; free physical = 7411 ; free virtual = 54857
Phase 4.1.1.1 BUFG Insertion | Checksum: 20c15f856

Time (s): cpu = 00:00:37 ; elapsed = 00:00:11 . Memory (MB): peak = 3148.156 ; gain = 0.000 ; free physical = 7411 ; free virtual = 54857

Phase 4.1.1.2 Post Placement Timing Optimization
INFO: [Place 30-746] Post Placement Timing Summary WNS=0.038. For the most accurate timing information please run report_timing.
Phase 4.1.1.2 Post Placement Timing Optimization | Checksum: 28595f15a

Time (s): cpu = 00:00:48 ; elapsed = 00:00:18 . Memory (MB): peak = 3148.156 ; gain = 0.000 ; free physical = 7472 ; free virtual = 54920

Time (s): cpu = 00:00:48 ; elapsed = 00:00:18 . Memory (MB): peak = 3148.156 ; gain = 0.000 ; free physical = 7472 ; free virtual = 54920
Phase 4.1 Post Commit Optimization | Checksum: 28595f15a

Time (s): cpu = 00:00:48 ; elapsed = 00:00:18 . Memory (MB): peak = 3148.156 ; gain = 0.000 ; free physical = 7471 ; free virtual = 54919

Phase 4.2 Post Placement Cleanup
Phase 4.2 Post Placement Cleanup | Checksum: 28595f15a

Time (s): cpu = 00:00:48 ; elapsed = 00:00:18 . Memory (MB): peak = 3148.156 ; gain = 0.000 ; free physical = 7473 ; free virtual = 54920

Phase 4.3 Placer Reporting

Phase 4.3.1 Print Estimated Congestion
INFO: [Place 30-612] Post-Placement Estimated Congestion 
 ____________________________________________________
|           | Global Congestion | Short Congestion  |
| Direction | Region Size       | Region Size       |
|___________|___________________|___________________|
|      North|                1x1|                1x1|
|___________|___________________|___________________|
|      South|                1x1|                2x2|
|___________|___________________|___________________|
|       East|                1x1|                2x2|
|___________|___________________|___________________|
|       West|                1x1|                1x1|
|___________|___________________|___________________|

Phase 4.3.1 Print Estimated Congestion | Checksum: 28595f15a

Time (s): cpu = 00:00:48 ; elapsed = 00:00:18 . Memory (MB): peak = 3148.156 ; gain = 0.000 ; free physical = 7472 ; free virtual = 54919
Phase 4.3 Placer Reporting | Checksum: 28595f15a

Time (s): cpu = 00:00:48 ; elapsed = 00:00:18 . Memory (MB): peak = 3148.156 ; gain = 0.000 ; free physical = 7470 ; free virtual = 54918

Phase 4.4 Final Placement Cleanup
Netlist sorting complete. Time (s): cpu = 00:00:00 ; elapsed = 00:00:00.01 . Memory (MB): peak = 3148.156 ; gain = 0.000 ; free physical = 7470 ; free virtual = 54918

Time (s): cpu = 00:00:48 ; elapsed = 00:00:18 . Memory (MB): peak = 3148.156 ; gain = 0.000 ; free physical = 7470 ; free virtual = 54918
Phase 4 Post Placement Optimization and Clean-Up | Checksum: 1ec72c3cf

Time (s): cpu = 00:00:48 ; elapsed = 00:00:18 . Memory (MB): peak = 3148.156 ; gain = 0.000 ; free physical = 7470 ; free virtual = 54918
Ending Placer Task | Checksum: 110f606b4

Time (s): cpu = 00:00:48 ; elapsed = 00:00:18 . Memory (MB): peak = 3148.156 ; gain = 0.000 ; free physical = 7470 ; free virtual = 54918
104 Infos, 0 Warnings, 2 Critical Warnings and 0 Errors encountered.
place_design completed successfully
place_design: Time (s): cpu = 00:00:50 ; elapsed = 00:00:18 . Memory (MB): peak = 3148.156 ; gain = 119.109 ; free physical = 7470 ; free virtual = 54918
INFO: [Vivado 12-24838] Running report commands "report_control_sets, report_io, report_utilization" in parallel.
Running report generation with 3 threads.
INFO: [Vivado 12-24828] Executing command : report_control_sets -verbose -file Kyber_Client_control_sets_placed.rpt
report_control_sets: Time (s): cpu = 00:00:00.16 ; elapsed = 00:00:00.09 . Memory (MB): peak = 3148.156 ; gain = 0.000 ; free physical = 7483 ; free virtual = 54932
INFO: [Vivado 12-24828] Executing command : report_utilization -file Kyber_Client_utilization_placed.rpt -pb Kyber_Client_utilization_placed.pb
INFO: [Vivado 12-24828] Executing command : report_io -file Kyber_Client_io_placed.rpt
report_io: Time (s): cpu = 00:00:00.25 ; elapsed = 00:00:00.19 . Memory (MB): peak = 3148.156 ; gain = 0.000 ; free physical = 7473 ; free virtual = 54922
INFO: [Timing 38-480] Writing timing data to binary archive.
Wrote PlaceDB: Time (s): cpu = 00:00:00 ; elapsed = 00:00:00 . Memory (MB): peak = 3148.156 ; gain = 0.000 ; free physical = 7474 ; free virtual = 54922
Wrote PulsedLatchDB: Time (s): cpu = 00:00:00 ; elapsed = 00:00:00 . Memory (MB): peak = 3148.156 ; gain = 0.000 ; free physical = 7474 ; free virtual = 54922
Writing XDEF routing.
Writing XDEF routing logical nets.
Writing XDEF routing special nets.
Wrote RouteStorage: Time (s): cpu = 00:00:00.1 ; elapsed = 00:00:00.02 . Memory (MB): peak = 3148.156 ; gain = 0.000 ; free physical = 7473 ; free virtual = 54921
Write ShapeDB Complete: Time (s): cpu = 00:00:00.12 ; elapsed = 00:00:00.02 . Memory (MB): peak = 3148.156 ; gain = 0.000 ; free physical = 7473 ; free virtual = 54922
Wrote PlaceStorage: Time (s): cpu = 00:00:00.52 ; elapsed = 00:00:00.18 . Memory (MB): peak = 3148.156 ; gain = 0.000 ; free physical = 7468 ; free virtual = 54926
Wrote Netlist Cache: Time (s): cpu = 00:00:00 ; elapsed = 00:00:00 . Memory (MB): peak = 3148.156 ; gain = 0.000 ; free physical = 7468 ; free virtual = 54927
Wrote Device Cache: Time (s): cpu = 00:00:00.01 ; elapsed = 00:00:00.01 . Memory (MB): peak = 3148.156 ; gain = 0.000 ; free physical = 7468 ; free virtual = 54927
Write Physdb Complete: Time (s): cpu = 00:00:00.65 ; elapsed = 00:00:00.21 . Memory (MB): peak = 3148.156 ; gain = 0.000 ; free physical = 7468 ; free virtual = 54927
INFO: [Common 17-1381] The checkpoint '/home/lincoln/Documents/ECE/470/Kyber/CRYSTALS-Kyber/Crystals-kyber/Crystals-kyber.runs/impl_2/Kyber_Client_placed.dcp' has been generated.
Command: route_design
Attempting to get a license for feature 'Implementation' and/or device 'xc7a12t'
INFO: [Common 17-349] Got license for feature 'Implementation' and/or device 'xc7a12t'


Starting Routing Task
INFO: [Route 35-254] Multithreading enabled for route_design using a maximum of 8 CPUs

Phase 1 Build RT Design
Checksum: PlaceDB: 9bc00e35 ConstDB: 0 ShapeSum: 76bb179 RouteDB: 6dca4706
Post Restoration Checksum: NetGraph: 9aa027b5 | NumContArr: 482f61e6 | Constraints: c2a8fa9d | Timing: c2a8fa9d
Phase 1 Build RT Design | Checksum: 268217ed5

Time (s): cpu = 00:00:09 ; elapsed = 00:00:05 . Memory (MB): peak = 3148.156 ; gain = 0.000 ; free physical = 7487 ; free virtual = 54939

Phase 2 Router Initialization

Phase 2.1 Fix Topology Constraints
Phase 2.1 Fix Topology Constraints | Checksum: 268217ed5

Time (s): cpu = 00:00:09 ; elapsed = 00:00:05 . Memory (MB): peak = 3148.156 ; gain = 0.000 ; free physical = 7485 ; free virtual = 54938

Phase 2.2 Pre Route Cleanup
Phase 2.2 Pre Route Cleanup | Checksum: 268217ed5

Time (s): cpu = 00:00:09 ; elapsed = 00:00:05 . Memory (MB): peak = 3148.156 ; gain = 0.000 ; free physical = 7485 ; free virtual = 54938
 Number of Nodes with overlaps = 0

Phase 2.3 Update Timing
Phase 2.3 Update Timing | Checksum: 22f26b469

Time (s): cpu = 00:00:14 ; elapsed = 00:00:06 . Memory (MB): peak = 3148.156 ; gain = 0.000 ; free physical = 7489 ; free virtual = 54942
INFO: [Route 35-416] Intermediate Timing Summary | WNS=0.045  | TNS=0.000  | WHS=-0.182 | THS=-186.185|


Phase 2.4 Soft Constraint Pins - Fast Budgeting
Phase 2.4 Soft Constraint Pins - Fast Budgeting | Checksum: 1b70bcbb5

Time (s): cpu = 00:00:15 ; elapsed = 00:00:07 . Memory (MB): peak = 3148.156 ; gain = 0.000 ; free physical = 7494 ; free virtual = 54946

Router Utilization Summary
  Global Vertical Routing Utilization    = 0 %
  Global Horizontal Routing Utilization  = 0 %
  Routable Net Status*
  *Does not include unroutable nets such as driverless and loadless.
  Run report_route_status for detailed report.
  Number of Failed Nets               = 8650
    (Failed Nets is the sum of unrouted and partially routed nets)
  Number of Unrouted Nets             = 8649
  Number of Partially Routed Nets     = 1
  Number of Node Overlaps             = 0

Phase 2 Router Initialization | Checksum: 25c75145a

Time (s): cpu = 00:00:15 ; elapsed = 00:00:07 . Memory (MB): peak = 3148.156 ; gain = 0.000 ; free physical = 7494 ; free virtual = 54946

Phase 3 Global Routing
Phase 3 Global Routing | Checksum: 25c75145a

Time (s): cpu = 00:00:15 ; elapsed = 00:00:07 . Memory (MB): peak = 3148.156 ; gain = 0.000 ; free physical = 7494 ; free virtual = 54946

Phase 4 Initial Routing

Phase 4.1 Initial Net Routing Pass
Phase 4.1 Initial Net Routing Pass | Checksum: 25198e932

Time (s): cpu = 00:00:17 ; elapsed = 00:00:07 . Memory (MB): peak = 3148.156 ; gain = 0.000 ; free physical = 7495 ; free virtual = 54947
Phase 4 Initial Routing | Checksum: 25198e932

Time (s): cpu = 00:00:17 ; elapsed = 00:00:07 . Memory (MB): peak = 3148.156 ; gain = 0.000 ; free physical = 7495 ; free virtual = 54947
INFO: [Route 35-580] Design has 9 pins with tight setup and hold constraints.

The top 5 pins with tight setup and hold constraints:

+====================+===================+==============================+
| Launch Setup Clock | Launch Hold Clock | Pin                          |
+====================+===================+==============================+
| clk                | clk               | ntt/BU/sum_in0_reg_reg[11]/D |
| clk                | clk               | ntt/BU/sum_in0_reg_reg[10]/D |
| clk                | clk               | ntt/BU/sum_in0_reg_reg[8]/D  |
| clk                | clk               | ntt/BU/sum_in0_reg_reg[9]/D  |
| clk                | clk               | ntt/BU/sum_in1_reg_reg[8]/D  |
+--------------------+-------------------+------------------------------+

File with complete list of pins: tight_setup_hold_pins.txt


Phase 5 Rip-up And Reroute

Phase 5.1 Global Iteration 0
 Number of Nodes with overlaps = 3316
 Number of Nodes with overlaps = 864
 Number of Nodes with overlaps = 273
 Number of Nodes with overlaps = 124
 Number of Nodes with overlaps = 56
 Number of Nodes with overlaps = 11
 Number of Nodes with overlaps = 4
 Number of Nodes with overlaps = 3
 Number of Nodes with overlaps = 1
 Number of Nodes with overlaps = 0
INFO: [Route 35-416] Intermediate Timing Summary | WNS=-0.109 | TNS=-1.065 | WHS=N/A    | THS=N/A    |

Phase 5.1 Global Iteration 0 | Checksum: 229eb9bfa

Time (s): cpu = 00:00:33 ; elapsed = 00:00:17 . Memory (MB): peak = 3148.156 ; gain = 0.000 ; free physical = 7496 ; free virtual = 54948

Phase 5.2 Global Iteration 1
 Number of Nodes with overlaps = 209
 Number of Nodes with overlaps = 79
 Number of Nodes with overlaps = 25
 Number of Nodes with overlaps = 8
 Number of Nodes with overlaps = 3
 Number of Nodes with overlaps = 2
 Number of Nodes with overlaps = 1
 Number of Nodes with overlaps = 4
 Number of Nodes with overlaps = 1
 Number of Nodes with overlaps = 0
INFO: [Route 35-416] Intermediate Timing Summary | WNS=-0.080 | TNS=-0.111 | WHS=N/A    | THS=N/A    |

Phase 5.2 Global Iteration 1 | Checksum: 2923039e5

Time (s): cpu = 00:00:38 ; elapsed = 00:00:19 . Memory (MB): peak = 3148.156 ; gain = 0.000 ; free physical = 7498 ; free virtual = 54950

Phase 5.3 Global Iteration 2
 Number of Nodes with overlaps = 131
 Number of Nodes with overlaps = 55
 Number of Nodes with overlaps = 20
 Number of Nodes with overlaps = 11
 Number of Nodes with overlaps = 3
 Number of Nodes with overlaps = 0
INFO: [Route 35-416] Intermediate Timing Summary | WNS=-0.026 | TNS=-0.046 | WHS=N/A    | THS=N/A    |

Phase 5.3 Global Iteration 2 | Checksum: 292b7db50

Time (s): cpu = 00:00:42 ; elapsed = 00:00:22 . Memory (MB): peak = 3148.156 ; gain = 0.000 ; free physical = 7492 ; free virtual = 54942

Phase 5.4 Global Iteration 3
 Number of Nodes with overlaps = 113
 Number of Nodes with overlaps = 39
 Number of Nodes with overlaps = 10
 Number of Nodes with overlaps = 4
 Number of Nodes with overlaps = 3
 Number of Nodes with overlaps = 2
 Number of Nodes with overlaps = 1
 Number of Nodes with overlaps = 0
INFO: [Route 35-416] Intermediate Timing Summary | WNS=-0.045 | TNS=-0.091 | WHS=N/A    | THS=N/A    |

Phase 5.4 Global Iteration 3 | Checksum: 325719ba4

Time (s): cpu = 00:00:45 ; elapsed = 00:00:23 . Memory (MB): peak = 3148.156 ; gain = 0.000 ; free physical = 7474 ; free virtual = 54924
Phase 5 Rip-up And Reroute | Checksum: 325719ba4

Time (s): cpu = 00:00:45 ; elapsed = 00:00:23 . Memory (MB): peak = 3148.156 ; gain = 0.000 ; free physical = 7474 ; free virtual = 54925

Phase 6 Delay and Skew Optimization

Phase 6.1 Delay CleanUp

Phase 6.1.1 Update Timing
Phase 6.1.1 Update Timing | Checksum: 293fe4693

Time (s): cpu = 00:00:46 ; elapsed = 00:00:23 . Memory (MB): peak = 3148.156 ; gain = 0.000 ; free physical = 7474 ; free virtual = 54924
INFO: [Route 35-416] Intermediate Timing Summary | WNS=0.053  | TNS=0.000  | WHS=N/A    | THS=N/A    |

Phase 6.1 Delay CleanUp | Checksum: 293fe4693

Time (s): cpu = 00:00:46 ; elapsed = 00:00:23 . Memory (MB): peak = 3148.156 ; gain = 0.000 ; free physical = 7474 ; free virtual = 54924

Phase 6.2 Clock Skew Optimization
Phase 6.2 Clock Skew Optimization | Checksum: 293fe4693

Time (s): cpu = 00:00:46 ; elapsed = 00:00:23 . Memory (MB): peak = 3148.156 ; gain = 0.000 ; free physical = 7474 ; free virtual = 54924
Phase 6 Delay and Skew Optimization | Checksum: 293fe4693

Time (s): cpu = 00:00:46 ; elapsed = 00:00:23 . Memory (MB): peak = 3148.156 ; gain = 0.000 ; free physical = 7474 ; free virtual = 54924

Phase 7 Post Hold Fix

Phase 7.1 Hold Fix Iter
INFO: [Route 35-416] Intermediate Timing Summary | WNS=0.053  | TNS=0.000  | WHS=0.035  | THS=0.000  |

Phase 7.1 Hold Fix Iter | Checksum: 25de700a8

Time (s): cpu = 00:00:46 ; elapsed = 00:00:24 . Memory (MB): peak = 3148.156 ; gain = 0.000 ; free physical = 7476 ; free virtual = 54927
Phase 7 Post Hold Fix | Checksum: 25de700a8

Time (s): cpu = 00:00:46 ; elapsed = 00:00:24 . Memory (MB): peak = 3148.156 ; gain = 0.000 ; free physical = 7476 ; free virtual = 54927

Phase 8 Route finalize

Router Utilization Summary
  Global Vertical Routing Utilization    = 9.62399 %
  Global Horizontal Routing Utilization  = 13.605 %
  Routable Net Status*
  *Does not include unroutable nets such as driverless and loadless.
  Run report_route_status for detailed report.
  Number of Failed Nets               = 0
    (Failed Nets is the sum of unrouted and partially routed nets)
  Number of Unrouted Nets             = 0
  Number of Partially Routed Nets     = 0
  Number of Node Overlaps             = 0

Phase 8 Route finalize | Checksum: 25de700a8

Time (s): cpu = 00:00:47 ; elapsed = 00:00:24 . Memory (MB): peak = 3148.156 ; gain = 0.000 ; free physical = 7476 ; free virtual = 54926

Phase 9 Verifying routed nets

 Verification completed successfully
Phase 9 Verifying routed nets | Checksum: 25de700a8

Time (s): cpu = 00:00:47 ; elapsed = 00:00:24 . Memory (MB): peak = 3148.156 ; gain = 0.000 ; free physical = 7476 ; free virtual = 54925

Phase 10 Depositing Routes
Phase 10 Depositing Routes | Checksum: 1f3bd44b9

Time (s): cpu = 00:00:47 ; elapsed = 00:00:24 . Memory (MB): peak = 3148.156 ; gain = 0.000 ; free physical = 7491 ; free virtual = 54941

Phase 11 Post Process Routing
Phase 11 Post Process Routing | Checksum: 1f3bd44b9

Time (s): cpu = 00:00:47 ; elapsed = 00:00:24 . Memory (MB): peak = 3148.156 ; gain = 0.000 ; free physical = 7491 ; free virtual = 54942

Phase 12 Post Router Timing
INFO: [Route 35-57] Estimated Timing Summary | WNS=0.053  | TNS=0.000  | WHS=0.035  | THS=0.000  |

INFO: [Route 35-327] The final timing numbers are based on the router estimated timing analysis. For a complete and accurate timing signoff, please run report_timing_summary.
Phase 12 Post Router Timing | Checksum: 1f3bd44b9

Time (s): cpu = 00:00:47 ; elapsed = 00:00:24 . Memory (MB): peak = 3148.156 ; gain = 0.000 ; free physical = 7491 ; free virtual = 54941
Total Elapsed time in route_design: 24.11 secs

Phase 13 Post-Route Event Processing
Phase 13 Post-Route Event Processing | Checksum: 1373c57d1

Time (s): cpu = 00:00:47 ; elapsed = 00:00:24 . Memory (MB): peak = 3148.156 ; gain = 0.000 ; free physical = 7491 ; free virtual = 54941
INFO: [Route 35-16] Router Completed Successfully
Ending Routing Task | Checksum: 1373c57d1

Time (s): cpu = 00:00:48 ; elapsed = 00:00:24 . Memory (MB): peak = 3148.156 ; gain = 0.000 ; free physical = 7490 ; free virtual = 54941

Routing Is Done.
INFO: [Common 17-83] Releasing license: Implementation
124 Infos, 0 Warnings, 2 Critical Warnings and 0 Errors encountered.
route_design completed successfully
route_design: Time (s): cpu = 00:00:48 ; elapsed = 00:00:24 . Memory (MB): peak = 3148.156 ; gain = 0.000 ; free physical = 7490 ; free virtual = 54941
INFO: [Vivado 12-24828] Executing command : report_drc -file Kyber_Client_drc_routed.rpt -pb Kyber_Client_drc_routed.pb -rpx Kyber_Client_drc_routed.rpx
Command: report_drc -file Kyber_Client_drc_routed.rpt -pb Kyber_Client_drc_routed.pb -rpx Kyber_Client_drc_routed.rpx
INFO: [IP_Flow 19-1839] IP Catalog is up to date.
INFO: [DRC 23-27] Running DRC with 8 threads
INFO: [Vivado_Tcl 2-168] The results of DRC are in file /home/lincoln/Documents/ECE/470/Kyber/CRYSTALS-Kyber/Crystals-kyber/Crystals-kyber.runs/impl_2/Kyber_Client_drc_routed.rpt.
report_drc completed successfully
INFO: [Vivado 12-24828] Executing command : report_methodology -file Kyber_Client_methodology_drc_routed.rpt -pb Kyber_Client_methodology_drc_routed.pb -rpx Kyber_Client_methodology_drc_routed.rpx
Command: report_methodology -file Kyber_Client_methodology_drc_routed.rpt -pb Kyber_Client_methodology_drc_routed.pb -rpx Kyber_Client_methodology_drc_routed.rpx
INFO: [Timing 38-35] Done setting XDC timing constraints.
INFO: [DRC 23-133] Running Methodology with 8 threads
INFO: [Vivado_Tcl 2-1520] The results of Report Methodology are in file /home/lincoln/Documents/ECE/470/Kyber/CRYSTALS-Kyber/Crystals-kyber/Crystals-kyber.runs/impl_2/Kyber_Client_methodology_drc_routed.rpt.
report_methodology completed successfully
INFO: [Vivado 12-24828] Executing command : report_timing_summary -max_paths 10 -file Kyber_Client_timing_summary_routed.rpt -pb Kyber_Client_timing_summary_routed.pb -rpx Kyber_Client_timing_summary_routed.rpx -warn_on_violation 
INFO: [Timing 38-35] Done setting XDC timing constraints.
INFO: [Timing 38-91] UpdateTimingParams: Speed grade: -1, Delay Type: min_max.
INFO: [Timing 38-191] Multithreading enabled for timing update using a maximum of 8 CPUs
INFO: [Vivado 12-24838] Running report commands "report_incremental_reuse, report_route_status" in parallel.
Running report generation with 2 threads.
INFO: [Vivado 12-24828] Executing command : report_incremental_reuse -file Kyber_Client_incremental_reuse_routed.rpt
INFO: [Vivado_Tcl 4-1062] Incremental flow is disabled. No incremental reuse Info to report.
INFO: [Vivado 12-24828] Executing command : report_route_status -file Kyber_Client_route_status.rpt -pb Kyber_Client_route_status.pb
INFO: [Vivado 12-24828] Executing command : report_power -file Kyber_Client_power_routed.rpt -pb Kyber_Client_power_summary_routed.pb -rpx Kyber_Client_power_routed.rpx
Command: report_power -file Kyber_Client_power_routed.rpt -pb Kyber_Client_power_summary_routed.pb -rpx Kyber_Client_power_routed.rpx
Running Vector-less Activity Propagation...

Finished Running Vector-less Activity Propagation
WARNING: [Power 33-332] Found switching activity that implies high-fanout reset nets being asserted for excessive periods of time which may result in inaccurate power analysis.
Resolution: To review and fix problems, please run Power Constraints Advisor in the GUI from Tools > Power Constraints Advisor or run report_power with the -advisory option to generate a text report.
141 Infos, 1 Warnings, 2 Critical Warnings and 0 Errors encountered.
report_power completed successfully
INFO: [Vivado 12-24828] Executing command : report_clock_utilization -file Kyber_Client_clock_utilization_routed.rpt
INFO: [Timing 38-480] Writing timing data to binary archive.
Wrote PlaceDB: Time (s): cpu = 00:00:00 ; elapsed = 00:00:00 . Memory (MB): peak = 3148.156 ; gain = 0.000 ; free physical = 7471 ; free virtual = 54925
Wrote PulsedLatchDB: Time (s): cpu = 00:00:00 ; elapsed = 00:00:00 . Memory (MB): peak = 3148.156 ; gain = 0.000 ; free physical = 7471 ; free virtual = 54925
Writing XDEF routing.
Writing XDEF routing logical nets.
Write ShapeDB Complete: Time (s): cpu = 00:00:00.12 ; elapsed = 00:00:00.03 . Memory (MB): peak = 3148.156 ; gain = 0.000 ; free physical = 7479 ; free virtual = 54934
Writing XDEF routing special nets.
Wrote RouteStorage: Time (s): cpu = 00:00:00.34 ; elapsed = 00:00:00.07 . Memory (MB): peak = 3148.156 ; gain = 0.000 ; free physical = 7478 ; free virtual = 54936
Wrote PlaceStorage: Time (s): cpu = 00:00:00.43 ; elapsed = 00:00:00.2 . Memory (MB): peak = 3148.156 ; gain = 0.000 ; free physical = 7483 ; free virtual = 54949
Wrote Netlist Cache: Time (s): cpu = 00:00:00 ; elapsed = 00:00:00 . Memory (MB): peak = 3148.156 ; gain = 0.000 ; free physical = 7482 ; free virtual = 54948
Wrote Device Cache: Time (s): cpu = 00:00:00.01 ; elapsed = 00:00:00 . Memory (MB): peak = 3148.156 ; gain = 0.000 ; free physical = 7482 ; free virtual = 54949
Write Physdb Complete: Time (s): cpu = 00:00:00.78 ; elapsed = 00:00:00.28 . Memory (MB): peak = 3148.156 ; gain = 0.000 ; free physical = 7482 ; free virtual = 54949
INFO: [Common 17-1381] The checkpoint '/home/lincoln/Documents/ECE/470/Kyber/CRYSTALS-Kyber/Crystals-kyber/Crystals-kyber.runs/impl_2/Kyber_Client_routed.dcp' has been generated.
INFO: [Common 17-206] Exiting Vivado at Thu Apr  9 10:23:57 2026...
