
*** Running vivado
    with args -log blk_mem_gen_1.vds -m64 -product Vivado -mode batch -messageDb vivado.pb -notrace -source blk_mem_gen_1.tcl


****** Vivado v2025.2 (64-bit)
  **** SW Build 6299465 on Fri Nov 14 12:34:56 MST 2025
  **** IP Build 6300035 on Fri Nov 14 10:48:45 MST 2025
  **** SharedData Build 6298862 on Thu Nov 13 04:50:51 MST 2025
  **** Start of session at: Mon May  4 17:48:30 2026
    ** Copyright 1986-2022 Xilinx, Inc. All Rights Reserved.
    ** Copyright 2022-2025 Advanced Micro Devices, Inc. All Rights Reserved.

source blk_mem_gen_1.tcl -notrace
Command: synth_design -top blk_mem_gen_1 -part xc7a35tcsg324-1 -incremental_mode off -mode out_of_context
Starting synth_design
Attempting to get a license for feature 'Synthesis' and/or device 'xc7a35t'
INFO: [Common 17-349] Got license for feature 'Synthesis' and/or device 'xc7a35t'
INFO: [Device 21-403] Loading part xc7a35tcsg324-1
INFO: [Synth 8-7079] Multithreading enabled for synth_design using a maximum of 7 processes.
INFO: [Synth 8-7078] Launching helper process for spawning children vivado processes
INFO: [Synth 8-7075] Helper process launched with PID 135923
---------------------------------------------------------------------------------
Starting RTL Elaboration : Time (s): cpu = 00:00:07 ; elapsed = 00:00:08 . Memory (MB): peak = 2194.027 ; gain = 482.594 ; free physical = 10348 ; free virtual = 67503
---------------------------------------------------------------------------------
INFO: [Synth 8-638] synthesizing module 'blk_mem_gen_1' [/data/claude_sandbox/CRYSTALS-Kyber/Crystals-kyber/Crystals-kyber.gen/sources_1/ip/blk_mem_gen_1/synth/blk_mem_gen_1.vhd:71]
	Parameter C_FAMILY bound to: artix7 - type: string 
	Parameter C_XDEVICEFAMILY bound to: artix7 - type: string 
	Parameter C_ELABORATION_DIR bound to: ./ - type: string 
	Parameter C_INTERFACE_TYPE bound to: 0 - type: integer 
	Parameter C_AXI_TYPE bound to: 1 - type: integer 
	Parameter C_AXI_SLAVE_TYPE bound to: 0 - type: integer 
	Parameter C_USE_BRAM_BLOCK bound to: 0 - type: integer 
	Parameter C_ENABLE_32BIT_ADDRESS bound to: 0 - type: integer 
	Parameter C_CTRL_ECC_ALGO bound to: NONE - type: string 
	Parameter C_HAS_AXI_ID bound to: 0 - type: integer 
	Parameter C_AXI_ID_WIDTH bound to: 4 - type: integer 
	Parameter C_MEM_TYPE bound to: 1 - type: integer 
	Parameter C_BYTE_SIZE bound to: 9 - type: integer 
	Parameter C_ALGORITHM bound to: 1 - type: integer 
	Parameter C_PRIM_TYPE bound to: 1 - type: integer 
	Parameter C_LOAD_INIT_FILE bound to: 0 - type: integer 
	Parameter C_INIT_FILE_NAME bound to: no_coe_file_loaded - type: string 
	Parameter C_INIT_FILE bound to: blk_mem_gen_1.mem - type: string 
	Parameter C_USE_DEFAULT_DATA bound to: 0 - type: integer 
	Parameter C_DEFAULT_DATA bound to: 0 - type: string 
	Parameter C_HAS_RSTA bound to: 0 - type: integer 
	Parameter C_RST_PRIORITY_A bound to: CE - type: string 
	Parameter C_RSTRAM_A bound to: 0 - type: integer 
	Parameter C_INITA_VAL bound to: 0 - type: string 
	Parameter C_HAS_ENA bound to: 0 - type: integer 
	Parameter C_HAS_REGCEA bound to: 0 - type: integer 
	Parameter C_USE_BYTE_WEA bound to: 0 - type: integer 
	Parameter C_WEA_WIDTH bound to: 1 - type: integer 
	Parameter C_WRITE_MODE_A bound to: NO_CHANGE - type: string 
	Parameter C_WRITE_WIDTH_A bound to: 48 - type: integer 
	Parameter C_READ_WIDTH_A bound to: 48 - type: integer 
	Parameter C_WRITE_DEPTH_A bound to: 128 - type: integer 
	Parameter C_READ_DEPTH_A bound to: 128 - type: integer 
	Parameter C_ADDRA_WIDTH bound to: 7 - type: integer 
	Parameter C_HAS_RSTB bound to: 0 - type: integer 
	Parameter C_RST_PRIORITY_B bound to: CE - type: string 
	Parameter C_RSTRAM_B bound to: 0 - type: integer 
	Parameter C_INITB_VAL bound to: 0 - type: string 
	Parameter C_HAS_ENB bound to: 0 - type: integer 
	Parameter C_HAS_REGCEB bound to: 0 - type: integer 
	Parameter C_USE_BYTE_WEB bound to: 0 - type: integer 
	Parameter C_WEB_WIDTH bound to: 1 - type: integer 
	Parameter C_WRITE_MODE_B bound to: READ_FIRST - type: string 
	Parameter C_WRITE_WIDTH_B bound to: 48 - type: integer 
	Parameter C_READ_WIDTH_B bound to: 48 - type: integer 
	Parameter C_WRITE_DEPTH_B bound to: 128 - type: integer 
	Parameter C_READ_DEPTH_B bound to: 128 - type: integer 
	Parameter C_ADDRB_WIDTH bound to: 7 - type: integer 
	Parameter C_HAS_MEM_OUTPUT_REGS_A bound to: 0 - type: integer 
	Parameter C_HAS_MEM_OUTPUT_REGS_B bound to: 0 - type: integer 
	Parameter C_HAS_MUX_OUTPUT_REGS_A bound to: 0 - type: integer 
	Parameter C_HAS_MUX_OUTPUT_REGS_B bound to: 0 - type: integer 
	Parameter C_MUX_PIPELINE_STAGES bound to: 0 - type: integer 
	Parameter C_HAS_SOFTECC_INPUT_REGS_A bound to: 0 - type: integer 
	Parameter C_HAS_SOFTECC_OUTPUT_REGS_B bound to: 0 - type: integer 
	Parameter C_USE_SOFTECC bound to: 0 - type: integer 
	Parameter C_USE_ECC bound to: 0 - type: integer 
	Parameter C_EN_ECC_PIPE bound to: 0 - type: integer 
	Parameter C_READ_LATENCY_A bound to: 1 - type: integer 
	Parameter C_READ_LATENCY_B bound to: 1 - type: integer 
	Parameter C_HAS_INJECTERR bound to: 0 - type: integer 
	Parameter C_SIM_COLLISION_CHECK bound to: ALL - type: string 
	Parameter C_COMMON_CLK bound to: 1 - type: integer 
	Parameter C_DISABLE_WARN_BHV_COLL bound to: 0 - type: integer 
	Parameter C_EN_SLEEP_PIN bound to: 0 - type: integer 
	Parameter C_USE_URAM bound to: 0 - type: integer 
	Parameter C_EN_RDADDRA_CHG bound to: 0 - type: integer 
	Parameter C_EN_RDADDRB_CHG bound to: 0 - type: integer 
	Parameter C_EN_DEEPSLEEP_PIN bound to: 0 - type: integer 
	Parameter C_EN_SHUTDOWN_PIN bound to: 0 - type: integer 
	Parameter C_EN_SAFETY_CKT bound to: 0 - type: integer 
	Parameter C_DISABLE_WARN_BHV_RANGE bound to: 0 - type: integer 
	Parameter C_COUNT_36K_BRAM bound to: 1 - type: string 
	Parameter C_COUNT_18K_BRAM bound to: 0 - type: string 
	Parameter C_EST_POWER_SUMMARY bound to: Estimated Power for IP     :     6.4029 mW - type: string 
INFO: [Synth 8-3491] module 'blk_mem_gen_v8_4_12' declared at '/data/claude_sandbox/CRYSTALS-Kyber/Crystals-kyber/Crystals-kyber.gen/sources_1/ip/blk_mem_gen_1/hdl/blk_mem_gen_v8_4_vhsyn_rfs.vhd:195209' bound to instance 'U0' of component 'blk_mem_gen_v8_4_12' [/data/claude_sandbox/CRYSTALS-Kyber/Crystals-kyber/Crystals-kyber.gen/sources_1/ip/blk_mem_gen_1/synth/blk_mem_gen_1.vhd:242]
INFO: [Synth 8-256] done synthesizing module 'blk_mem_gen_1' (0#1) [/data/claude_sandbox/CRYSTALS-Kyber/Crystals-kyber/Crystals-kyber.gen/sources_1/ip/blk_mem_gen_1/synth/blk_mem_gen_1.vhd:71]
INFO: [Synth 8-7129] Port CLKB in module blk_mem_output_block is either unconnected or has no load
INFO: [Synth 8-7129] Port DOUTA_I[47] in module blk_mem_output_block is either unconnected or has no load
INFO: [Synth 8-7129] Port DOUTA_I[46] in module blk_mem_output_block is either unconnected or has no load
INFO: [Synth 8-7129] Port DOUTA_I[45] in module blk_mem_output_block is either unconnected or has no load
INFO: [Synth 8-7129] Port DOUTA_I[44] in module blk_mem_output_block is either unconnected or has no load
INFO: [Synth 8-7129] Port DOUTA_I[43] in module blk_mem_output_block is either unconnected or has no load
INFO: [Synth 8-7129] Port DOUTA_I[42] in module blk_mem_output_block is either unconnected or has no load
INFO: [Synth 8-7129] Port DOUTA_I[41] in module blk_mem_output_block is either unconnected or has no load
INFO: [Synth 8-7129] Port DOUTA_I[40] in module blk_mem_output_block is either unconnected or has no load
INFO: [Synth 8-7129] Port DOUTA_I[39] in module blk_mem_output_block is either unconnected or has no load
INFO: [Synth 8-7129] Port DOUTA_I[38] in module blk_mem_output_block is either unconnected or has no load
INFO: [Synth 8-7129] Port DOUTA_I[37] in module blk_mem_output_block is either unconnected or has no load
INFO: [Synth 8-7129] Port DOUTA_I[36] in module blk_mem_output_block is either unconnected or has no load
INFO: [Synth 8-7129] Port DOUTA_I[35] in module blk_mem_output_block is either unconnected or has no load
INFO: [Synth 8-7129] Port DOUTA_I[34] in module blk_mem_output_block is either unconnected or has no load
INFO: [Synth 8-7129] Port DOUTA_I[33] in module blk_mem_output_block is either unconnected or has no load
INFO: [Synth 8-7129] Port DOUTA_I[32] in module blk_mem_output_block is either unconnected or has no load
INFO: [Synth 8-7129] Port DOUTA_I[31] in module blk_mem_output_block is either unconnected or has no load
INFO: [Synth 8-7129] Port DOUTA_I[30] in module blk_mem_output_block is either unconnected or has no load
INFO: [Synth 8-7129] Port DOUTA_I[29] in module blk_mem_output_block is either unconnected or has no load
INFO: [Synth 8-7129] Port DOUTA_I[28] in module blk_mem_output_block is either unconnected or has no load
INFO: [Synth 8-7129] Port DOUTA_I[27] in module blk_mem_output_block is either unconnected or has no load
INFO: [Synth 8-7129] Port DOUTA_I[26] in module blk_mem_output_block is either unconnected or has no load
INFO: [Synth 8-7129] Port DOUTA_I[25] in module blk_mem_output_block is either unconnected or has no load
INFO: [Synth 8-7129] Port DOUTA_I[24] in module blk_mem_output_block is either unconnected or has no load
INFO: [Synth 8-7129] Port DOUTA_I[23] in module blk_mem_output_block is either unconnected or has no load
INFO: [Synth 8-7129] Port DOUTA_I[22] in module blk_mem_output_block is either unconnected or has no load
INFO: [Synth 8-7129] Port DOUTA_I[21] in module blk_mem_output_block is either unconnected or has no load
INFO: [Synth 8-7129] Port DOUTA_I[20] in module blk_mem_output_block is either unconnected or has no load
INFO: [Synth 8-7129] Port DOUTA_I[19] in module blk_mem_output_block is either unconnected or has no load
INFO: [Synth 8-7129] Port DOUTA_I[18] in module blk_mem_output_block is either unconnected or has no load
INFO: [Synth 8-7129] Port DOUTA_I[17] in module blk_mem_output_block is either unconnected or has no load
INFO: [Synth 8-7129] Port DOUTA_I[16] in module blk_mem_output_block is either unconnected or has no load
INFO: [Synth 8-7129] Port DOUTA_I[15] in module blk_mem_output_block is either unconnected or has no load
INFO: [Synth 8-7129] Port DOUTA_I[14] in module blk_mem_output_block is either unconnected or has no load
INFO: [Synth 8-7129] Port DOUTA_I[13] in module blk_mem_output_block is either unconnected or has no load
INFO: [Synth 8-7129] Port DOUTA_I[12] in module blk_mem_output_block is either unconnected or has no load
INFO: [Synth 8-7129] Port DOUTA_I[11] in module blk_mem_output_block is either unconnected or has no load
INFO: [Synth 8-7129] Port DOUTA_I[10] in module blk_mem_output_block is either unconnected or has no load
INFO: [Synth 8-7129] Port DOUTA_I[9] in module blk_mem_output_block is either unconnected or has no load
INFO: [Synth 8-7129] Port DOUTA_I[8] in module blk_mem_output_block is either unconnected or has no load
INFO: [Synth 8-7129] Port DOUTA_I[7] in module blk_mem_output_block is either unconnected or has no load
INFO: [Synth 8-7129] Port DOUTA_I[6] in module blk_mem_output_block is either unconnected or has no load
INFO: [Synth 8-7129] Port DOUTA_I[5] in module blk_mem_output_block is either unconnected or has no load
INFO: [Synth 8-7129] Port DOUTA_I[4] in module blk_mem_output_block is either unconnected or has no load
INFO: [Synth 8-7129] Port DOUTA_I[3] in module blk_mem_output_block is either unconnected or has no load
INFO: [Synth 8-7129] Port DOUTA_I[2] in module blk_mem_output_block is either unconnected or has no load
INFO: [Synth 8-7129] Port DOUTA_I[1] in module blk_mem_output_block is either unconnected or has no load
INFO: [Synth 8-7129] Port DOUTA_I[0] in module blk_mem_output_block is either unconnected or has no load
INFO: [Synth 8-7129] Port SBITERR_I in module blk_mem_output_block is either unconnected or has no load
INFO: [Synth 8-7129] Port DBITERR_I in module blk_mem_output_block is either unconnected or has no load
INFO: [Synth 8-7129] Port RDADDRECC_I[6] in module blk_mem_output_block is either unconnected or has no load
INFO: [Synth 8-7129] Port RDADDRECC_I[5] in module blk_mem_output_block is either unconnected or has no load
INFO: [Synth 8-7129] Port RDADDRECC_I[4] in module blk_mem_output_block is either unconnected or has no load
INFO: [Synth 8-7129] Port RDADDRECC_I[3] in module blk_mem_output_block is either unconnected or has no load
INFO: [Synth 8-7129] Port RDADDRECC_I[2] in module blk_mem_output_block is either unconnected or has no load
INFO: [Synth 8-7129] Port RDADDRECC_I[1] in module blk_mem_output_block is either unconnected or has no load
INFO: [Synth 8-7129] Port RDADDRECC_I[0] in module blk_mem_output_block is either unconnected or has no load
INFO: [Synth 8-7129] Port DOUTA[71] in module blk_mem_gen_prim_wrapper is either unconnected or has no load
INFO: [Synth 8-7129] Port DOUTA[70] in module blk_mem_gen_prim_wrapper is either unconnected or has no load
INFO: [Synth 8-7129] Port DOUTA[69] in module blk_mem_gen_prim_wrapper is either unconnected or has no load
INFO: [Synth 8-7129] Port DOUTA[68] in module blk_mem_gen_prim_wrapper is either unconnected or has no load
INFO: [Synth 8-7129] Port DOUTA[67] in module blk_mem_gen_prim_wrapper is either unconnected or has no load
INFO: [Synth 8-7129] Port DOUTA[66] in module blk_mem_gen_prim_wrapper is either unconnected or has no load
INFO: [Synth 8-7129] Port DOUTA[65] in module blk_mem_gen_prim_wrapper is either unconnected or has no load
INFO: [Synth 8-7129] Port DOUTA[64] in module blk_mem_gen_prim_wrapper is either unconnected or has no load
INFO: [Synth 8-7129] Port DOUTA[63] in module blk_mem_gen_prim_wrapper is either unconnected or has no load
INFO: [Synth 8-7129] Port DOUTA[62] in module blk_mem_gen_prim_wrapper is either unconnected or has no load
INFO: [Synth 8-7129] Port DOUTA[61] in module blk_mem_gen_prim_wrapper is either unconnected or has no load
INFO: [Synth 8-7129] Port DOUTA[60] in module blk_mem_gen_prim_wrapper is either unconnected or has no load
INFO: [Synth 8-7129] Port DOUTA[59] in module blk_mem_gen_prim_wrapper is either unconnected or has no load
INFO: [Synth 8-7129] Port DOUTA[58] in module blk_mem_gen_prim_wrapper is either unconnected or has no load
INFO: [Synth 8-7129] Port DOUTA[57] in module blk_mem_gen_prim_wrapper is either unconnected or has no load
INFO: [Synth 8-7129] Port DOUTA[56] in module blk_mem_gen_prim_wrapper is either unconnected or has no load
INFO: [Synth 8-7129] Port DOUTA[55] in module blk_mem_gen_prim_wrapper is either unconnected or has no load
INFO: [Synth 8-7129] Port DOUTA[54] in module blk_mem_gen_prim_wrapper is either unconnected or has no load
INFO: [Synth 8-7129] Port DOUTA[53] in module blk_mem_gen_prim_wrapper is either unconnected or has no load
INFO: [Synth 8-7129] Port DOUTA[52] in module blk_mem_gen_prim_wrapper is either unconnected or has no load
INFO: [Synth 8-7129] Port DOUTA[51] in module blk_mem_gen_prim_wrapper is either unconnected or has no load
INFO: [Synth 8-7129] Port DOUTA[50] in module blk_mem_gen_prim_wrapper is either unconnected or has no load
INFO: [Synth 8-7129] Port DOUTA[49] in module blk_mem_gen_prim_wrapper is either unconnected or has no load
INFO: [Synth 8-7129] Port DOUTA[48] in module blk_mem_gen_prim_wrapper is either unconnected or has no load
INFO: [Synth 8-7129] Port DOUTA[47] in module blk_mem_gen_prim_wrapper is either unconnected or has no load
INFO: [Synth 8-7129] Port DOUTA[46] in module blk_mem_gen_prim_wrapper is either unconnected or has no load
INFO: [Synth 8-7129] Port DOUTA[45] in module blk_mem_gen_prim_wrapper is either unconnected or has no load
INFO: [Synth 8-7129] Port DOUTA[44] in module blk_mem_gen_prim_wrapper is either unconnected or has no load
INFO: [Synth 8-7129] Port DOUTA[43] in module blk_mem_gen_prim_wrapper is either unconnected or has no load
INFO: [Synth 8-7129] Port DOUTA[42] in module blk_mem_gen_prim_wrapper is either unconnected or has no load
INFO: [Synth 8-7129] Port DOUTA[41] in module blk_mem_gen_prim_wrapper is either unconnected or has no load
INFO: [Synth 8-7129] Port DOUTA[40] in module blk_mem_gen_prim_wrapper is either unconnected or has no load
INFO: [Synth 8-7129] Port DOUTA[39] in module blk_mem_gen_prim_wrapper is either unconnected or has no load
INFO: [Synth 8-7129] Port DOUTA[38] in module blk_mem_gen_prim_wrapper is either unconnected or has no load
INFO: [Synth 8-7129] Port DOUTA[37] in module blk_mem_gen_prim_wrapper is either unconnected or has no load
INFO: [Synth 8-7129] Port DOUTA[36] in module blk_mem_gen_prim_wrapper is either unconnected or has no load
INFO: [Synth 8-7129] Port DOUTA[35] in module blk_mem_gen_prim_wrapper is either unconnected or has no load
INFO: [Synth 8-7129] Port DOUTA[34] in module blk_mem_gen_prim_wrapper is either unconnected or has no load
INFO: [Synth 8-7129] Port DOUTA[33] in module blk_mem_gen_prim_wrapper is either unconnected or has no load
INFO: [Synth 8-7129] Port DOUTA[32] in module blk_mem_gen_prim_wrapper is either unconnected or has no load
INFO: [Synth 8-7129] Port DOUTA[31] in module blk_mem_gen_prim_wrapper is either unconnected or has no load
INFO: [Synth 8-7129] Port DOUTA[30] in module blk_mem_gen_prim_wrapper is either unconnected or has no load
INFO: [Common 17-14] Message 'Synth 8-7129' appears 100 times and further instances of the messages will be disabled. Use the Tcl command set_msg_config to change the current settings.
---------------------------------------------------------------------------------
Finished RTL Elaboration : Time (s): cpu = 00:00:15 ; elapsed = 00:00:17 . Memory (MB): peak = 2494.066 ; gain = 782.633 ; free physical = 11581 ; free virtual = 68759
---------------------------------------------------------------------------------
---------------------------------------------------------------------------------
Start Handling Custom Attributes
---------------------------------------------------------------------------------
---------------------------------------------------------------------------------
Finished Handling Custom Attributes : Time (s): cpu = 00:00:15 ; elapsed = 00:00:17 . Memory (MB): peak = 2494.066 ; gain = 782.633 ; free physical = 11581 ; free virtual = 68759
---------------------------------------------------------------------------------
---------------------------------------------------------------------------------
Finished RTL Optimization Phase 1 : Time (s): cpu = 00:00:15 ; elapsed = 00:00:17 . Memory (MB): peak = 2494.066 ; gain = 782.633 ; free physical = 11581 ; free virtual = 68759
---------------------------------------------------------------------------------
Netlist sorting complete. Time (s): cpu = 00:00:00.01 ; elapsed = 00:00:00.01 . Memory (MB): peak = 2494.066 ; gain = 0.000 ; free physical = 11590 ; free virtual = 68768
INFO: [Netlist 29-17] Analyzing 1 Unisim elements for replacement
INFO: [Netlist 29-28] Unisim Transformation completed in 0 CPU seconds
INFO: [Project 1-570] Preparing netlist for logic optimization

Processing XDC Constraints
Initializing timing engine
Parsing XDC File [/data/claude_sandbox/CRYSTALS-Kyber/Crystals-kyber/Crystals-kyber.gen/sources_1/ip/blk_mem_gen_1/blk_mem_gen_1_ooc.xdc] for cell 'U0'
Finished Parsing XDC File [/data/claude_sandbox/CRYSTALS-Kyber/Crystals-kyber/Crystals-kyber.gen/sources_1/ip/blk_mem_gen_1/blk_mem_gen_1_ooc.xdc] for cell 'U0'
Parsing XDC File [/data/claude_sandbox/CRYSTALS-Kyber/Crystals-kyber/Crystals-kyber.runs/blk_mem_gen_1_synth_1/dont_touch.xdc]
Finished Parsing XDC File [/data/claude_sandbox/CRYSTALS-Kyber/Crystals-kyber/Crystals-kyber.runs/blk_mem_gen_1_synth_1/dont_touch.xdc]
Completed Processing XDC Constraints

Netlist sorting complete. Time (s): cpu = 00:00:00 ; elapsed = 00:00:00 . Memory (MB): peak = 2534.086 ; gain = 0.000 ; free physical = 11250 ; free virtual = 68841
INFO: [Project 1-111] Unisim Transformation Summary:
No Unisim elements were transformed.

Constraint Validation Runtime : Time (s): cpu = 00:00:00.03 ; elapsed = 00:00:00.02 . Memory (MB): peak = 2534.121 ; gain = 0.000 ; free physical = 11308 ; free virtual = 68849
INFO: [Designutils 20-5008] Incremental synthesis strategy off
---------------------------------------------------------------------------------
Finished Constraint Validation : Time (s): cpu = 00:00:25 ; elapsed = 00:00:27 . Memory (MB): peak = 2534.121 ; gain = 822.688 ; free physical = 11669 ; free virtual = 68926
---------------------------------------------------------------------------------
---------------------------------------------------------------------------------
Start Loading Part and Timing Information
---------------------------------------------------------------------------------
Loading part: xc7a35tcsg324-1
---------------------------------------------------------------------------------
Finished Loading Part and Timing Information : Time (s): cpu = 00:00:25 ; elapsed = 00:00:27 . Memory (MB): peak = 2542.090 ; gain = 830.656 ; free physical = 11669 ; free virtual = 68926
---------------------------------------------------------------------------------
---------------------------------------------------------------------------------
Start Applying 'set_property' XDC Constraints
---------------------------------------------------------------------------------
---------------------------------------------------------------------------------
Finished applying 'set_property' XDC Constraints : Time (s): cpu = 00:00:25 ; elapsed = 00:00:27 . Memory (MB): peak = 2542.090 ; gain = 830.656 ; free physical = 11669 ; free virtual = 68926
---------------------------------------------------------------------------------
---------------------------------------------------------------------------------
Finished RTL Optimization Phase 2 : Time (s): cpu = 00:00:25 ; elapsed = 00:00:27 . Memory (MB): peak = 2542.090 ; gain = 830.656 ; free physical = 11678 ; free virtual = 68935
---------------------------------------------------------------------------------
---------------------------------------------------------------------------------
Start RTL Component Statistics 
---------------------------------------------------------------------------------
---------------------------------------------------------------------------------
Finished RTL Component Statistics 
---------------------------------------------------------------------------------
---------------------------------------------------------------------------------
Start Part Resource Summary
---------------------------------------------------------------------------------
Part Resources:
DSPs: 90 (col length:60)
BRAMs: 100 (col length: RAMB18 60 RAMB36 30)
---------------------------------------------------------------------------------
Finished Part Resource Summary
---------------------------------------------------------------------------------
---------------------------------------------------------------------------------
Start Cross Boundary and Area Optimization
---------------------------------------------------------------------------------
---------------------------------------------------------------------------------
Finished Cross Boundary and Area Optimization : Time (s): cpu = 00:00:27 ; elapsed = 00:00:29 . Memory (MB): peak = 2542.090 ; gain = 830.656 ; free physical = 11675 ; free virtual = 68922
---------------------------------------------------------------------------------
---------------------------------------------------------------------------------
Start Applying XDC Timing Constraints
---------------------------------------------------------------------------------
---------------------------------------------------------------------------------
Finished Applying XDC Timing Constraints : Time (s): cpu = 00:00:34 ; elapsed = 00:00:36 . Memory (MB): peak = 2542.090 ; gain = 830.656 ; free physical = 11771 ; free virtual = 68968
---------------------------------------------------------------------------------
---------------------------------------------------------------------------------
Start Timing Optimization
---------------------------------------------------------------------------------
---------------------------------------------------------------------------------
Finished Timing Optimization : Time (s): cpu = 00:00:34 ; elapsed = 00:00:36 . Memory (MB): peak = 2542.090 ; gain = 830.656 ; free physical = 11771 ; free virtual = 68968
---------------------------------------------------------------------------------
---------------------------------------------------------------------------------
Start Technology Mapping
---------------------------------------------------------------------------------
---------------------------------------------------------------------------------
Finished Technology Mapping : Time (s): cpu = 00:00:34 ; elapsed = 00:00:36 . Memory (MB): peak = 2542.090 ; gain = 830.656 ; free physical = 11771 ; free virtual = 68968
---------------------------------------------------------------------------------
---------------------------------------------------------------------------------
Start IO Insertion
---------------------------------------------------------------------------------
---------------------------------------------------------------------------------
Start Flattening Before IO Insertion
---------------------------------------------------------------------------------
---------------------------------------------------------------------------------
Finished Flattening Before IO Insertion
---------------------------------------------------------------------------------
---------------------------------------------------------------------------------
Start Final Netlist Cleanup
---------------------------------------------------------------------------------
---------------------------------------------------------------------------------
Finished Final Netlist Cleanup
---------------------------------------------------------------------------------
---------------------------------------------------------------------------------
Finished IO Insertion : Time (s): cpu = 00:00:38 ; elapsed = 00:00:40 . Memory (MB): peak = 2657.902 ; gain = 946.469 ; free physical = 11695 ; free virtual = 68874
---------------------------------------------------------------------------------
---------------------------------------------------------------------------------
Start Renaming Generated Instances
---------------------------------------------------------------------------------
---------------------------------------------------------------------------------
Finished Renaming Generated Instances : Time (s): cpu = 00:00:38 ; elapsed = 00:00:40 . Memory (MB): peak = 2657.902 ; gain = 946.469 ; free physical = 11695 ; free virtual = 68874
---------------------------------------------------------------------------------
---------------------------------------------------------------------------------
Start Rebuilding User Hierarchy
---------------------------------------------------------------------------------
---------------------------------------------------------------------------------
Finished Rebuilding User Hierarchy : Time (s): cpu = 00:00:38 ; elapsed = 00:00:40 . Memory (MB): peak = 2657.902 ; gain = 946.469 ; free physical = 11695 ; free virtual = 68874
---------------------------------------------------------------------------------
---------------------------------------------------------------------------------
Start Renaming Generated Ports
---------------------------------------------------------------------------------
---------------------------------------------------------------------------------
Finished Renaming Generated Ports : Time (s): cpu = 00:00:38 ; elapsed = 00:00:40 . Memory (MB): peak = 2657.902 ; gain = 946.469 ; free physical = 11695 ; free virtual = 68874
---------------------------------------------------------------------------------
---------------------------------------------------------------------------------
Start Handling Custom Attributes
---------------------------------------------------------------------------------
---------------------------------------------------------------------------------
Finished Handling Custom Attributes : Time (s): cpu = 00:00:38 ; elapsed = 00:00:40 . Memory (MB): peak = 2657.902 ; gain = 946.469 ; free physical = 11695 ; free virtual = 68874
---------------------------------------------------------------------------------
---------------------------------------------------------------------------------
Start Renaming Generated Nets
---------------------------------------------------------------------------------
---------------------------------------------------------------------------------
Finished Renaming Generated Nets : Time (s): cpu = 00:00:38 ; elapsed = 00:00:40 . Memory (MB): peak = 2657.902 ; gain = 946.469 ; free physical = 11695 ; free virtual = 68874
---------------------------------------------------------------------------------
---------------------------------------------------------------------------------
Start Writing Synthesis Report
---------------------------------------------------------------------------------

Report BlackBoxes: 
+-+--------------+----------+
| |BlackBox name |Instances |
+-+--------------+----------+
+-+--------------+----------+

Report Cell Usage: 
+------+---------+------+
|      |Cell     |Count |
+------+---------+------+
|1     |RAMB36E1 |     1|
+------+---------+------+
---------------------------------------------------------------------------------
Finished Writing Synthesis Report : Time (s): cpu = 00:00:38 ; elapsed = 00:00:40 . Memory (MB): peak = 2657.902 ; gain = 946.469 ; free physical = 11695 ; free virtual = 68874
---------------------------------------------------------------------------------
Synthesis finished with 0 errors, 0 critical warnings and 0 warnings.
Synthesis Optimization Runtime : Time (s): cpu = 00:00:35 ; elapsed = 00:00:37 . Memory (MB): peak = 2657.902 ; gain = 906.414 ; free physical = 11695 ; free virtual = 68874
Synthesis Optimization Complete : Time (s): cpu = 00:00:38 ; elapsed = 00:00:40 . Memory (MB): peak = 2657.910 ; gain = 946.469 ; free physical = 11695 ; free virtual = 68874
INFO: [Project 1-571] Translating synthesized netlist
Netlist sorting complete. Time (s): cpu = 00:00:00 ; elapsed = 00:00:00 . Memory (MB): peak = 2657.910 ; gain = 0.000 ; free physical = 11695 ; free virtual = 68874
INFO: [Netlist 29-17] Analyzing 1 Unisim elements for replacement
INFO: [Netlist 29-28] Unisim Transformation completed in 0 CPU seconds
INFO: [Project 1-570] Preparing netlist for logic optimization
INFO: [Opt 31-138] Pushed 0 inverter(s) to 0 load pin(s).
Netlist sorting complete. Time (s): cpu = 00:00:00 ; elapsed = 00:00:00 . Memory (MB): peak = 2657.910 ; gain = 0.000 ; free physical = 11869 ; free virtual = 69034
INFO: [Project 1-111] Unisim Transformation Summary:
No Unisim elements were transformed.

Synth Design complete | Checksum: 8dd781d9
INFO: [Common 17-83] Releasing license: Synthesis
121 Infos, 0 Warnings, 0 Critical Warnings and 0 Errors encountered.
synth_design completed successfully
synth_design: Time (s): cpu = 00:00:47 ; elapsed = 00:00:45 . Memory (MB): peak = 2657.938 ; gain = 1080.652 ; free physical = 11869 ; free virtual = 69034
INFO: [Common 17-2834] synth_design peak Physical Memory [PSS] (MB): overall = 1924.722; main = 1802.351; forked = 281.854
INFO: [Common 17-2834] synth_design peak Virtual Memory [VSS] (MB): overall = 3530.988; main = 2657.906; forked = 988.895
INFO: [Common 17-1381] The checkpoint '/data/claude_sandbox/CRYSTALS-Kyber/Crystals-kyber/Crystals-kyber.runs/blk_mem_gen_1_synth_1/blk_mem_gen_1.dcp' has been generated.
INFO: [Coretcl 2-1648] Added synthesis output to IP cache for IP blk_mem_gen_1, cache-ID = 2333b03c40119068
INFO: [Coretcl 2-1174] Renamed 6 cell refs.
INFO: [Common 17-1381] The checkpoint '/data/claude_sandbox/CRYSTALS-Kyber/Crystals-kyber/Crystals-kyber.runs/blk_mem_gen_1_synth_1/blk_mem_gen_1.dcp' has been generated.
INFO: [Vivado 12-24828] Executing command : report_utilization -file blk_mem_gen_1_utilization_synth.rpt -pb blk_mem_gen_1_utilization_synth.pb
INFO: [Common 17-206] Exiting Vivado at Mon May  4 17:49:25 2026...
