INFO: [VRFC 10-163] Analyzing VHDL file "/data/claude_sandbox/CRYSTALS-Kyber/Crystals-kyber/Crystals-kyber.gen/sources_1/ip/c_shift_ram_0/sim/c_shift_ram_0.vhd" into library xil_defaultlib
INFO: [VRFC 10-3107] analyzing entity 'c_shift_ram_0'
INFO: [VRFC 10-163] Analyzing VHDL file "/data/claude_sandbox/CRYSTALS-Kyber/Crystals-kyber/Crystals-kyber.gen/sources_1/ip/c_shift_ram_1/sim/c_shift_ram_1.vhd" into library xil_defaultlib
INFO: [VRFC 10-3107] analyzing entity 'c_shift_ram_1'
INFO: [VRFC 10-163] Analyzing VHDL file "/data/claude_sandbox/CRYSTALS-Kyber/Crystals-kyber/Crystals-kyber.gen/sources_1/ip/c_shift_ram_11/sim/c_shift_ram_11.vhd" into library xil_defaultlib
INFO: [VRFC 10-3107] analyzing entity 'c_shift_ram_11'
INFO: [VRFC 10-163] Analyzing VHDL file "/data/claude_sandbox/CRYSTALS-Kyber/Crystals-kyber/Crystals-kyber.gen/sources_1/ip/c_shift_ram_2/sim/c_shift_ram_2.vhd" into library xil_defaultlib
INFO: [VRFC 10-3107] analyzing entity 'c_shift_ram_2'
INFO: [VRFC 10-163] Analyzing VHDL file "/data/claude_sandbox/CRYSTALS-Kyber/Crystals-kyber/Crystals-kyber.gen/sources_1/ip/c_shift_ram_3/sim/c_shift_ram_3.vhd" into library xil_defaultlib
INFO: [VRFC 10-3107] analyzing entity 'c_shift_ram_3'
INFO: [VRFC 10-163] Analyzing VHDL file "/data/claude_sandbox/CRYSTALS-Kyber/Crystals-kyber/Crystals-kyber.gen/sources_1/ip/c_shift_ram_4/sim/c_shift_ram_4.vhd" into library xil_defaultlib
INFO: [VRFC 10-3107] analyzing entity 'c_shift_ram_4'
INFO: [VRFC 10-163] Analyzing VHDL file "/data/claude_sandbox/CRYSTALS-Kyber/Crystals-kyber/Crystals-kyber.gen/sources_1/ip/c_shift_ram_5/sim/c_shift_ram_5.vhd" into library xil_defaultlib
INFO: [VRFC 10-3107] analyzing entity 'c_shift_ram_5'
INFO: [VRFC 10-163] Analyzing VHDL file "/data/claude_sandbox/CRYSTALS-Kyber/Crystals-kyber/Crystals-kyber.gen/sources_1/ip/c_shift_ram_6/sim/c_shift_ram_6.vhd" into library xil_defaultlib
INFO: [VRFC 10-3107] analyzing entity 'c_shift_ram_6'
INFO: [VRFC 10-163] Analyzing VHDL file "/data/claude_sandbox/CRYSTALS-Kyber/Crystals-kyber/Crystals-kyber.gen/sources_1/ip/c_shift_ram_8/sim/c_shift_ram_8.vhd" into library xil_defaultlib
INFO: [VRFC 10-3107] analyzing entity 'c_shift_ram_8'
INFO: [VRFC 10-163] Analyzing VHDL file "/data/claude_sandbox/CRYSTALS-Kyber/Crystals-kyber/Crystals-kyber.gen/sources_1/ip/c_shift_ram_9/sim/c_shift_ram_9.vhd" into library xil_defaultlib
INFO: [VRFC 10-3107] analyzing entity 'c_shift_ram_9'
INFO: [VRFC 10-163] Analyzing VHDL file "/data/claude_sandbox/CRYSTALS-Kyber/Crystals-kyber/Crystals-kyber.gen/sources_1/ip/mult_gen_0/sim/mult_gen_0.vhd" into library xil_defaultlib
INFO: [VRFC 10-3107] analyzing entity 'mult_gen_0'
INFO: [VRFC 10-163] Analyzing VHDL file "/data/claude_sandbox/CRYSTALS-Kyber/Crystals-kyber/Crystals-kyber.srcs/sources_1/imports/imports/pi.vhd" into library xil_defaultlib
INFO: [VRFC 10-3107] analyzing entity 'pi'
INFO: [VRFC 10-163] Analyzing VHDL file "/data/claude_sandbox/CRYSTALS-Kyber/Crystals-kyber/Crystals-kyber.srcs/sources_1/imports/imports/RegisterFDRE.vhd" into library xil_defaultlib
INFO: [VRFC 10-3107] analyzing entity 'RegisterFDRE'
INFO: [VRFC 10-163] Analyzing VHDL file "/data/claude_sandbox/CRYSTALS-Kyber/Crystals-kyber/Crystals-kyber.srcs/sources_1/imports/imports/chi.vhd" into library xil_defaultlib
INFO: [VRFC 10-3107] analyzing entity 'chi'
INFO: [VRFC 10-163] Analyzing VHDL file "/data/claude_sandbox/CRYSTALS-Kyber/Crystals-kyber/Crystals-kyber.srcs/sources_1/imports/imports/iota.vhd" into library xil_defaultlib
INFO: [VRFC 10-3107] analyzing entity 'iota'
INFO: [VRFC 10-163] Analyzing VHDL file "/data/claude_sandbox/CRYSTALS-Kyber/Crystals-kyber/Crystals-kyber.srcs/sources_1/imports/imports/StateMachine.vhd" into library xil_defaultlib
INFO: [VRFC 10-3107] analyzing entity 'StateMachine'
INFO: [VRFC 10-163] Analyzing VHDL file "/data/claude_sandbox/CRYSTALS-Kyber/Crystals-kyber/Crystals-kyber.srcs/sources_1/imports/imports/rho.vhd" into library xil_defaultlib
INFO: [VRFC 10-3107] analyzing entity 'rho'
INFO: [VRFC 10-163] Analyzing VHDL file "/data/claude_sandbox/CRYSTALS-Kyber/Crystals-kyber/Crystals-kyber.srcs/sources_1/imports/imports/Keccak1600.vhd" into library xil_defaultlib
INFO: [VRFC 10-3107] analyzing entity 'Keccak1600'
INFO: [VRFC 10-163] Analyzing VHDL file "/data/claude_sandbox/CRYSTALS-Kyber/Crystals-kyber/Crystals-kyber.srcs/sources_1/imports/imports/theta.vhd" into library xil_defaultlib
INFO: [VRFC 10-3107] analyzing entity 'theta'
INFO: [VRFC 10-163] Analyzing VHDL file "/data/claude_sandbox/CRYSTALS-Kyber/Crystals-kyber/Crystals-kyber.srcs/sources_1/imports/imports/Round.vhd" into library xil_defaultlib
INFO: [VRFC 10-3107] analyzing entity 'Round'
