
*** Running vivado
    with args -log c_shift_ram_2.vds -m64 -product Vivado -mode batch -messageDb vivado.pb -notrace -source c_shift_ram_2.tcl


****** Vivado v2025.2 (64-bit)
  **** SW Build 6299465 on Fri Nov 14 12:34:56 MST 2025
  **** IP Build 6300035 on Fri Nov 14 10:48:45 MST 2025
  **** SharedData Build 6298862 on Thu Nov 13 04:50:51 MST 2025
  **** Start of session at: Mon May  4 17:47:40 2026
    ** Copyright 1986-2022 Xilinx, Inc. All Rights Reserved.
    ** Copyright 2022-2025 Advanced Micro Devices, Inc. All Rights Reserved.

source c_shift_ram_2.tcl -notrace
Command: synth_design -top c_shift_ram_2 -part xc7a35tcsg324-1 -incremental_mode off -mode out_of_context
Starting synth_design
Attempting to get a license for feature 'Synthesis' and/or device 'xc7a35t'
INFO: [Common 17-349] Got license for feature 'Synthesis' and/or device 'xc7a35t'
INFO: [Device 21-403] Loading part xc7a35tcsg324-1
INFO: [Synth 8-7079] Multithreading enabled for synth_design using a maximum of 7 processes.
INFO: [Synth 8-7078] Launching helper process for spawning children vivado processes
INFO: [Synth 8-7075] Helper process launched with PID 134112
---------------------------------------------------------------------------------
Starting RTL Elaboration : Time (s): cpu = 00:00:07 ; elapsed = 00:00:07 . Memory (MB): peak = 2194.062 ; gain = 480.562 ; free physical = 3310 ; free virtual = 60444
---------------------------------------------------------------------------------
INFO: [Synth 8-638] synthesizing module 'c_shift_ram_2' [/data/claude_sandbox/CRYSTALS-Kyber/Crystals-kyber/Crystals-kyber.gen/sources_1/ip/c_shift_ram_2/synth/c_shift_ram_2.vhd:67]
	Parameter C_XDEVICEFAMILY bound to: artix7 - type: string 
	Parameter C_VERBOSITY bound to: 0 - type: integer 
	Parameter C_WIDTH bound to: 2 - type: integer 
	Parameter C_DEPTH bound to: 12 - type: integer 
	Parameter C_ADDR_WIDTH bound to: 4 - type: integer 
	Parameter C_SHIFT_TYPE bound to: 0 - type: integer 
	Parameter C_OPT_GOAL bound to: 0 - type: integer 
	Parameter C_AINIT_VAL bound to: 00 - type: string 
	Parameter C_SINIT_VAL bound to: 00 - type: string 
	Parameter C_DEFAULT_DATA bound to: 00 - type: string 
	Parameter C_HAS_A bound to: 0 - type: integer 
	Parameter C_HAS_CE bound to: 0 - type: integer 
	Parameter C_REG_LAST_BIT bound to: 1 - type: integer 
	Parameter C_SYNC_PRIORITY bound to: 1 - type: integer 
	Parameter C_SYNC_ENABLE bound to: 0 - type: integer 
	Parameter C_HAS_SCLR bound to: 0 - type: integer 
	Parameter C_HAS_SSET bound to: 0 - type: integer 
	Parameter C_HAS_SINIT bound to: 0 - type: integer 
	Parameter C_MEM_INIT_FILE bound to: no_coe_file_loaded - type: string 
	Parameter C_ELABORATION_DIR bound to: ./ - type: string 
	Parameter C_READ_MIF bound to: 0 - type: integer 
	Parameter C_PARSER_TYPE bound to: 0 - type: integer 
INFO: [Synth 8-3491] module 'c_shift_ram_v12_0_20' declared at '/data/claude_sandbox/CRYSTALS-Kyber/Crystals-kyber/Crystals-kyber.gen/sources_1/ip/c_shift_ram_2/hdl/c_shift_ram_v12_0_vh_rfs.vhd:2634' bound to instance 'U0' of component 'c_shift_ram_v12_0_20' [/data/claude_sandbox/CRYSTALS-Kyber/Crystals-kyber/Crystals-kyber.gen/sources_1/ip/c_shift_ram_2/synth/c_shift_ram_2.vhd:126]
INFO: [Synth 8-256] done synthesizing module 'c_shift_ram_2' (0#1) [/data/claude_sandbox/CRYSTALS-Kyber/Crystals-kyber/Crystals-kyber.gen/sources_1/ip/c_shift_ram_2/synth/c_shift_ram_2.vhd:67]
INFO: [Synth 8-7129] Port a[3] in module c_shift_ram_v12_0_20_legacy is either unconnected or has no load
INFO: [Synth 8-7129] Port a[2] in module c_shift_ram_v12_0_20_legacy is either unconnected or has no load
INFO: [Synth 8-7129] Port a[1] in module c_shift_ram_v12_0_20_legacy is either unconnected or has no load
INFO: [Synth 8-7129] Port a[0] in module c_shift_ram_v12_0_20_legacy is either unconnected or has no load
INFO: [Synth 8-7129] Port ce in module c_shift_ram_v12_0_20_legacy is either unconnected or has no load
INFO: [Synth 8-7129] Port aclr in module c_shift_ram_v12_0_20_legacy is either unconnected or has no load
INFO: [Synth 8-7129] Port aset in module c_shift_ram_v12_0_20_legacy is either unconnected or has no load
INFO: [Synth 8-7129] Port ainit in module c_shift_ram_v12_0_20_legacy is either unconnected or has no load
INFO: [Synth 8-7129] Port sclr in module c_shift_ram_v12_0_20_legacy is either unconnected or has no load
INFO: [Synth 8-7129] Port sset in module c_shift_ram_v12_0_20_legacy is either unconnected or has no load
INFO: [Synth 8-7129] Port sinit in module c_shift_ram_v12_0_20_legacy is either unconnected or has no load
---------------------------------------------------------------------------------
Finished RTL Elaboration : Time (s): cpu = 00:00:09 ; elapsed = 00:00:10 . Memory (MB): peak = 2295.000 ; gain = 581.500 ; free physical = 2912 ; free virtual = 60048
---------------------------------------------------------------------------------
---------------------------------------------------------------------------------
Start Handling Custom Attributes
---------------------------------------------------------------------------------
---------------------------------------------------------------------------------
Finished Handling Custom Attributes : Time (s): cpu = 00:00:09 ; elapsed = 00:00:10 . Memory (MB): peak = 2309.844 ; gain = 596.344 ; free physical = 2909 ; free virtual = 60046
---------------------------------------------------------------------------------
---------------------------------------------------------------------------------
Finished RTL Optimization Phase 1 : Time (s): cpu = 00:00:09 ; elapsed = 00:00:10 . Memory (MB): peak = 2309.844 ; gain = 596.344 ; free physical = 2909 ; free virtual = 60046
---------------------------------------------------------------------------------
Netlist sorting complete. Time (s): cpu = 00:00:00 ; elapsed = 00:00:00 . Memory (MB): peak = 2309.844 ; gain = 0.000 ; free physical = 2909 ; free virtual = 60046
INFO: [Project 1-570] Preparing netlist for logic optimization

Processing XDC Constraints
Initializing timing engine
Parsing XDC File [/data/claude_sandbox/CRYSTALS-Kyber/Crystals-kyber/Crystals-kyber.gen/sources_1/ip/c_shift_ram_2/c_shift_ram_2_ooc.xdc] for cell 'U0'
Finished Parsing XDC File [/data/claude_sandbox/CRYSTALS-Kyber/Crystals-kyber/Crystals-kyber.gen/sources_1/ip/c_shift_ram_2/c_shift_ram_2_ooc.xdc] for cell 'U0'
Parsing XDC File [/data/claude_sandbox/CRYSTALS-Kyber/Crystals-kyber/Crystals-kyber.runs/c_shift_ram_2_synth_1/dont_touch.xdc]
Finished Parsing XDC File [/data/claude_sandbox/CRYSTALS-Kyber/Crystals-kyber/Crystals-kyber.runs/c_shift_ram_2_synth_1/dont_touch.xdc]
Completed Processing XDC Constraints

Netlist sorting complete. Time (s): cpu = 00:00:00 ; elapsed = 00:00:00 . Memory (MB): peak = 2399.582 ; gain = 0.000 ; free physical = 2919 ; free virtual = 60057
INFO: [Project 1-111] Unisim Transformation Summary:
No Unisim elements were transformed.

Constraint Validation Runtime : Time (s): cpu = 00:00:00.04 ; elapsed = 00:00:00.03 . Memory (MB): peak = 2399.617 ; gain = 0.000 ; free physical = 2925 ; free virtual = 60063
INFO: [Designutils 20-5008] Incremental synthesis strategy off
---------------------------------------------------------------------------------
Finished Constraint Validation : Time (s): cpu = 00:00:21 ; elapsed = 00:00:21 . Memory (MB): peak = 2399.617 ; gain = 686.117 ; free physical = 2219 ; free virtual = 59378
---------------------------------------------------------------------------------
---------------------------------------------------------------------------------
Start Loading Part and Timing Information
---------------------------------------------------------------------------------
Loading part: xc7a35tcsg324-1
---------------------------------------------------------------------------------
Finished Loading Part and Timing Information : Time (s): cpu = 00:00:21 ; elapsed = 00:00:21 . Memory (MB): peak = 2407.586 ; gain = 694.086 ; free physical = 2211 ; free virtual = 59371
---------------------------------------------------------------------------------
---------------------------------------------------------------------------------
Start Applying 'set_property' XDC Constraints
---------------------------------------------------------------------------------
---------------------------------------------------------------------------------
Finished applying 'set_property' XDC Constraints : Time (s): cpu = 00:00:21 ; elapsed = 00:00:21 . Memory (MB): peak = 2407.586 ; gain = 694.086 ; free physical = 2211 ; free virtual = 59371
---------------------------------------------------------------------------------
---------------------------------------------------------------------------------
Finished RTL Optimization Phase 2 : Time (s): cpu = 00:00:21 ; elapsed = 00:00:21 . Memory (MB): peak = 2407.586 ; gain = 694.086 ; free physical = 2208 ; free virtual = 59369
---------------------------------------------------------------------------------
---------------------------------------------------------------------------------
Start RTL Component Statistics 
---------------------------------------------------------------------------------
---------------------------------------------------------------------------------
Finished RTL Component Statistics 
---------------------------------------------------------------------------------
---------------------------------------------------------------------------------
Start Part Resource Summary
---------------------------------------------------------------------------------
Part Resources:
DSPs: 90 (col length:60)
BRAMs: 100 (col length: RAMB18 60 RAMB36 30)
---------------------------------------------------------------------------------
Finished Part Resource Summary
---------------------------------------------------------------------------------
---------------------------------------------------------------------------------
Start Cross Boundary and Area Optimization
---------------------------------------------------------------------------------
INFO: [Synth 8-7129] Port a[3] in module c_shift_ram_v12_0_20_legacy is either unconnected or has no load
INFO: [Synth 8-7129] Port a[2] in module c_shift_ram_v12_0_20_legacy is either unconnected or has no load
INFO: [Synth 8-7129] Port a[1] in module c_shift_ram_v12_0_20_legacy is either unconnected or has no load
INFO: [Synth 8-7129] Port a[0] in module c_shift_ram_v12_0_20_legacy is either unconnected or has no load
INFO: [Synth 8-7129] Port ce in module c_shift_ram_v12_0_20_legacy is either unconnected or has no load
INFO: [Synth 8-7129] Port aclr in module c_shift_ram_v12_0_20_legacy is either unconnected or has no load
INFO: [Synth 8-7129] Port aset in module c_shift_ram_v12_0_20_legacy is either unconnected or has no load
INFO: [Synth 8-7129] Port ainit in module c_shift_ram_v12_0_20_legacy is either unconnected or has no load
INFO: [Synth 8-7129] Port sclr in module c_shift_ram_v12_0_20_legacy is either unconnected or has no load
INFO: [Synth 8-7129] Port sset in module c_shift_ram_v12_0_20_legacy is either unconnected or has no load
INFO: [Synth 8-7129] Port sinit in module c_shift_ram_v12_0_20_legacy is either unconnected or has no load
---------------------------------------------------------------------------------
Finished Cross Boundary and Area Optimization : Time (s): cpu = 00:00:22 ; elapsed = 00:00:23 . Memory (MB): peak = 2407.586 ; gain = 694.086 ; free physical = 2083 ; free virtual = 59244
---------------------------------------------------------------------------------
---------------------------------------------------------------------------------
Start Applying XDC Timing Constraints
---------------------------------------------------------------------------------
---------------------------------------------------------------------------------
Finished Applying XDC Timing Constraints : Time (s): cpu = 00:00:28 ; elapsed = 00:00:29 . Memory (MB): peak = 2442.586 ; gain = 729.086 ; free physical = 1287 ; free virtual = 58438
---------------------------------------------------------------------------------
---------------------------------------------------------------------------------
Start Timing Optimization
---------------------------------------------------------------------------------
---------------------------------------------------------------------------------
Finished Timing Optimization : Time (s): cpu = 00:00:28 ; elapsed = 00:00:29 . Memory (MB): peak = 2442.586 ; gain = 729.086 ; free physical = 1279 ; free virtual = 58430
---------------------------------------------------------------------------------
---------------------------------------------------------------------------------
Start Technology Mapping
---------------------------------------------------------------------------------
---------------------------------------------------------------------------------
Finished Technology Mapping : Time (s): cpu = 00:00:28 ; elapsed = 00:00:29 . Memory (MB): peak = 2452.602 ; gain = 739.102 ; free physical = 1242 ; free virtual = 58406
---------------------------------------------------------------------------------
---------------------------------------------------------------------------------
Start IO Insertion
---------------------------------------------------------------------------------
---------------------------------------------------------------------------------
Start Flattening Before IO Insertion
---------------------------------------------------------------------------------
---------------------------------------------------------------------------------
Finished Flattening Before IO Insertion
---------------------------------------------------------------------------------
---------------------------------------------------------------------------------
Start Final Netlist Cleanup
---------------------------------------------------------------------------------
---------------------------------------------------------------------------------
Finished Final Netlist Cleanup
---------------------------------------------------------------------------------
---------------------------------------------------------------------------------
Finished IO Insertion : Time (s): cpu = 00:00:33 ; elapsed = 00:00:34 . Memory (MB): peak = 2639.414 ; gain = 925.914 ; free physical = 1744 ; free virtual = 58961
---------------------------------------------------------------------------------
---------------------------------------------------------------------------------
Start Renaming Generated Instances
---------------------------------------------------------------------------------
---------------------------------------------------------------------------------
Finished Renaming Generated Instances : Time (s): cpu = 00:00:33 ; elapsed = 00:00:34 . Memory (MB): peak = 2639.414 ; gain = 925.914 ; free physical = 1764 ; free virtual = 58982
---------------------------------------------------------------------------------
---------------------------------------------------------------------------------
Start Rebuilding User Hierarchy
---------------------------------------------------------------------------------
---------------------------------------------------------------------------------
Finished Rebuilding User Hierarchy : Time (s): cpu = 00:00:33 ; elapsed = 00:00:34 . Memory (MB): peak = 2639.414 ; gain = 925.914 ; free physical = 1835 ; free virtual = 59053
---------------------------------------------------------------------------------
---------------------------------------------------------------------------------
Start Renaming Generated Ports
---------------------------------------------------------------------------------
---------------------------------------------------------------------------------
Finished Renaming Generated Ports : Time (s): cpu = 00:00:33 ; elapsed = 00:00:34 . Memory (MB): peak = 2639.414 ; gain = 925.914 ; free physical = 1867 ; free virtual = 59084
---------------------------------------------------------------------------------
---------------------------------------------------------------------------------
Start Handling Custom Attributes
---------------------------------------------------------------------------------
---------------------------------------------------------------------------------
Finished Handling Custom Attributes : Time (s): cpu = 00:00:33 ; elapsed = 00:00:34 . Memory (MB): peak = 2639.414 ; gain = 925.914 ; free physical = 1906 ; free virtual = 59124
---------------------------------------------------------------------------------
---------------------------------------------------------------------------------
Start Renaming Generated Nets
---------------------------------------------------------------------------------
---------------------------------------------------------------------------------
Finished Renaming Generated Nets : Time (s): cpu = 00:00:33 ; elapsed = 00:00:34 . Memory (MB): peak = 2639.414 ; gain = 925.914 ; free physical = 1922 ; free virtual = 59139
---------------------------------------------------------------------------------
---------------------------------------------------------------------------------
Start Writing Synthesis Report
---------------------------------------------------------------------------------

Report BlackBoxes: 
+-+--------------+----------+
| |BlackBox name |Instances |
+-+--------------+----------+
+-+--------------+----------+

Report Cell Usage: 
+------+-------+------+
|      |Cell   |Count |
+------+-------+------+
|1     |SRL16E |     2|
|2     |FDRE   |     4|
+------+-------+------+
---------------------------------------------------------------------------------
Finished Writing Synthesis Report : Time (s): cpu = 00:00:33 ; elapsed = 00:00:34 . Memory (MB): peak = 2639.414 ; gain = 925.914 ; free physical = 1953 ; free virtual = 59171
---------------------------------------------------------------------------------
Synthesis finished with 0 errors, 0 critical warnings and 0 warnings.
Synthesis Optimization Runtime : Time (s): cpu = 00:00:31 ; elapsed = 00:00:32 . Memory (MB): peak = 2639.414 ; gain = 836.141 ; free physical = 2497 ; free virtual = 59710
Synthesis Optimization Complete : Time (s): cpu = 00:00:34 ; elapsed = 00:00:34 . Memory (MB): peak = 2639.422 ; gain = 925.914 ; free physical = 2496 ; free virtual = 59709
INFO: [Project 1-571] Translating synthesized netlist
Netlist sorting complete. Time (s): cpu = 00:00:00 ; elapsed = 00:00:00.01 . Memory (MB): peak = 2639.422 ; gain = 0.000 ; free physical = 2485 ; free virtual = 59698
INFO: [Project 1-570] Preparing netlist for logic optimization
INFO: [Opt 31-138] Pushed 0 inverter(s) to 0 load pin(s).
Netlist sorting complete. Time (s): cpu = 00:00:00 ; elapsed = 00:00:00 . Memory (MB): peak = 2639.422 ; gain = 0.000 ; free physical = 2414 ; free virtual = 59964
INFO: [Project 1-111] Unisim Transformation Summary:
No Unisim elements were transformed.

Synth Design complete | Checksum: e94892d0
INFO: [Common 17-83] Releasing license: Synthesis
38 Infos, 0 Warnings, 0 Critical Warnings and 0 Errors encountered.
synth_design completed successfully
synth_design: Time (s): cpu = 00:00:44 ; elapsed = 00:00:39 . Memory (MB): peak = 2639.449 ; gain = 1003.410 ; free physical = 3740 ; free virtual = 61285
INFO: [Common 17-2834] synth_design peak Physical Memory [PSS] (MB): overall = 1586.172; main = 1561.108; forked = 188.991
INFO: [Common 17-2834] synth_design peak Virtual Memory [VSS] (MB): overall = 3475.496; main = 2639.418; forked = 988.891
Write ShapeDB Complete: Time (s): cpu = 00:00:00 ; elapsed = 00:00:00 . Memory (MB): peak = 2663.426 ; gain = 0.000 ; free physical = 3710 ; free virtual = 61278
INFO: [Common 17-1381] The checkpoint '/data/claude_sandbox/CRYSTALS-Kyber/Crystals-kyber/Crystals-kyber.runs/c_shift_ram_2_synth_1/c_shift_ram_2.dcp' has been generated.
INFO: [Coretcl 2-1648] Added synthesis output to IP cache for IP c_shift_ram_2, cache-ID = 00ed6e4095798c3e
INFO: [Coretcl 2-1174] Renamed 3 cell refs.
Write ShapeDB Complete: Time (s): cpu = 00:00:00 ; elapsed = 00:00:00.01 . Memory (MB): peak = 2663.426 ; gain = 0.000 ; free physical = 5155 ; free virtual = 62746
INFO: [Common 17-1381] The checkpoint '/data/claude_sandbox/CRYSTALS-Kyber/Crystals-kyber/Crystals-kyber.runs/c_shift_ram_2_synth_1/c_shift_ram_2.dcp' has been generated.
INFO: [Vivado 12-24828] Executing command : report_utilization -file c_shift_ram_2_utilization_synth.rpt -pb c_shift_ram_2_utilization_synth.pb
INFO: [Common 17-206] Exiting Vivado at Mon May  4 17:48:33 2026...
