#-----------------------------------------------------------
# Vivado v2025.2 (64-bit)
# SW Build 6299465 on Fri Nov 14 12:34:56 MST 2025
# IP Build 6300035 on Fri Nov 14 10:48:45 MST 2025
# SharedData Build 6298862 on Thu Nov 13 04:50:51 MST 2025
# Start of session at: Thu Apr  9 09:49:35 2026
# Process ID         : 595417
# Current directory  : /home/lincoln/Documents/ECE/470/Kyber/CRYSTALS-Kyber/Crystals-kyber/Crystals-kyber.runs/c_shift_ram_2_synth_1
# Command line       : vivado -log c_shift_ram_2.vds -product Vivado -mode batch -messageDb vivado.pb -notrace -source c_shift_ram_2.tcl
# Log file           : /home/lincoln/Documents/ECE/470/Kyber/CRYSTALS-Kyber/Crystals-kyber/Crystals-kyber.runs/c_shift_ram_2_synth_1/c_shift_ram_2.vds
# Journal file       : /home/lincoln/Documents/ECE/470/Kyber/CRYSTALS-Kyber/Crystals-kyber/Crystals-kyber.runs/c_shift_ram_2_synth_1/vivado.jou
# Running On         : xanadu
# Platform           : ManjaroLinux
# Operating System   : Manjaro Linux
# Processor Detail   : Intel(R) Core(TM) Ultra 9 185H
# CPU Frequency      : 4072.262 MHz
# CPU Physical cores : 16
# CPU Logical cores  : 16
# Host memory        : 33240 MB
# Swap memory        : 51522 MB
# Total Virtual      : 84762 MB
# Available Virtual  : 61745 MB
#-----------------------------------------------------------
source c_shift_ram_2.tcl -notrace
