Copyright 1986-2022 Xilinx, Inc. All Rights Reserved. Copyright 2022-2025 Advanced Micro Devices, Inc. All Rights Reserved.
---------------------------------------------------------------------------------------------------------------------------------------------
| Tool Version : Vivado v.2025.2 (lin64) Build 6299465 Fri Nov 14 12:34:56 MST 2025
| Date         : Fri May 29 14:13:26 2026
| Host         : xanadu running 64-bit Manjaro Linux
| Command      : report_timing_summary -file /data/claude_sandbox/CRYSTALS-Kyber/Crystals-kyber/synth_timing_summary.rpt
| Design       : Kyber_top_protected
| Device       : 7a35t-csg324
| Speed File   : -1  PRODUCTION 1.23 2018-06-13
| Design State : Synthesized
---------------------------------------------------------------------------------------------------------------------------------------------

Timing Summary Report

------------------------------------------------------------------------------------------------
| Timer Settings
| --------------
------------------------------------------------------------------------------------------------

  Enable Multi Corner Analysis               :  Yes
  Enable Pessimism Removal                   :  Yes
  Pessimism Removal Resolution               :  Nearest Common Node
  Enable Input Delay Default Clock           :  No
  Enable Preset / Clear Arcs                 :  No
  Disable Flight Delays                      :  No
  Ignore I/O Paths                           :  No
  Timing Early Launch at Borrowing Latches   :  No
  Borrow Time for Max Delay Exceptions       :  Yes
  Merge Timing Exceptions                    :  Yes
  Inter-SLR Compensation                     :  Conservative

  Corner  Analyze    Analyze    
  Name    Max Paths  Min Paths  
  ------  ---------  ---------  
  Slow    Yes        Yes        
  Fast    Yes        Yes        


------------------------------------------------------------------------------------------------
| Report Methodology
| ------------------
------------------------------------------------------------------------------------------------

No report available as report_methodology has not been run prior. Run report_methodology on the current design for the summary of methodology violations.



check_timing report

Table of Contents
-----------------
1. checking no_clock (0)
2. checking constant_clock (0)
3. checking pulse_width_clock (0)
4. checking unconstrained_internal_endpoints (0)
5. checking no_input_delay (5)
6. checking no_output_delay (70)
7. checking multiple_clock (0)
8. checking generated_clocks (0)
9. checking loops (0)
10. checking partial_input_delay (0)
11. checking partial_output_delay (0)
12. checking latch_loops (0)

1. checking no_clock (0)
------------------------
 There are 0 register/latch pins with no clock.


2. checking constant_clock (0)
------------------------------
 There are 0 register/latch pins with constant_clock.


3. checking pulse_width_clock (0)
---------------------------------
 There are 0 register/latch pins which need pulse_width check


4. checking unconstrained_internal_endpoints (0)
------------------------------------------------
 There are 0 pins that are not constrained for maximum delay.

 There are 0 pins that are not constrained for maximum delay due to constant clock.


5. checking no_input_delay (5)
------------------------------
 There are 5 input ports with no input delay specified. (HIGH)

 There are 0 input ports with no input delay but user has a false path constraint.


6. checking no_output_delay (70)
--------------------------------
 There are 70 ports with no output delay specified. (HIGH)

 There are 0 ports with no output delay but user has a false path constraint

 There are 0 ports with no output delay but with a timing clock defined on it or propagating through it


7. checking multiple_clock (0)
------------------------------
 There are 0 register/latch pins with multiple clocks.


8. checking generated_clocks (0)
--------------------------------
 There are 0 generated clocks that are not connected to a clock source.


9. checking loops (0)
---------------------
 There are 0 combinational loops in the design.


10. checking partial_input_delay (0)
------------------------------------
 There are 0 input ports with partial input delay specified.


11. checking partial_output_delay (0)
-------------------------------------
 There are 0 ports with partial output delay specified.


12. checking latch_loops (0)
----------------------------
 There are 0 combinational latch loops in the design through latch input



------------------------------------------------------------------------------------------------
| Design Timing Summary
| ---------------------
------------------------------------------------------------------------------------------------

    WNS(ns)      TNS(ns)  TNS Failing Endpoints  TNS Total Endpoints      WHS(ns)      THS(ns)  THS Failing Endpoints  THS Total Endpoints     WPWS(ns)     TPWS(ns)  TPWS Failing Endpoints  TPWS Total Endpoints  
    -------      -------  ---------------------  -------------------      -------      -------  ---------------------  -------------------     --------     --------  ----------------------  --------------------  
     -7.310    -7964.005                   5091               139490        0.061        0.000                      0               139490        1.750        0.000                       0                 58915  


Timing constraints are not met.


------------------------------------------------------------------------------------------------
| Clock Summary
| -------------
------------------------------------------------------------------------------------------------

Clock  Waveform(ns)         Period(ns)      Frequency(MHz)
-----  ------------         ----------      --------------
clk    {0.000 3.000}        6.000           166.667         


------------------------------------------------------------------------------------------------
| Intra Clock Table
| -----------------
------------------------------------------------------------------------------------------------

Clock             WNS(ns)      TNS(ns)  TNS Failing Endpoints  TNS Total Endpoints      WHS(ns)      THS(ns)  THS Failing Endpoints  THS Total Endpoints     WPWS(ns)     TPWS(ns)  TPWS Failing Endpoints  TPWS Total Endpoints  
-----             -------      -------  ---------------------  -------------------      -------      -------  ---------------------  -------------------     --------     --------  ----------------------  --------------------  
clk                -7.310    -2083.209                    731               119566        0.061        0.000                      0               119566        1.750        0.000                       0                 58915  


------------------------------------------------------------------------------------------------
| Inter Clock Table
| -----------------
------------------------------------------------------------------------------------------------

From Clock    To Clock          WNS(ns)      TNS(ns)  TNS Failing Endpoints  TNS Total Endpoints      WHS(ns)      THS(ns)  THS Failing Endpoints  THS Total Endpoints  
----------    --------          -------      -------  ---------------------  -------------------      -------      -------  ---------------------  -------------------  


------------------------------------------------------------------------------------------------
| Other Path Groups Table
| -----------------------
------------------------------------------------------------------------------------------------

Path Group         From Clock         To Clock               WNS(ns)      TNS(ns)  TNS Failing Endpoints  TNS Total Endpoints      WHS(ns)      THS(ns)  THS Failing Endpoints  THS Total Endpoints  
----------         ----------         --------               -------      -------  ---------------------  -------------------      -------      -------  ---------------------  -------------------  
**async_default**  clk                clk                     -1.358    -5880.796                   4360                19924        0.710        0.000                      0                19924  


------------------------------------------------------------------------------------------------
| Timing Details
| --------------
------------------------------------------------------------------------------------------------


---------------------------------------------------------------------------------------------------
From Clock:  clk
  To Clock:  clk

Setup :          731  Failing Endpoints,  Worst Slack       -7.310ns,  Total Violation    -2083.209ns
Hold  :            0  Failing Endpoints,  Worst Slack        0.061ns,  Total Violation        0.000ns
PW    :            0  Failing Endpoints,  Worst Slack        1.750ns,  Total Violation        0.000ns
---------------------------------------------------------------------------------------------------


Max Delay Paths
--------------------------------------------------------------------------------------
Slack (VIOLATED) :        -7.310ns  (required time - arrival time)
  Source:                 gen_masking.core/S/ntt/rdata_RAM_mux1_r1_m_reg[1]/C
                            (rising edge-triggered cell FDRE clocked by clk  {rise@0.000ns fall@3.000ns period=6.000ns})
  Destination:            gen_masking.core/S/ntt/u_mcd1_lo/u_x2x/MaskConv_2SHARE_inst/genblk04[0].genblk1[2].D_reg_expand/q_reg[11]/D
                            (falling edge-triggered cell FDCE clocked by clk  {rise@0.000ns fall@3.000ns period=6.000ns})
  Path Group:             clk
  Path Type:              Setup (Max at Slow Process Corner)
  Requirement:            3.000ns  (clk fall@3.000ns - clk rise@0.000ns)
  Data Path Delay:        10.162ns  (logic 3.684ns (36.253%)  route 6.478ns (63.747%))
  Logic Levels:           13  (CARRY4=4 LUT2=2 LUT3=2 LUT4=3 LUT6=2)
  Clock Path Skew:        -0.145ns (DCD - SCD + CPR)
    Destination Clock Delay (DCD):    2.129ns = ( 5.129 - 3.000 ) 
    Source Clock Delay      (SCD):    2.453ns
    Clock Pessimism Removal (CPR):    0.179ns
  Clock Uncertainty:      0.035ns  ((TSJ^2 + TIJ^2)^1/2 + DJ) / 2 + PE
    Total System Jitter     (TSJ):    0.071ns
    Total Input Jitter      (TIJ):    0.000ns
    Discrete Jitter          (DJ):    0.000ns
    Phase Error              (PE):    0.000ns

    Location             Delay type                Incr(ns)  Path(ns)    Netlist Resource(s)
  -------------------------------------------------------------------    -------------------
                         (clock clk rise edge)        0.000     0.000 r  
                                                      0.000     0.000 r  clk_base_i (IN)
                         net (fo=0)                   0.000     0.000    clk_base_i
                         IBUF (Prop_ibuf_I_O)         0.973     0.973 r  clk_base_i_IBUF_inst/O
                         net (fo=1, unplaced)         0.800     1.773    clk_base_i_IBUF
                         BUFG (Prop_bufg_I_O)         0.096     1.869 r  clk_base_i_IBUF_BUFG_inst/O
                         net (fo=58934, unplaced)     0.584     2.453    gen_masking.core/S/ntt/clk_base_i_IBUF_BUFG
                         FDRE                                         r  gen_masking.core/S/ntt/rdata_RAM_mux1_r1_m_reg[1]/C
  -------------------------------------------------------------------    -------------------
                         FDRE (Prop_fdre_C_Q)         0.478     2.931 r  gen_masking.core/S/ntt/rdata_RAM_mux1_r1_m_reg[1]/Q
                         net (fo=10, unplaced)        0.513     3.444    gen_masking.core/S/ntt/rdata_RAM_mux1_r1_m[1]
                         LUT2 (Prop_lut2_I0_O)        0.295     3.739 r  gen_masking.core/S/ntt/u_mcd1_lo_i_105/O
                         net (fo=1, unplaced)         0.000     3.739    gen_masking.core/S/ntt/u_mcd1_lo_i_105_n_0
                         CARRY4 (Prop_carry4_S[1]_O[2])
                                                      0.578     4.317 f  gen_masking.core/S/ntt/u_mcd1_lo_i_40/O[2]
                         net (fo=4, unplaced)         0.929     5.246    gen_masking.core/S/ntt/u_mcd1_lo_i_40_n_5
                         LUT4 (Prop_lut4_I3_O)        0.301     5.547 f  gen_masking.core/S/ntt/u_mcd1_lo_i_74/O
                         net (fo=1, unplaced)         0.902     6.449    gen_masking.core/S/ntt/u_mcd1_lo_i_74_n_0
                         LUT6 (Prop_lut6_I3_O)        0.124     6.573 r  gen_masking.core/S/ntt/u_mcd1_lo_i_33/O
                         net (fo=12, unplaced)        0.950     7.523    gen_masking.core/S/ntt/u_mcd1_lo_i_33_n_0
                         LUT4 (Prop_lut4_I0_O)        0.124     7.647 f  gen_masking.core/S/ntt/u_mcd1_lo_i_17/O
                         net (fo=4, unplaced)         1.135     8.782    gen_masking.core/S/ntt/u_mcd1_lo/c_m[7]
                         LUT6 (Prop_lut6_I4_O)        0.124     8.906 r  gen_masking.core/S/ntt/u_mcd1_lo/u_x2x_i_29/O
                         net (fo=24, unplaced)        0.513     9.419    gen_masking.core/S/ntt/u_mcd1_lo/u_x2x_i_29_n_0
                         LUT3 (Prop_lut3_I0_O)        0.124     9.543 r  gen_masking.core/S/ntt/u_mcd1_lo/u_x2x_i_27/O
                         net (fo=1, unplaced)         0.000     9.543    gen_masking.core/S/ntt/u_mcd1_lo/u_x2x_i_27_n_0
                         CARRY4 (Prop_carry4_S[1]_CO[3])
                                                      0.533    10.076 r  gen_masking.core/S/ntt/u_mcd1_lo/u_x2x_i_4/CO[3]
                         net (fo=1, unplaced)         0.009    10.085    gen_masking.core/S/ntt/u_mcd1_lo/u_x2x_i_4_n_0
                         CARRY4 (Prop_carry4_CI_CO[3])
                                                      0.117    10.202 r  gen_masking.core/S/ntt/u_mcd1_lo/u_x2x_i_3/CO[3]
                         net (fo=1, unplaced)         0.000    10.202    gen_masking.core/S/ntt/u_mcd1_lo/u_x2x_i_3_n_0
                         CARRY4 (Prop_carry4_CI_O[3])
                                                      0.331    10.533 r  gen_masking.core/S/ntt/u_mcd1_lo/u_x2x_i_2/O[3]
                         net (fo=2, unplaced)         0.629    11.162    gen_masking.core/S/ntt/u_mcd1_lo/u_x2x/MaskConv_2SHARE_inst/original_data[0][1][11]
                         LUT3 (Prop_lut3_I0_O)        0.307    11.469 r  gen_masking.core/S/ntt/u_mcd1_lo/u_x2x/MaskConv_2SHARE_inst/genblk04[0].EXPAND_inst_i_2/O
                         net (fo=1, unplaced)         0.449    11.918    gen_masking.core/S/ntt/u_mcd1_lo/u_x2x/MaskConv_2SHARE_inst/genblk04[0].EXPAND_inst/a[1][11]
                         LUT2 (Prop_lut2_I1_O)        0.124    12.042 r  gen_masking.core/S/ntt/u_mcd1_lo/u_x2x/MaskConv_2SHARE_inst/genblk04[0].EXPAND_inst/c[1][11]_INST_0/O
                         net (fo=1, unplaced)         0.449    12.491    gen_masking.core/S/ntt/u_mcd1_lo/u_x2x/MaskConv_2SHARE_inst/output_expand[0][1][11]
                         LUT4 (Prop_lut4_I2_O)        0.124    12.615 r  gen_masking.core/S/ntt/u_mcd1_lo/u_x2x/MaskConv_2SHARE_inst/genblk04[0].genblk1[2].D_reg_expand_i_2/O
                         net (fo=1, unplaced)         0.000    12.615    gen_masking.core/S/ntt/u_mcd1_lo/u_x2x/MaskConv_2SHARE_inst/genblk04[0].genblk1[2].D_reg_expand/d[11]
                         FDCE                                         r  gen_masking.core/S/ntt/u_mcd1_lo/u_x2x/MaskConv_2SHARE_inst/genblk04[0].genblk1[2].D_reg_expand/q_reg[11]/D
  -------------------------------------------------------------------    -------------------

                         (clock clk fall edge)        3.000     3.000 f  
                                                      0.000     3.000 f  clk_base_i (IN)
                         net (fo=0)                   0.000     3.000    clk_base_i
                         IBUF (Prop_ibuf_I_O)         0.840     3.840 f  clk_base_i_IBUF_inst/O
                         net (fo=1, unplaced)         0.760     4.599    clk_base_i_IBUF
                         BUFG (Prop_bufg_I_O)         0.091     4.690 f  clk_base_i_IBUF_BUFG_inst/O
                         net (fo=58934, unplaced)     0.439     5.129    gen_masking.core/S/ntt/u_mcd1_lo/u_x2x/MaskConv_2SHARE_inst/genblk04[0].genblk1[2].D_reg_expand/clk
                         FDCE                                         r  gen_masking.core/S/ntt/u_mcd1_lo/u_x2x/MaskConv_2SHARE_inst/genblk04[0].genblk1[2].D_reg_expand/q_reg[11]/C  (IS_INVERTED)
                         clock pessimism              0.179     5.308    
                         clock uncertainty           -0.035     5.273    
                         FDCE (Setup_fdce_C_D)        0.032     5.305    gen_masking.core/S/ntt/u_mcd1_lo/u_x2x/MaskConv_2SHARE_inst/genblk04[0].genblk1[2].D_reg_expand/q_reg[11]
  -------------------------------------------------------------------
                         required time                          5.305    
                         arrival time                         -12.615    
  -------------------------------------------------------------------
                         slack                                 -7.310    





Min Delay Paths
--------------------------------------------------------------------------------------
Slack (MET) :             0.061ns  (arrival time - required time)
  Source:                 gen_masking.core/C/hash/hash/RoundFunction/Reg/Q_buf_reg[0]/C
                            (rising edge-triggered cell FDRE clocked by clk  {rise@0.000ns fall@3.000ns period=6.000ns})
  Destination:            Kyber_top_protected/Kyber_top_masked/Kyber_Client_masked/hash_core_Client/fifo_generator_8/<hidden>/<hidden>/<hidden>/<hidden>/<hidden>/<hidden>/<hidden>
                            (rising edge-triggered cell RAMD32 clocked by clk  {rise@0.000ns fall@3.000ns period=6.000ns})
  Path Group:             clk
  Path Type:              Hold (Min at Fast Process Corner)
  Requirement:            0.000ns  (clk rise@0.000ns - clk rise@0.000ns)
  Data Path Delay:        0.300ns  (logic 0.141ns (47.014%)  route 0.159ns (52.986%))
  Logic Levels:           0  
  Clock Path Skew:        0.145ns (DCD - SCD - CPR)
    Destination Clock Delay (DCD):    1.034ns
    Source Clock Delay      (SCD):    0.679ns
    Clock Pessimism Removal (CPR):    0.210ns

    Location             Delay type                Incr(ns)  Path(ns)    Netlist Resource(s)
  -------------------------------------------------------------------    -------------------
                         (clock clk rise edge)        0.000     0.000 r  
                                                      0.000     0.000 r  clk_base_i (IN)
                         net (fo=0)                   0.000     0.000    clk_base_i
                         IBUF (Prop_ibuf_I_O)         0.202     0.202 r  clk_base_i_IBUF_inst/O
                         net (fo=1, unplaced)         0.337     0.539    clk_base_i_IBUF
                         BUFG (Prop_bufg_I_O)         0.026     0.565 r  clk_base_i_IBUF_BUFG_inst/O
                         net (fo=58934, unplaced)     0.114     0.679    gen_masking.core/C/hash/hash/RoundFunction/Reg/clk_base_i_IBUF_BUFG
                         FDRE                                         r  gen_masking.core/C/hash/hash/RoundFunction/Reg/Q_buf_reg[0]/C
  -------------------------------------------------------------------    -------------------
                         FDRE (Prop_fdre_C_Q)         0.141     0.820 r  gen_masking.core/C/hash/hash/RoundFunction/Reg/Q_buf_reg[0]/Q
                         net (fo=10, unplaced)        0.159     0.979    Kyber_top_protected/Kyber_top_masked/Kyber_Client_masked/hash_core_Client/fifo_generator_8/<hidden>/<hidden>/<hidden>/<hidden>/<hidden>/<hidden>/<hidden>
                         RAMD32                                       r  Kyber_top_protected/Kyber_top_masked/Kyber_Client_masked/hash_core_Client/fifo_generator_8/<hidden>/<hidden>/<hidden>/<hidden>/<hidden>/<hidden>/<hidden>
  -------------------------------------------------------------------    -------------------

                         (clock clk rise edge)        0.000     0.000 r  
                                                      0.000     0.000 r  clk_base_i (IN)
                         net (fo=0)                   0.000     0.000    clk_base_i
                         IBUF (Prop_ibuf_I_O)         0.391     0.391 r  clk_base_i_IBUF_inst/O
                         net (fo=1, unplaced)         0.355     0.746    clk_base_i_IBUF
                         BUFG (Prop_bufg_I_O)         0.029     0.775 r  clk_base_i_IBUF_BUFG_inst/O
                         net (fo=58934, unplaced)     0.259     1.034    Kyber_top_protected/Kyber_top_masked/Kyber_Client_masked/hash_core_Client/fifo_generator_8/<hidden>/<hidden>/<hidden>/<hidden>/<hidden>/<hidden>/<hidden>
                         RAMD32                                       r  Kyber_top_protected/Kyber_top_masked/Kyber_Client_masked/hash_core_Client/fifo_generator_8/<hidden>/<hidden>/<hidden>/<hidden>/<hidden>/<hidden>/<hidden>
                         clock pessimism             -0.210     0.824    
                         RAMD32 (Hold_ramd32_CLK_I)
                                                      0.094     0.918    Kyber_top_protected/Kyber_top_masked/Kyber_Client_masked/hash_core_Client/fifo_generator_8/<hidden>/<hidden>/<hidden>/<hidden>/<hidden>/<hidden>/<hidden>
  -------------------------------------------------------------------
                         required time                         -0.918    
                         arrival time                           0.979    
  -------------------------------------------------------------------
                         slack                                  0.061    





Pulse Width Checks
--------------------------------------------------------------------------------------
Clock Name:         clk
Waveform(ns):       { 0.000 3.000 }
Period(ns):         6.000
Sources:            { clk_base_i }

Check Type        Corner  Lib Pin             Reference Pin  Required(ns)  Actual(ns)  Slack(ns)  Location  Pin
Min Period        n/a     RAMB18E1/CLKARDCLK  n/a            2.944         6.000       3.056                gen_masking.core/C/ntt/RAM0/U0/inst_blk_mem_gen/gnbram.gnativebmg.native_blk_mem_gen/valid.cstr/ramloop[0].ram.r/prim_noinit.ram/DEVICE_7SERIES.NO_BMM_INFO.SDP.WIDE_PRIM18.ram/CLKARDCLK
Low Pulse Width   Slow    RAMD64E/CLK         n/a            1.250         3.000       1.750                Kyber_top_protected/Kyber_top_masked/Kyber_Client_masked/fifo_generator_6/<hidden>/<hidden>/<hidden>/<hidden>/<hidden>/<hidden>/<hidden>
High Pulse Width  Slow    RAMD64E/CLK         n/a            1.250         3.000       1.750                Kyber_top_protected/Kyber_top_masked/Kyber_Client_masked/fifo_generator_6/<hidden>/<hidden>/<hidden>/<hidden>/<hidden>/<hidden>/<hidden>



---------------------------------------------------------------------------------------------------
Path Group:  **async_default**
From Clock:  clk
  To Clock:  clk

Setup :         4360  Failing Endpoints,  Worst Slack       -1.358ns,  Total Violation    -5880.796ns
Hold  :            0  Failing Endpoints,  Worst Slack        0.710ns,  Total Violation        0.000ns
---------------------------------------------------------------------------------------------------


Max Delay Paths
--------------------------------------------------------------------------------------
Slack (VIOLATED) :        -1.358ns  (required time - arrival time)
  Source:                 gen_masking.rst_cnt_reg[0]/C
                            (rising edge-triggered cell FDSE clocked by clk  {rise@0.000ns fall@3.000ns period=6.000ns})
  Destination:            gen_masking.core/S/ntt/u_mcd1_hi/u_x2x/MaskConv_2SHARE_inst/genblk04[0].genblk1[0].D_reg_expand/q_reg[0]/CLR
                            (recovery check against rising-edge clock clk  {rise@0.000ns fall@3.000ns period=6.000ns})
  Path Group:             **async_default**
  Path Type:              Recovery (Max at Slow Process Corner)
  Requirement:            3.000ns  (clk fall@3.000ns - clk rise@0.000ns)
  Data Path Delay:        3.772ns  (logic 0.999ns (26.485%)  route 2.773ns (73.515%))
  Logic Levels:           3  (LUT1=2 LUT4=1)
  Clock Path Skew:        -0.145ns (DCD - SCD + CPR)
    Destination Clock Delay (DCD):    2.129ns = ( 5.129 - 3.000 ) 
    Source Clock Delay      (SCD):    2.453ns
    Clock Pessimism Removal (CPR):    0.179ns
  Clock Uncertainty:      0.035ns  ((TSJ^2 + TIJ^2)^1/2 + DJ) / 2 + PE
    Total System Jitter     (TSJ):    0.071ns
    Total Input Jitter      (TIJ):    0.000ns
    Discrete Jitter          (DJ):    0.000ns
    Phase Error              (PE):    0.000ns

    Location             Delay type                Incr(ns)  Path(ns)    Netlist Resource(s)
  -------------------------------------------------------------------    -------------------
                         (clock clk rise edge)        0.000     0.000 r  
                                                      0.000     0.000 r  clk_base_i (IN)
                         net (fo=0)                   0.000     0.000    clk_base_i
                         IBUF (Prop_ibuf_I_O)         0.973     0.973 r  clk_base_i_IBUF_inst/O
                         net (fo=1, unplaced)         0.800     1.773    clk_base_i_IBUF
                         BUFG (Prop_bufg_I_O)         0.096     1.869 r  clk_base_i_IBUF_BUFG_inst/O
                         net (fo=58934, unplaced)     0.584     2.453    clk_base_i_IBUF_BUFG
                         FDSE                                         r  gen_masking.rst_cnt_reg[0]/C
  -------------------------------------------------------------------    -------------------
                         FDSE (Prop_fdse_C_Q)         0.456     2.909 f  gen_masking.rst_cnt_reg[0]/Q
                         net (fo=5, unplaced)         0.769     3.678    gen_masking.core/S/ntt/u_mcd1_prng/PRNG_2SHARE_inst/prng_inst/gen_masking.rst_cnt_reg[0]
                         LUT4 (Prop_lut4_I1_O)        0.295     3.973 f  gen_masking.core/S/ntt/u_mcd1_prng/PRNG_2SHARE_inst/prng_inst/mcdN_all_done_prev_i_2/O
                         net (fo=1840, unplaced)      0.589     4.562    gen_masking.core/S/ntt/gen_masking.rst_cnt_reg_1_sn_1
                         LUT1 (Prop_lut1_I0_O)        0.124     4.686 r  gen_masking.core/S/ntt/u_mask_i_1/O
                         net (fo=2801, unplaced)      0.589     5.275    gen_masking.core/S/ntt/u_mcd1_hi/u_x2x/MaskConv_2SHARE_inst/genblk04[0].genblk1[0].D_reg_expand/rst_n
                         LUT1 (Prop_lut1_I0_O)        0.124     5.399 f  gen_masking.core/S/ntt/u_mcd1_hi/u_x2x/MaskConv_2SHARE_inst/genblk04[0].genblk1[0].D_reg_expand/q[12]_i_1/O
                         net (fo=13, unplaced)        0.826     6.225    gen_masking.core/S/ntt/u_mcd1_hi/u_x2x/MaskConv_2SHARE_inst/genblk04[0].genblk1[0].D_reg_expand/q[12]_i_1_n_0
                         FDCE                                         f  gen_masking.core/S/ntt/u_mcd1_hi/u_x2x/MaskConv_2SHARE_inst/genblk04[0].genblk1[0].D_reg_expand/q_reg[0]/CLR
  -------------------------------------------------------------------    -------------------

                         (clock clk fall edge)        3.000     3.000 f  
                                                      0.000     3.000 f  clk_base_i (IN)
                         net (fo=0)                   0.000     3.000    clk_base_i
                         IBUF (Prop_ibuf_I_O)         0.840     3.840 f  clk_base_i_IBUF_inst/O
                         net (fo=1, unplaced)         0.760     4.599    clk_base_i_IBUF
                         BUFG (Prop_bufg_I_O)         0.091     4.690 f  clk_base_i_IBUF_BUFG_inst/O
                         net (fo=58934, unplaced)     0.439     5.129    gen_masking.core/S/ntt/u_mcd1_hi/u_x2x/MaskConv_2SHARE_inst/genblk04[0].genblk1[0].D_reg_expand/clk
                         FDCE                                         r  gen_masking.core/S/ntt/u_mcd1_hi/u_x2x/MaskConv_2SHARE_inst/genblk04[0].genblk1[0].D_reg_expand/q_reg[0]/C  (IS_INVERTED)
                         clock pessimism              0.179     5.308    
                         clock uncertainty           -0.035     5.273    
                         FDCE (Recov_fdce_C_CLR)     -0.406     4.867    gen_masking.core/S/ntt/u_mcd1_hi/u_x2x/MaskConv_2SHARE_inst/genblk04[0].genblk1[0].D_reg_expand/q_reg[0]
  -------------------------------------------------------------------
                         required time                          4.867    
                         arrival time                          -6.225    
  -------------------------------------------------------------------
                         slack                                 -1.358    





Min Delay Paths
--------------------------------------------------------------------------------------
Slack (MET) :             0.710ns  (arrival time - required time)
  Source:                 gen_masking.rst_cnt_reg[3]/C
                            (rising edge-triggered cell FDSE clocked by clk  {rise@0.000ns fall@3.000ns period=6.000ns})
  Destination:            gen_masking.core/S/ntt/compress_done_reg/CLR
                            (removal check against rising-edge clock clk  {rise@0.000ns fall@3.000ns period=6.000ns})
  Path Group:             **async_default**
  Path Type:              Removal (Min at Fast Process Corner)
  Requirement:            0.000ns  (clk rise@0.000ns - clk rise@0.000ns)
  Data Path Delay:        0.761ns  (logic 0.239ns (31.413%)  route 0.522ns (68.587%))
  Logic Levels:           1  (LUT4=1)
  Clock Path Skew:        0.145ns (DCD - SCD - CPR)
    Destination Clock Delay (DCD):    1.034ns
    Source Clock Delay      (SCD):    0.679ns
    Clock Pessimism Removal (CPR):    0.210ns

    Location             Delay type                Incr(ns)  Path(ns)    Netlist Resource(s)
  -------------------------------------------------------------------    -------------------
                         (clock clk rise edge)        0.000     0.000 r  
                                                      0.000     0.000 r  clk_base_i (IN)
                         net (fo=0)                   0.000     0.000    clk_base_i
                         IBUF (Prop_ibuf_I_O)         0.202     0.202 r  clk_base_i_IBUF_inst/O
                         net (fo=1, unplaced)         0.337     0.539    clk_base_i_IBUF
                         BUFG (Prop_bufg_I_O)         0.026     0.565 r  clk_base_i_IBUF_BUFG_inst/O
                         net (fo=58934, unplaced)     0.114     0.679    clk_base_i_IBUF_BUFG
                         FDSE                                         r  gen_masking.rst_cnt_reg[3]/C
  -------------------------------------------------------------------    -------------------
                         FDSE (Prop_fdse_C_Q)         0.141     0.820 f  gen_masking.rst_cnt_reg[3]/Q
                         net (fo=2, unplaced)         0.136     0.956    gen_masking.core/S/ntt/u_mcd1_prng/PRNG_2SHARE_inst/prng_inst/gen_masking.rst_cnt_reg[3]
                         LUT4 (Prop_lut4_I3_O)        0.098     1.054 f  gen_masking.core/S/ntt/u_mcd1_prng/PRNG_2SHARE_inst/prng_inst/mcdN_all_done_prev_i_2/O
                         net (fo=1840, unplaced)      0.386     1.440    gen_masking.core/S/ntt/gen_masking.rst_cnt_reg_1_sn_1
                         FDCE                                         f  gen_masking.core/S/ntt/compress_done_reg/CLR
  -------------------------------------------------------------------    -------------------

                         (clock clk rise edge)        0.000     0.000 r  
                                                      0.000     0.000 r  clk_base_i (IN)
                         net (fo=0)                   0.000     0.000    clk_base_i
                         IBUF (Prop_ibuf_I_O)         0.391     0.391 r  clk_base_i_IBUF_inst/O
                         net (fo=1, unplaced)         0.355     0.746    clk_base_i_IBUF
                         BUFG (Prop_bufg_I_O)         0.029     0.775 r  clk_base_i_IBUF_BUFG_inst/O
                         net (fo=58934, unplaced)     0.259     1.034    gen_masking.core/S/ntt/clk_base_i_IBUF_BUFG
                         FDCE                                         r  gen_masking.core/S/ntt/compress_done_reg/C
                         clock pessimism             -0.210     0.824    
                         FDCE (Remov_fdce_C_CLR)     -0.094     0.730    gen_masking.core/S/ntt/compress_done_reg
  -------------------------------------------------------------------
                         required time                         -0.730    
                         arrival time                           1.440    
  -------------------------------------------------------------------
                         slack                                  0.710    





