
*** Running vivado
    with args -log mult_gen_0.vds -m64 -product Vivado -mode batch -messageDb vivado.pb -notrace -source mult_gen_0.tcl


****** Vivado v2025.2 (64-bit)
  **** SW Build 6299465 on Fri Nov 14 12:34:56 MST 2025
  **** IP Build 6300035 on Fri Nov 14 10:48:45 MST 2025
  **** SharedData Build 6298862 on Thu Nov 13 04:50:51 MST 2025
  **** Start of session at: Mon May  4 17:45:34 2026
    ** Copyright 1986-2022 Xilinx, Inc. All Rights Reserved.
    ** Copyright 2022-2025 Advanced Micro Devices, Inc. All Rights Reserved.

source mult_gen_0.tcl -notrace
Command: synth_design -top mult_gen_0 -part xc7a35tcsg324-1 -incremental_mode off -mode out_of_context
Starting synth_design
Attempting to get a license for feature 'Synthesis' and/or device 'xc7a35t'
INFO: [Common 17-349] Got license for feature 'Synthesis' and/or device 'xc7a35t'
INFO: [Device 21-403] Loading part xc7a35tcsg324-1
INFO: [Synth 8-7079] Multithreading enabled for synth_design using a maximum of 7 processes.
INFO: [Synth 8-7078] Launching helper process for spawning children vivado processes
INFO: [Synth 8-7075] Helper process launched with PID 127980
---------------------------------------------------------------------------------
Starting RTL Elaboration : Time (s): cpu = 00:00:08 ; elapsed = 00:00:10 . Memory (MB): peak = 2194.023 ; gain = 482.875 ; free physical = 261 ; free virtual = 60418
---------------------------------------------------------------------------------
INFO: [Synth 8-638] synthesizing module 'mult_gen_0' [/data/claude_sandbox/CRYSTALS-Kyber/Crystals-kyber/Crystals-kyber.gen/sources_1/ip/mult_gen_0/synth/mult_gen_0.vhd:68]
WARNING: [Synth 8-5640] Port 'zero_detect' is missing in component declaration [/data/claude_sandbox/CRYSTALS-Kyber/Crystals-kyber/Crystals-kyber.gen/sources_1/ip/mult_gen_0/synth/mult_gen_0.vhd:71]
WARNING: [Synth 8-5640] Port 'pcasc' is missing in component declaration [/data/claude_sandbox/CRYSTALS-Kyber/Crystals-kyber/Crystals-kyber.gen/sources_1/ip/mult_gen_0/synth/mult_gen_0.vhd:71]
WARNING: [Synth 8-5640] Port 'pcasc_ext' is missing in component declaration [/data/claude_sandbox/CRYSTALS-Kyber/Crystals-kyber/Crystals-kyber.gen/sources_1/ip/mult_gen_0/synth/mult_gen_0.vhd:71]
	Parameter C_VERBOSITY bound to: 0 - type: integer 
	Parameter C_MODEL_TYPE bound to: 0 - type: integer 
	Parameter C_OPTIMIZE_GOAL bound to: 1 - type: integer 
	Parameter C_XDEVICEFAMILY bound to: artix7 - type: string 
	Parameter C_HAS_CE bound to: 0 - type: integer 
	Parameter C_HAS_SCLR bound to: 0 - type: integer 
	Parameter C_LATENCY bound to: 1 - type: integer 
	Parameter C_A_WIDTH bound to: 12 - type: integer 
	Parameter C_A_TYPE bound to: 1 - type: integer 
	Parameter C_B_WIDTH bound to: 12 - type: integer 
	Parameter C_B_TYPE bound to: 1 - type: integer 
	Parameter C_OUT_HIGH bound to: 23 - type: integer 
	Parameter C_OUT_LOW bound to: 0 - type: integer 
	Parameter C_MULT_TYPE bound to: 1 - type: integer 
	Parameter C_CE_OVERRIDES_SCLR bound to: 0 - type: integer 
	Parameter C_CCM_IMP bound to: 0 - type: integer 
	Parameter C_B_VALUE bound to: 10000001 - type: string 
	Parameter C_HAS_ZERO_DETECT bound to: 0 - type: integer 
	Parameter C_ROUND_OUTPUT bound to: 0 - type: integer 
	Parameter C_ROUND_PT bound to: 0 - type: integer 
INFO: [Synth 8-3491] module 'mult_gen_v12_0_24' declared at '/data/claude_sandbox/CRYSTALS-Kyber/Crystals-kyber/Crystals-kyber.gen/sources_1/ip/mult_gen_0/hdl/mult_gen_v12_0_vh_rfs.vhd:21527' bound to instance 'U0' of component 'mult_gen_v12_0_24' [/data/claude_sandbox/CRYSTALS-Kyber/Crystals-kyber/Crystals-kyber.gen/sources_1/ip/mult_gen_0/synth/mult_gen_0.vhd:125]
INFO: [Synth 8-256] done synthesizing module 'mult_gen_0' (0#1) [/data/claude_sandbox/CRYSTALS-Kyber/Crystals-kyber/Crystals-kyber.gen/sources_1/ip/mult_gen_0/synth/mult_gen_0.vhd:68]
INFO: [Synth 8-7129] Port CLK in module delay_line is either unconnected or has no load
INFO: [Synth 8-7129] Port CE in module delay_line is either unconnected or has no load
INFO: [Synth 8-7129] Port SCLR in module delay_line is either unconnected or has no load
INFO: [Synth 8-7129] Port C_PORT[47] in module dsp is either unconnected or has no load
INFO: [Synth 8-7129] Port C_PORT[46] in module dsp is either unconnected or has no load
INFO: [Synth 8-7129] Port C_PORT[45] in module dsp is either unconnected or has no load
INFO: [Synth 8-7129] Port C_PORT[44] in module dsp is either unconnected or has no load
INFO: [Synth 8-7129] Port C_PORT[43] in module dsp is either unconnected or has no load
INFO: [Synth 8-7129] Port C_PORT[42] in module dsp is either unconnected or has no load
INFO: [Synth 8-7129] Port C_PORT[41] in module dsp is either unconnected or has no load
INFO: [Synth 8-7129] Port C_PORT[40] in module dsp is either unconnected or has no load
INFO: [Synth 8-7129] Port C_PORT[39] in module dsp is either unconnected or has no load
INFO: [Synth 8-7129] Port C_PORT[38] in module dsp is either unconnected or has no load
INFO: [Synth 8-7129] Port C_PORT[37] in module dsp is either unconnected or has no load
INFO: [Synth 8-7129] Port C_PORT[36] in module dsp is either unconnected or has no load
INFO: [Synth 8-7129] Port C_PORT[35] in module dsp is either unconnected or has no load
INFO: [Synth 8-7129] Port C_PORT[34] in module dsp is either unconnected or has no load
INFO: [Synth 8-7129] Port C_PORT[33] in module dsp is either unconnected or has no load
INFO: [Synth 8-7129] Port C_PORT[32] in module dsp is either unconnected or has no load
INFO: [Synth 8-7129] Port C_PORT[31] in module dsp is either unconnected or has no load
INFO: [Synth 8-7129] Port C_PORT[30] in module dsp is either unconnected or has no load
INFO: [Synth 8-7129] Port C_PORT[29] in module dsp is either unconnected or has no load
INFO: [Synth 8-7129] Port C_PORT[28] in module dsp is either unconnected or has no load
INFO: [Synth 8-7129] Port C_PORT[27] in module dsp is either unconnected or has no load
INFO: [Synth 8-7129] Port C_PORT[26] in module dsp is either unconnected or has no load
INFO: [Synth 8-7129] Port C_PORT[25] in module dsp is either unconnected or has no load
INFO: [Synth 8-7129] Port C_PORT[24] in module dsp is either unconnected or has no load
INFO: [Synth 8-7129] Port C_PORT[23] in module dsp is either unconnected or has no load
INFO: [Synth 8-7129] Port C_PORT[22] in module dsp is either unconnected or has no load
INFO: [Synth 8-7129] Port C_PORT[21] in module dsp is either unconnected or has no load
INFO: [Synth 8-7129] Port C_PORT[20] in module dsp is either unconnected or has no load
INFO: [Synth 8-7129] Port C_PORT[19] in module dsp is either unconnected or has no load
INFO: [Synth 8-7129] Port C_PORT[18] in module dsp is either unconnected or has no load
INFO: [Synth 8-7129] Port C_PORT[17] in module dsp is either unconnected or has no load
INFO: [Synth 8-7129] Port C_PORT[16] in module dsp is either unconnected or has no load
INFO: [Synth 8-7129] Port C_PORT[15] in module dsp is either unconnected or has no load
INFO: [Synth 8-7129] Port C_PORT[14] in module dsp is either unconnected or has no load
INFO: [Synth 8-7129] Port C_PORT[13] in module dsp is either unconnected or has no load
INFO: [Synth 8-7129] Port C_PORT[12] in module dsp is either unconnected or has no load
INFO: [Synth 8-7129] Port C_PORT[11] in module dsp is either unconnected or has no load
INFO: [Synth 8-7129] Port C_PORT[10] in module dsp is either unconnected or has no load
INFO: [Synth 8-7129] Port C_PORT[9] in module dsp is either unconnected or has no load
INFO: [Synth 8-7129] Port C_PORT[8] in module dsp is either unconnected or has no load
INFO: [Synth 8-7129] Port C_PORT[7] in module dsp is either unconnected or has no load
INFO: [Synth 8-7129] Port C_PORT[6] in module dsp is either unconnected or has no load
INFO: [Synth 8-7129] Port C_PORT[5] in module dsp is either unconnected or has no load
INFO: [Synth 8-7129] Port C_PORT[4] in module dsp is either unconnected or has no load
INFO: [Synth 8-7129] Port C_PORT[3] in module dsp is either unconnected or has no load
INFO: [Synth 8-7129] Port C_PORT[2] in module dsp is either unconnected or has no load
INFO: [Synth 8-7129] Port C_PORT[1] in module dsp is either unconnected or has no load
INFO: [Synth 8-7129] Port C_PORT[0] in module dsp is either unconnected or has no load
INFO: [Synth 8-7129] Port D_PORT[24] in module dsp is either unconnected or has no load
INFO: [Synth 8-7129] Port D_PORT[23] in module dsp is either unconnected or has no load
INFO: [Synth 8-7129] Port D_PORT[22] in module dsp is either unconnected or has no load
INFO: [Synth 8-7129] Port D_PORT[21] in module dsp is either unconnected or has no load
INFO: [Synth 8-7129] Port D_PORT[20] in module dsp is either unconnected or has no load
INFO: [Synth 8-7129] Port D_PORT[19] in module dsp is either unconnected or has no load
INFO: [Synth 8-7129] Port D_PORT[18] in module dsp is either unconnected or has no load
INFO: [Synth 8-7129] Port D_PORT[17] in module dsp is either unconnected or has no load
INFO: [Synth 8-7129] Port D_PORT[16] in module dsp is either unconnected or has no load
INFO: [Synth 8-7129] Port D_PORT[15] in module dsp is either unconnected or has no load
INFO: [Synth 8-7129] Port D_PORT[14] in module dsp is either unconnected or has no load
INFO: [Synth 8-7129] Port D_PORT[13] in module dsp is either unconnected or has no load
INFO: [Synth 8-7129] Port D_PORT[12] in module dsp is either unconnected or has no load
INFO: [Synth 8-7129] Port D_PORT[11] in module dsp is either unconnected or has no load
INFO: [Synth 8-7129] Port D_PORT[10] in module dsp is either unconnected or has no load
INFO: [Synth 8-7129] Port D_PORT[9] in module dsp is either unconnected or has no load
INFO: [Synth 8-7129] Port D_PORT[8] in module dsp is either unconnected or has no load
INFO: [Synth 8-7129] Port D_PORT[7] in module dsp is either unconnected or has no load
INFO: [Synth 8-7129] Port D_PORT[6] in module dsp is either unconnected or has no load
INFO: [Synth 8-7129] Port D_PORT[5] in module dsp is either unconnected or has no load
INFO: [Synth 8-7129] Port D_PORT[4] in module dsp is either unconnected or has no load
INFO: [Synth 8-7129] Port D_PORT[3] in module dsp is either unconnected or has no load
INFO: [Synth 8-7129] Port D_PORT[2] in module dsp is either unconnected or has no load
INFO: [Synth 8-7129] Port D_PORT[1] in module dsp is either unconnected or has no load
INFO: [Synth 8-7129] Port D_PORT[0] in module dsp is either unconnected or has no load
INFO: [Synth 8-7129] Port SUBTRACT in module dsp is either unconnected or has no load
INFO: [Synth 8-7129] Port CARRY_IN in module dsp is either unconnected or has no load
INFO: [Synth 8-7129] Port PCASC_IN[47] in module dsp is either unconnected or has no load
INFO: [Synth 8-7129] Port PCASC_IN[46] in module dsp is either unconnected or has no load
INFO: [Synth 8-7129] Port PCASC_IN[45] in module dsp is either unconnected or has no load
INFO: [Synth 8-7129] Port PCASC_IN[44] in module dsp is either unconnected or has no load
INFO: [Synth 8-7129] Port PCASC_IN[43] in module dsp is either unconnected or has no load
INFO: [Synth 8-7129] Port PCASC_IN[42] in module dsp is either unconnected or has no load
INFO: [Synth 8-7129] Port PCASC_IN[41] in module dsp is either unconnected or has no load
INFO: [Synth 8-7129] Port PCASC_IN[40] in module dsp is either unconnected or has no load
INFO: [Synth 8-7129] Port PCASC_IN[39] in module dsp is either unconnected or has no load
INFO: [Synth 8-7129] Port PCASC_IN[38] in module dsp is either unconnected or has no load
INFO: [Synth 8-7129] Port PCASC_IN[37] in module dsp is either unconnected or has no load
INFO: [Synth 8-7129] Port PCASC_IN[36] in module dsp is either unconnected or has no load
INFO: [Synth 8-7129] Port PCASC_IN[35] in module dsp is either unconnected or has no load
INFO: [Synth 8-7129] Port PCASC_IN[34] in module dsp is either unconnected or has no load
INFO: [Synth 8-7129] Port PCASC_IN[33] in module dsp is either unconnected or has no load
INFO: [Synth 8-7129] Port PCASC_IN[32] in module dsp is either unconnected or has no load
INFO: [Synth 8-7129] Port PCASC_IN[31] in module dsp is either unconnected or has no load
INFO: [Synth 8-7129] Port PCASC_IN[30] in module dsp is either unconnected or has no load
INFO: [Synth 8-7129] Port PCASC_IN[29] in module dsp is either unconnected or has no load
INFO: [Synth 8-7129] Port PCASC_IN[28] in module dsp is either unconnected or has no load
INFO: [Synth 8-7129] Port PCASC_IN[27] in module dsp is either unconnected or has no load
INFO: [Synth 8-7129] Port PCASC_IN[26] in module dsp is either unconnected or has no load
INFO: [Common 17-14] Message 'Synth 8-7129' appears 100 times and further instances of the messages will be disabled. Use the Tcl command set_msg_config to change the current settings.
---------------------------------------------------------------------------------
Finished RTL Elaboration : Time (s): cpu = 00:00:13 ; elapsed = 00:00:15 . Memory (MB): peak = 2322.961 ; gain = 611.812 ; free physical = 243 ; free virtual = 59460
---------------------------------------------------------------------------------
---------------------------------------------------------------------------------
Start Handling Custom Attributes
---------------------------------------------------------------------------------
---------------------------------------------------------------------------------
Finished Handling Custom Attributes : Time (s): cpu = 00:00:13 ; elapsed = 00:00:15 . Memory (MB): peak = 2339.867 ; gain = 628.719 ; free physical = 290 ; free virtual = 59441
---------------------------------------------------------------------------------
---------------------------------------------------------------------------------
Finished RTL Optimization Phase 1 : Time (s): cpu = 00:00:13 ; elapsed = 00:00:15 . Memory (MB): peak = 2339.867 ; gain = 628.719 ; free physical = 290 ; free virtual = 59441
---------------------------------------------------------------------------------
Netlist sorting complete. Time (s): cpu = 00:00:00 ; elapsed = 00:00:00 . Memory (MB): peak = 2339.867 ; gain = 0.000 ; free physical = 274 ; free virtual = 59425
INFO: [Project 1-570] Preparing netlist for logic optimization

Processing XDC Constraints
Initializing timing engine
Parsing XDC File [/data/claude_sandbox/CRYSTALS-Kyber/Crystals-kyber/Crystals-kyber.gen/sources_1/ip/mult_gen_0/mult_gen_0_ooc.xdc] for cell 'U0'
Finished Parsing XDC File [/data/claude_sandbox/CRYSTALS-Kyber/Crystals-kyber/Crystals-kyber.gen/sources_1/ip/mult_gen_0/mult_gen_0_ooc.xdc] for cell 'U0'
Parsing XDC File [/data/claude_sandbox/CRYSTALS-Kyber/Crystals-kyber/Crystals-kyber.runs/mult_gen_0_synth_1/dont_touch.xdc]
Finished Parsing XDC File [/data/claude_sandbox/CRYSTALS-Kyber/Crystals-kyber/Crystals-kyber.runs/mult_gen_0_synth_1/dont_touch.xdc]
Completed Processing XDC Constraints

Netlist sorting complete. Time (s): cpu = 00:00:00 ; elapsed = 00:00:00 . Memory (MB): peak = 2425.332 ; gain = 0.000 ; free physical = 265 ; free virtual = 58886
INFO: [Project 1-111] Unisim Transformation Summary:
No Unisim elements were transformed.

Constraint Validation Runtime : Time (s): cpu = 00:00:00.03 ; elapsed = 00:00:00.02 . Memory (MB): peak = 2425.367 ; gain = 0.000 ; free physical = 265 ; free virtual = 58886
INFO: [Designutils 20-5008] Incremental synthesis strategy off
---------------------------------------------------------------------------------
Finished Constraint Validation : Time (s): cpu = 00:00:27 ; elapsed = 00:00:28 . Memory (MB): peak = 2425.367 ; gain = 714.219 ; free physical = 279 ; free virtual = 58885
---------------------------------------------------------------------------------
---------------------------------------------------------------------------------
Start Loading Part and Timing Information
---------------------------------------------------------------------------------
Loading part: xc7a35tcsg324-1
---------------------------------------------------------------------------------
Finished Loading Part and Timing Information : Time (s): cpu = 00:00:27 ; elapsed = 00:00:28 . Memory (MB): peak = 2433.336 ; gain = 722.188 ; free physical = 279 ; free virtual = 58885
---------------------------------------------------------------------------------
---------------------------------------------------------------------------------
Start Applying 'set_property' XDC Constraints
---------------------------------------------------------------------------------
---------------------------------------------------------------------------------
Finished applying 'set_property' XDC Constraints : Time (s): cpu = 00:00:27 ; elapsed = 00:00:28 . Memory (MB): peak = 2433.336 ; gain = 722.188 ; free physical = 279 ; free virtual = 58885
---------------------------------------------------------------------------------
---------------------------------------------------------------------------------
Finished RTL Optimization Phase 2 : Time (s): cpu = 00:00:27 ; elapsed = 00:00:29 . Memory (MB): peak = 2433.336 ; gain = 722.188 ; free physical = 277 ; free virtual = 58884
---------------------------------------------------------------------------------
---------------------------------------------------------------------------------
Start RTL Component Statistics 
---------------------------------------------------------------------------------
---------------------------------------------------------------------------------
Finished RTL Component Statistics 
---------------------------------------------------------------------------------
---------------------------------------------------------------------------------
Start Part Resource Summary
---------------------------------------------------------------------------------
Part Resources:
DSPs: 90 (col length:60)
BRAMs: 100 (col length: RAMB18 60 RAMB36 30)
---------------------------------------------------------------------------------
Finished Part Resource Summary
---------------------------------------------------------------------------------
---------------------------------------------------------------------------------
Start Cross Boundary and Area Optimization
---------------------------------------------------------------------------------
---------------------------------------------------------------------------------
Finished Cross Boundary and Area Optimization : Time (s): cpu = 00:00:29 ; elapsed = 00:00:31 . Memory (MB): peak = 2433.336 ; gain = 722.188 ; free physical = 264 ; free virtual = 58872
---------------------------------------------------------------------------------
 Sort Area is  gDSP.gDSP_only.iDSP/inferred_dsp.reg_mult.m_reg_reg_0 : 0 0 : 1784 1784 : Used 1 time 100
---------------------------------------------------------------------------------
Start Applying XDC Timing Constraints
---------------------------------------------------------------------------------
---------------------------------------------------------------------------------
Finished Applying XDC Timing Constraints : Time (s): cpu = 00:00:39 ; elapsed = 00:00:41 . Memory (MB): peak = 2501.336 ; gain = 790.188 ; free physical = 301 ; free virtual = 58092
---------------------------------------------------------------------------------
---------------------------------------------------------------------------------
Start Timing Optimization
---------------------------------------------------------------------------------
---------------------------------------------------------------------------------
Finished Timing Optimization : Time (s): cpu = 00:00:39 ; elapsed = 00:00:41 . Memory (MB): peak = 2502.336 ; gain = 791.188 ; free physical = 284 ; free virtual = 58076
---------------------------------------------------------------------------------
---------------------------------------------------------------------------------
Start Technology Mapping
---------------------------------------------------------------------------------
---------------------------------------------------------------------------------
Finished Technology Mapping : Time (s): cpu = 00:00:39 ; elapsed = 00:00:41 . Memory (MB): peak = 2519.359 ; gain = 808.211 ; free physical = 260 ; free virtual = 58052
---------------------------------------------------------------------------------
---------------------------------------------------------------------------------
Start IO Insertion
---------------------------------------------------------------------------------
---------------------------------------------------------------------------------
Start Flattening Before IO Insertion
---------------------------------------------------------------------------------
---------------------------------------------------------------------------------
Finished Flattening Before IO Insertion
---------------------------------------------------------------------------------
---------------------------------------------------------------------------------
Start Final Netlist Cleanup
---------------------------------------------------------------------------------
---------------------------------------------------------------------------------
Finished Final Netlist Cleanup
---------------------------------------------------------------------------------
---------------------------------------------------------------------------------
Finished IO Insertion : Time (s): cpu = 00:00:44 ; elapsed = 00:00:46 . Memory (MB): peak = 2703.172 ; gain = 992.023 ; free physical = 973 ; free virtual = 58135
---------------------------------------------------------------------------------
---------------------------------------------------------------------------------
Start Renaming Generated Instances
---------------------------------------------------------------------------------
---------------------------------------------------------------------------------
Finished Renaming Generated Instances : Time (s): cpu = 00:00:44 ; elapsed = 00:00:46 . Memory (MB): peak = 2703.172 ; gain = 992.023 ; free physical = 973 ; free virtual = 58135
---------------------------------------------------------------------------------
---------------------------------------------------------------------------------
Start Rebuilding User Hierarchy
---------------------------------------------------------------------------------
---------------------------------------------------------------------------------
Finished Rebuilding User Hierarchy : Time (s): cpu = 00:00:44 ; elapsed = 00:00:46 . Memory (MB): peak = 2703.172 ; gain = 992.023 ; free physical = 978 ; free virtual = 58140
---------------------------------------------------------------------------------
---------------------------------------------------------------------------------
Start Renaming Generated Ports
---------------------------------------------------------------------------------
---------------------------------------------------------------------------------
Finished Renaming Generated Ports : Time (s): cpu = 00:00:44 ; elapsed = 00:00:46 . Memory (MB): peak = 2703.172 ; gain = 992.023 ; free physical = 978 ; free virtual = 58140
---------------------------------------------------------------------------------
---------------------------------------------------------------------------------
Start Handling Custom Attributes
---------------------------------------------------------------------------------
---------------------------------------------------------------------------------
Finished Handling Custom Attributes : Time (s): cpu = 00:00:44 ; elapsed = 00:00:46 . Memory (MB): peak = 2703.172 ; gain = 992.023 ; free physical = 981 ; free virtual = 58143
---------------------------------------------------------------------------------
---------------------------------------------------------------------------------
Start Renaming Generated Nets
---------------------------------------------------------------------------------
---------------------------------------------------------------------------------
Finished Renaming Generated Nets : Time (s): cpu = 00:00:44 ; elapsed = 00:00:46 . Memory (MB): peak = 2703.172 ; gain = 992.023 ; free physical = 981 ; free virtual = 58143
---------------------------------------------------------------------------------
---------------------------------------------------------------------------------
Start Writing Synthesis Report
---------------------------------------------------------------------------------

DSP Final Report (the ' indicates corresponding REG is set)
+------------+-------------+--------+--------+--------+--------+--------+------+------+------+------+-------+------+------+
|Module Name | DSP Mapping | A Size | B Size | C Size | D Size | P Size | AREG | BREG | CREG | DREG | ADREG | MREG | PREG | 
+------------+-------------+--------+--------+--------+--------+--------+------+------+------+------+-------+------+------+
|dsp         | (A*B)'      | 12     | 12     | -      | -      | 24     | 0    | 0    | -    | -    | -     | 0    | 1    | 
+------------+-------------+--------+--------+--------+--------+--------+------+------+------+------+-------+------+------+


Report BlackBoxes: 
+-+--------------+----------+
| |BlackBox name |Instances |
+-+--------------+----------+
+-+--------------+----------+

Report Cell Usage: 
+------+--------+------+
|      |Cell    |Count |
+------+--------+------+
|1     |DSP48E1 |     1|
+------+--------+------+
---------------------------------------------------------------------------------
Finished Writing Synthesis Report : Time (s): cpu = 00:00:44 ; elapsed = 00:00:46 . Memory (MB): peak = 2703.172 ; gain = 992.023 ; free physical = 981 ; free virtual = 58143
---------------------------------------------------------------------------------
Synthesis finished with 0 errors, 0 critical warnings and 0 warnings.
Synthesis Optimization Runtime : Time (s): cpu = 00:00:39 ; elapsed = 00:00:41 . Memory (MB): peak = 2703.172 ; gain = 906.523 ; free physical = 972 ; free virtual = 58134
Synthesis Optimization Complete : Time (s): cpu = 00:00:44 ; elapsed = 00:00:47 . Memory (MB): peak = 2703.180 ; gain = 992.023 ; free physical = 972 ; free virtual = 58134
INFO: [Project 1-571] Translating synthesized netlist
Netlist sorting complete. Time (s): cpu = 00:00:00 ; elapsed = 00:00:00.01 . Memory (MB): peak = 2703.180 ; gain = 0.000 ; free physical = 968 ; free virtual = 58130
INFO: [Netlist 29-17] Analyzing 1 Unisim elements for replacement
INFO: [Netlist 29-28] Unisim Transformation completed in 0 CPU seconds
INFO: [Project 1-570] Preparing netlist for logic optimization
INFO: [Opt 31-138] Pushed 0 inverter(s) to 0 load pin(s).
Netlist sorting complete. Time (s): cpu = 00:00:00 ; elapsed = 00:00:00 . Memory (MB): peak = 2703.180 ; gain = 0.000 ; free physical = 1461 ; free virtual = 58624
INFO: [Project 1-111] Unisim Transformation Summary:
No Unisim elements were transformed.

Synth Design complete | Checksum: 9282b6ae
INFO: [Common 17-83] Releasing license: Synthesis
119 Infos, 3 Warnings, 0 Critical Warnings and 0 Errors encountered.
synth_design completed successfully
synth_design: Time (s): cpu = 00:00:54 ; elapsed = 00:00:52 . Memory (MB): peak = 2703.207 ; gain = 1082.395 ; free physical = 2741 ; free virtual = 59904
INFO: [Common 17-2834] synth_design peak Physical Memory [PSS] (MB): overall = 1615.883; main = 1615.883; forked = 187.695
INFO: [Common 17-2834] synth_design peak Virtual Memory [VSS] (MB): overall = 3475.234; main = 2703.176; forked = 988.895
INFO: [Common 17-1381] The checkpoint '/data/claude_sandbox/CRYSTALS-Kyber/Crystals-kyber/Crystals-kyber.runs/mult_gen_0_synth_1/mult_gen_0.dcp' has been generated.
INFO: [Coretcl 2-1648] Added synthesis output to IP cache for IP mult_gen_0, cache-ID = 3c56948133bbb9bd
INFO: [Coretcl 2-1174] Renamed 3 cell refs.
INFO: [Common 17-1381] The checkpoint '/data/claude_sandbox/CRYSTALS-Kyber/Crystals-kyber/Crystals-kyber.runs/mult_gen_0_synth_1/mult_gen_0.dcp' has been generated.
INFO: [Vivado 12-24828] Executing command : report_utilization -file mult_gen_0_utilization_synth.rpt -pb mult_gen_0_utilization_synth.pb
INFO: [Common 17-206] Exiting Vivado at Mon May  4 17:46:39 2026...
