#-----------------------------------------------------------
# Vivado v2025.2 (64-bit)
# SW Build 6299465 on Fri Nov 14 12:34:56 MST 2025
# IP Build 6300035 on Fri Nov 14 10:48:45 MST 2025
# SharedData Build 6298862 on Thu Nov 13 04:50:51 MST 2025
# Start of session at: Mon May  4 17:47:44 2026
# Process ID         : 133478
# Current directory  : /data/claude_sandbox/CRYSTALS-Kyber/Crystals-kyber/Crystals-kyber.runs/c_shift_ram_0_synth_1
# Command line       : vivado -log c_shift_ram_0.vds -product Vivado -mode batch -messageDb vivado.pb -notrace -source c_shift_ram_0.tcl
# Log file           : /data/claude_sandbox/CRYSTALS-Kyber/Crystals-kyber/Crystals-kyber.runs/c_shift_ram_0_synth_1/c_shift_ram_0.vds
# Journal file       : /data/claude_sandbox/CRYSTALS-Kyber/Crystals-kyber/Crystals-kyber.runs/c_shift_ram_0_synth_1/vivado.jou
# Running On         : xanadu
# Platform           : ManjaroLinux
# Operating System   : Manjaro Linux
# Processor Detail   : Intel(R) Core(TM) Ultra 9 185H
# CPU Frequency      : 1500.000 MHz
# CPU Physical cores : 16
# CPU Logical cores  : 16
# Host memory        : 33240 MB
# Swap memory        : 51522 MB
# Total Virtual      : 84762 MB
# Available Virtual  : 71687 MB
#-----------------------------------------------------------
source c_shift_ram_0.tcl -notrace
